ARM Linker, 5.03 [Build 76] [MDK-ARM Standard]

==============================================================================

Section Cross References

    startup_stm32l1xx_md.o(RESET) refers to startup_stm32l1xx_md.o(STACK) for __initial_sp
    startup_stm32l1xx_md.o(RESET) refers to startup_stm32l1xx_md.o(.text) for Reset_Handler
    startup_stm32l1xx_md.o(RESET) refers to stm32l1xx_it.o(.text) for NMI_Handler
    startup_stm32l1xx_md.o(RESET) refers to port.o(.emb_text) for vPortSVCHandler
    startup_stm32l1xx_md.o(RESET) refers to port.o(.text) for xPortSysTickHandler
    startup_stm32l1xx_md.o(RESET) refers to rtc.o(.text) for RTC_WKUP_IRQHandler
    startup_stm32l1xx_md.o(.text) refers to system_stm32l1xx.o(.text) for SystemInit
    startup_stm32l1xx_md.o(.text) refers to entry.o(.ARM.Collect$$$$00000000) for __main
    main.o(.text) refers to tasks.o(.text) for xTaskGetTickCount
    main.o(.text) refers to oled.o(.text) for OLED_Init
    main.o(.text) refers to sdcard.o(.text) for SD_Initialize
    main.o(.text) refers to sdcard.o(.data) for SD_Type
    stm32l1xx_gpio.o(.text) refers to stm32l1xx_rcc.o(.text) for RCC_AHBPeriphResetCmd
    stm32l1xx_rcc.o(.text) refers to stm32l1xx_rcc.o(.data) for PLLMulTable
    stm32l1xx_usart.o(.text) refers to stm32l1xx_rcc.o(.text) for RCC_APB2PeriphResetCmd
    stm32l1xx_pwr.o(.text) refers to stm32l1xx_rcc.o(.text) for RCC_APB1PeriphResetCmd
    stm32l1xx_spi.o(.text) refers to stm32l1xx_rcc.o(.text) for RCC_APB2PeriphResetCmd
    system_stm32l1xx.o(.text) refers to system_stm32l1xx.o(.data) for SystemCoreClock
    oled.o(.text) refers to stm32l1xx_gpio.o(.text) for GPIO_ResetBits
    oled.o(.text) refers to stm32l1xx_rcc.o(.text) for RCC_AHBPeriphClockCmd
    oled.o(.text) refers to tasks.o(.text) for vTaskDelay
    oled.o(.text) refers to oled.o(.bss) for OLED_GRAM
    oled.o(.text) refers to oled.o(.constdata) for oled_asc2_1206
    key.o(.text) refers to stm32l1xx_rcc.o(.text) for RCC_AHBPeriphClockCmd
    key.o(.text) refers to stm32l1xx_gpio.o(.text) for GPIO_Init
    key.o(.text) refers to tasks.o(.text) for vTaskDelay
    rtc.o(.text) refers to stm32l1xx_rtc.o(.text) for RTC_SetDate
    rtc.o(.text) refers to stm32l1xx_rcc.o(.text) for RCC_APB1PeriphClockCmd
    rtc.o(.text) refers to stm32l1xx_pwr.o(.text) for PWR_RTCAccessCmd
    rtc.o(.text) refers to tasks.o(.text) for vTaskDelay
    rtc.o(.text) refers to stm32l1xx_exti.o(.text) for EXTI_ClearITPendingBit
    rtc.o(.text) refers to misc.o(.text) for NVIC_Init
    rtc.o(.text) refers to oled.o(.text) for OLED_ShowNum
    rtc.o(.text) refers to rtc.o(.bss) for calendar
    sdcard.o(.text) refers to spi.o(.text) for SPI1_SetSpeed
    sdcard.o(.text) refers to stm32l1xx_gpio.o(.text) for GPIO_SetBits
    sdcard.o(.text) refers to sdcard.o(.data) for SD_Type
    spi.o(.text) refers to stm32l1xx_spi.o(.text) for SPI_I2S_GetFlagStatus
    spi.o(.text) refers to stm32l1xx_rcc.o(.text) for RCC_AHBPeriphClockCmd
    spi.o(.text) refers to stm32l1xx_gpio.o(.text) for GPIO_Init
    queue.o(.text) refers to list.o(.text) for vListInitialise
    queue.o(.text) refers to heap_2.o(.text) for pvPortMalloc
    queue.o(.text) refers to port.o(.text) for vPortEnterCritical
    queue.o(.text) refers to tasks.o(.text) for xTaskRemoveFromEventList
    queue.o(.text) refers to memcpya.o(.text) for __aeabi_memcpy
    queue.o(.text) refers to port.o(.emb_text) for vPortSetInterruptMask
    tasks.o(.text) refers to list.o(.text) for vListInitialise
    tasks.o(.text) refers to strncpy.o(.text) for strncpy
    tasks.o(.text) refers to heap_2.o(.text) for pvPortMalloc
    tasks.o(.text) refers to memseta.o(.text) for __aeabi_memset
    tasks.o(.text) refers to port.o(.text) for pxPortInitialiseStack
    tasks.o(.text) refers to tasks.o(.bss) for pxReadyTasksLists
    tasks.o(.text) refers to tasks.o(.data) for pxDelayedTaskList
    tasks.o(.text) refers to port.o(.emb_text) for vPortSetInterruptMask
    heap_2.o(.text) refers to tasks.o(.text) for vTaskSuspendAll
    heap_2.o(.text) refers to heap_2.o(.data) for xHeapHasBeenInitialised
    heap_2.o(.text) refers to heap_2.o(.bss) for xHeap
    port.o(.emb_text) refers to tasks.o(.text) for vTaskSwitchContext
    port.o(.emb_text) refers to tasks.o(.data) for pxCurrentTCB
    port.o(.text) refers to port.o(.emb_text) for vPortStartFirstTask
    port.o(.text) refers to tasks.o(.text) for vTaskIncrementTick
    port.o(.text) refers to port.o(.data) for uxCriticalNesting
    entry.o(.ARM.Collect$$$$00000000) refers (Special) to entry10a.o(.ARM.Collect$$$$0000000D) for __rt_final_cpp
    entry.o(.ARM.Collect$$$$00000000) refers (Special) to entry11a.o(.ARM.Collect$$$$0000000F) for __rt_final_exit
    entry.o(.ARM.Collect$$$$00000000) refers (Special) to entry7b.o(.ARM.Collect$$$$00000008) for _main_clock
    entry.o(.ARM.Collect$$$$00000000) refers (Special) to entry8b.o(.ARM.Collect$$$$0000000A) for _main_cpp_init
    entry.o(.ARM.Collect$$$$00000000) refers (Special) to entry9a.o(.ARM.Collect$$$$0000000B) for _main_init
    entry.o(.ARM.Collect$$$$00000000) refers (Special) to entry5.o(.ARM.Collect$$$$00000004) for _main_scatterload
    entry.o(.ARM.Collect$$$$00000000) refers (Special) to entry2.o(.ARM.Collect$$$$00000001) for _main_stk
    entry2.o(.ARM.Collect$$$$00000001) refers to entry2.o(.ARM.Collect$$$$00002712) for __lit__00000000
    entry2.o(.ARM.Collect$$$$00002712) refers to startup_stm32l1xx_md.o(STACK) for __initial_sp
    entry2.o(__vectab_stack_and_reset_area) refers to startup_stm32l1xx_md.o(STACK) for __initial_sp
    entry2.o(__vectab_stack_and_reset_area) refers to entry.o(.ARM.Collect$$$$00000000) for __main
    entry5.o(.ARM.Collect$$$$00000004) refers to init.o(.text) for __scatterload
    entry9a.o(.ARM.Collect$$$$0000000B) refers to main.o(.text) for main
    entry9b.o(.ARM.Collect$$$$0000000C) refers to main.o(.text) for main
    init.o(.text) refers to entry5.o(.ARM.Collect$$$$00000004) for __main_after_scatterload


==============================================================================

Removing Unused input sections from the image.

    Removing startup_stm32l1xx_md.o(HEAP), (512 bytes).
    Removing main.o(.rev16_text), (4 bytes).
    Removing main.o(.revsh_text), (4 bytes).
    Removing main.o(.data), (1 bytes).
    Removing stm32l1xx_it.o(.rev16_text), (4 bytes).
    Removing stm32l1xx_it.o(.revsh_text), (4 bytes).
    Removing stm32l1xx_gpio.o(.rev16_text), (4 bytes).
    Removing stm32l1xx_gpio.o(.revsh_text), (4 bytes).
    Removing stm32l1xx_rcc.o(.rev16_text), (4 bytes).
    Removing stm32l1xx_rcc.o(.revsh_text), (4 bytes).
    Removing stm32l1xx_usart.o(.rev16_text), (4 bytes).
    Removing stm32l1xx_usart.o(.revsh_text), (4 bytes).
    Removing stm32l1xx_usart.o(.text), (1016 bytes).
    Removing misc.o(.rev16_text), (4 bytes).
    Removing misc.o(.revsh_text), (4 bytes).
    Removing stm32l1xx_exti.o(.rev16_text), (4 bytes).
    Removing stm32l1xx_exti.o(.revsh_text), (4 bytes).
    Removing stm32l1xx_rtc.o(.rev16_text), (4 bytes).
    Removing stm32l1xx_rtc.o(.revsh_text), (4 bytes).
    Removing stm32l1xx_pwr.o(.rev16_text), (4 bytes).
    Removing stm32l1xx_pwr.o(.revsh_text), (4 bytes).
    Removing stm32l1xx_spi.o(.rev16_text), (4 bytes).
    Removing stm32l1xx_spi.o(.revsh_text), (4 bytes).
    Removing system_stm32l1xx.o(.rev16_text), (4 bytes).
    Removing system_stm32l1xx.o(.revsh_text), (4 bytes).
    Removing core_cm3.o(.emb_text), (32 bytes).
    Removing oled.o(.rev16_text), (4 bytes).
    Removing oled.o(.revsh_text), (4 bytes).
    Removing key.o(.rev16_text), (4 bytes).
    Removing key.o(.revsh_text), (4 bytes).
    Removing key.o(.text), (296 bytes).
    Removing rtc.o(.rev16_text), (4 bytes).
    Removing rtc.o(.revsh_text), (4 bytes).
    Removing sdcard.o(.rev16_text), (4 bytes).
    Removing sdcard.o(.revsh_text), (4 bytes).
    Removing spi.o(.rev16_text), (4 bytes).
    Removing spi.o(.revsh_text), (4 bytes).
    Removing queue.o(.text), (1376 bytes).

38 unused section(s) (total 3361 bytes) removed from the image.

==============================================================================

Image Symbol Table

    Local Symbols

    Symbol Name                              Value     Ov Type        Size  Object(Section)

    ../clib/microlib/init/entry.s            0x00000000   Number         0  entry9a.o ABSOLUTE
    ../clib/microlib/init/entry.s            0x00000000   Number         0  entry.o ABSOLUTE
    ../clib/microlib/init/entry.s            0x00000000   Number         0  entry11b.o ABSOLUTE
    ../clib/microlib/init/entry.s            0x00000000   Number         0  entry11a.o ABSOLUTE
    ../clib/microlib/init/entry.s            0x00000000   Number         0  entry10b.o ABSOLUTE
    ../clib/microlib/init/entry.s            0x00000000   Number         0  entry10a.o ABSOLUTE
    ../clib/microlib/init/entry.s            0x00000000   Number         0  entry8b.o ABSOLUTE
    ../clib/microlib/init/entry.s            0x00000000   Number         0  entry9b.o ABSOLUTE
    ../clib/microlib/init/entry.s            0x00000000   Number         0  entry8a.o ABSOLUTE
    ../clib/microlib/init/entry.s            0x00000000   Number         0  entry7b.o ABSOLUTE
    ../clib/microlib/init/entry.s            0x00000000   Number         0  entry7a.o ABSOLUTE
    ../clib/microlib/init/entry.s            0x00000000   Number         0  entry5.o ABSOLUTE
    ../clib/microlib/init/entry.s            0x00000000   Number         0  entry2.o ABSOLUTE
    ../clib/microlib/string/memcpy.c         0x00000000   Number         0  memcpya.o ABSOLUTE
    ../clib/microlib/string/memcpy.c         0x00000000   Number         0  memcpyb.o ABSOLUTE
    ../clib/microlib/string/memset.c         0x00000000   Number         0  memseta.o ABSOLUTE
    ../clib/microlib/string/strncpy.c        0x00000000   Number         0  strncpy.o ABSOLUTE
    ..\CMSIS\core_cm3.c                      0x00000000   Number         0  core_cm3.o ABSOLUTE
    ..\CMSIS\startup\startup_stm32l1xx_md.s  0x00000000   Number         0  startup_stm32l1xx_md.o ABSOLUTE
    ..\CMSIS\system_stm32l1xx.c              0x00000000   Number         0  system_stm32l1xx.o ABSOLUTE
    ..\FWlib\src\misc.c                      0x00000000   Number         0  misc.o ABSOLUTE
    ..\FWlib\src\stm32l1xx_exti.c            0x00000000   Number         0  stm32l1xx_exti.o ABSOLUTE
    ..\FWlib\src\stm32l1xx_gpio.c            0x00000000   Number         0  stm32l1xx_gpio.o ABSOLUTE
    ..\FWlib\src\stm32l1xx_pwr.c             0x00000000   Number         0  stm32l1xx_pwr.o ABSOLUTE
    ..\FWlib\src\stm32l1xx_rcc.c             0x00000000   Number         0  stm32l1xx_rcc.o ABSOLUTE
    ..\FWlib\src\stm32l1xx_rtc.c             0x00000000   Number         0  stm32l1xx_rtc.o ABSOLUTE
    ..\FWlib\src\stm32l1xx_spi.c             0x00000000   Number         0  stm32l1xx_spi.o ABSOLUTE
    ..\FWlib\src\stm32l1xx_usart.c           0x00000000   Number         0  stm32l1xx_usart.o ABSOLUTE
    ..\FreeRTOS\list.c                       0x00000000   Number         0  list.o ABSOLUTE
    ..\FreeRTOS\portable\MemMang\heap_2.c    0x00000000   Number         0  heap_2.o ABSOLUTE
    ..\FreeRTOS\portable\RVDS\ARM_CM3\port.c 0x00000000   Number         0  port.o ABSOLUTE
    ..\FreeRTOS\queue.c                      0x00000000   Number         0  queue.o ABSOLUTE
    ..\FreeRTOS\tasks.c                      0x00000000   Number         0  tasks.o ABSOLUTE
    ..\HARDWARE\KEY\KEY.c                    0x00000000   Number         0  key.o ABSOLUTE
    ..\HARDWARE\OLED\OLED.c                  0x00000000   Number         0  oled.o ABSOLUTE
    ..\HARDWARE\RTC\RTC.c                    0x00000000   Number         0  rtc.o ABSOLUTE
    ..\HARDWARE\SDcard\SDcard.c              0x00000000   Number         0  sdcard.o ABSOLUTE
    ..\HARDWARE\SDcard\SPI.c                 0x00000000   Number         0  spi.o ABSOLUTE
    ..\\CMSIS\\core_cm3.c                    0x00000000   Number         0  core_cm3.o ABSOLUTE
    ..\\CMSIS\\system_stm32l1xx.c            0x00000000   Number         0  system_stm32l1xx.o ABSOLUTE
    ..\\FWlib\\src\\misc.c                   0x00000000   Number         0  misc.o ABSOLUTE
    ..\\FWlib\\src\\stm32l1xx_exti.c         0x00000000   Number         0  stm32l1xx_exti.o ABSOLUTE
    ..\\FWlib\\src\\stm32l1xx_gpio.c         0x00000000   Number         0  stm32l1xx_gpio.o ABSOLUTE
    ..\\FWlib\\src\\stm32l1xx_pwr.c          0x00000000   Number         0  stm32l1xx_pwr.o ABSOLUTE
    ..\\FWlib\\src\\stm32l1xx_rcc.c          0x00000000   Number         0  stm32l1xx_rcc.o ABSOLUTE
    ..\\FWlib\\src\\stm32l1xx_rtc.c          0x00000000   Number         0  stm32l1xx_rtc.o ABSOLUTE
    ..\\FWlib\\src\\stm32l1xx_spi.c          0x00000000   Number         0  stm32l1xx_spi.o ABSOLUTE
    ..\\FWlib\\src\\stm32l1xx_usart.c        0x00000000   Number         0  stm32l1xx_usart.o ABSOLUTE
    ..\\FreeRTOS\\portable\\RVDS\\ARM_CM3\\port.c 0x00000000   Number         0  port.o ABSOLUTE
    ..\\HARDWARE\\KEY\\KEY.c                 0x00000000   Number         0  key.o ABSOLUTE
    ..\\HARDWARE\\OLED\\OLED.c               0x00000000   Number         0  oled.o ABSOLUTE
    ..\\HARDWARE\\RTC\\RTC.c                 0x00000000   Number         0  rtc.o ABSOLUTE
    ..\\HARDWARE\\SDcard\\SDcard.c           0x00000000   Number         0  sdcard.o ABSOLUTE
    ..\\HARDWARE\\SDcard\\SPI.c              0x00000000   Number         0  spi.o ABSOLUTE
    dc.s                                     0x00000000   Number         0  dc.o ABSOLUTE
    handlers.s                               0x00000000   Number         0  handlers.o ABSOLUTE
    init.s                                   0x00000000   Number         0  init.o ABSOLUTE
    main.c                                   0x00000000   Number         0  main.o ABSOLUTE
    main.c                                   0x00000000   Number         0  main.o ABSOLUTE
    stm32l1xx_it.c                           0x00000000   Number         0  stm32l1xx_it.o ABSOLUTE
    stm32l1xx_it.c                           0x00000000   Number         0  stm32l1xx_it.o ABSOLUTE
    RESET                                    0x08000000   Section      244  startup_stm32l1xx_md.o(RESET)
    .ARM.Collect$$$$00000000                 0x080000f4   Section        0  entry.o(.ARM.Collect$$$$00000000)
    .ARM.Collect$$$$00000001                 0x080000f4   Section        4  entry2.o(.ARM.Collect$$$$00000001)
    .ARM.Collect$$$$00000004                 0x080000f8   Section        4  entry5.o(.ARM.Collect$$$$00000004)
    .ARM.Collect$$$$00000008                 0x080000fc   Section        0  entry7b.o(.ARM.Collect$$$$00000008)
    .ARM.Collect$$$$0000000A                 0x080000fc   Section        0  entry8b.o(.ARM.Collect$$$$0000000A)
    .ARM.Collect$$$$0000000B                 0x080000fc   Section        8  entry9a.o(.ARM.Collect$$$$0000000B)
    .ARM.Collect$$$$0000000D                 0x08000104   Section        0  entry10a.o(.ARM.Collect$$$$0000000D)
    .ARM.Collect$$$$0000000F                 0x08000104   Section        0  entry11a.o(.ARM.Collect$$$$0000000F)
    .ARM.Collect$$$$00002712                 0x08000104   Section        4  entry2.o(.ARM.Collect$$$$00002712)
    __lit__00000000                          0x08000104   Data           4  entry2.o(.ARM.Collect$$$$00002712)
    .emb_text                                0x08000108   Section      140  port.o(.emb_text)
    .text                                    0x08000194   Section       36  startup_stm32l1xx_md.o(.text)
    .text                                    0x080001b8   Section        0  main.o(.text)
    .text                                    0x08000274   Section        0  stm32l1xx_it.o(.text)
    .text                                    0x080002a0   Section        0  stm32l1xx_gpio.o(.text)
    .text                                    0x080004dc   Section        0  stm32l1xx_rcc.o(.text)
    .text                                    0x0800096c   Section        0  misc.o(.text)
    .text                                    0x08000a50   Section        0  stm32l1xx_exti.o(.text)
    .text                                    0x08000b5c   Section        0  stm32l1xx_rtc.o(.text)
    RTC_ByteToBcd2                           0x08000def   Thumb Code    28  stm32l1xx_rtc.o(.text)
    RTC_Bcd2ToByte                           0x08000e0b   Thumb Code    22  stm32l1xx_rtc.o(.text)
    .text                                    0x0800189c   Section        0  stm32l1xx_pwr.o(.text)
    .text                                    0x080019f4   Section        0  stm32l1xx_spi.o(.text)
    .text                                    0x08001cf0   Section        0  system_stm32l1xx.o(.text)
    SetSysClock                              0x08001cf1   Thumb Code   248  system_stm32l1xx.o(.text)
    .text                                    0x08001f38   Section        0  oled.o(.text)
    .text                                    0x08002484   Section        0  rtc.o(.text)
    .text                                    0x080026b8   Section        0  sdcard.o(.text)
    .text                                    0x08002bec   Section        0  spi.o(.text)
    .text                                    0x08002d5c   Section        0  list.o(.text)
    .text                                    0x08002df0   Section        0  tasks.o(.text)
    prvInitialiseTaskLists                   0x08002df1   Thumb Code    64  tasks.o(.text)
    prvInitialiseTCBVariables                0x08002e31   Thumb Code    70  tasks.o(.text)
    prvAllocateTCBAndStack                   0x08002e77   Thumb Code    58  tasks.o(.text)
    prvAddCurrentTaskToDelayedList           0x08003141   Thumb Code    62  tasks.o(.text)
    prvCheckTasksWaitingTermination          0x080034fd   Thumb Code     2  tasks.o(.text)
    prvIdleTask                              0x080034ff   Thumb Code    20  tasks.o(.text)
    usTaskCheckFreeStackSpace                0x080036cd   Thumb Code    22  tasks.o(.text)
    .text                                    0x080037dc   Section        0  heap_2.o(.text)
    .text                                    0x080038f4   Section        0  port.o(.text)
    prvSetupTimerInterrupt                   0x0800390f   Thumb Code    16  port.o(.text)
    .text                                    0x080039a4   Section        0  memseta.o(.text)
    .text                                    0x080039c8   Section        0  strncpy.o(.text)
    .text                                    0x080039e0   Section       36  init.o(.text)
    i.__scatterload_copy                     0x08003a04   Section       14  handlers.o(i.__scatterload_copy)
    i.__scatterload_null                     0x08003a12   Section        2  handlers.o(i.__scatterload_null)
    i.__scatterload_zeroinit                 0x08003a14   Section       14  handlers.o(i.__scatterload_zeroinit)
    .constdata                               0x08003a22   Section     2660  oled.o(.constdata)
    .data                                    0x20000000   Section       25  stm32l1xx_rcc.o(.data)
    PLLMulTable                              0x20000000   Data           9  stm32l1xx_rcc.o(.data)
    APBAHBPrescTable                         0x20000009   Data          16  stm32l1xx_rcc.o(.data)
    .data                                    0x2000001c   Section       29  system_stm32l1xx.o(.data)
    .data                                    0x20000039   Section        1  sdcard.o(.data)
    .data                                    0x2000003c   Section       56  tasks.o(.data)
    uxCurrentNumberOfTasks                   0x20000040   Data           4  tasks.o(.data)
    xTickCount                               0x20000044   Data           4  tasks.o(.data)
    uxTopUsedPriority                        0x20000048   Data           4  tasks.o(.data)
    uxTopReadyPriority                       0x2000004c   Data           4  tasks.o(.data)
    xSchedulerRunning                        0x20000050   Data           4  tasks.o(.data)
    uxSchedulerSuspended                     0x20000054   Data           4  tasks.o(.data)
    uxMissedTicks                            0x20000058   Data           4  tasks.o(.data)
    xMissedYield                             0x2000005c   Data           4  tasks.o(.data)
    xNumOfOverflows                          0x20000060   Data           4  tasks.o(.data)
    uxTaskNumber                             0x20000064   Data           4  tasks.o(.data)
    xNextTaskUnblockTime                     0x20000068   Data           4  tasks.o(.data)
    pxDelayedTaskList                        0x2000006c   Data           4  tasks.o(.data)
    pxOverflowDelayedTaskList                0x20000070   Data           4  tasks.o(.data)
    .data                                    0x20000074   Section       24  heap_2.o(.data)
    xFreeBytesRemaining                      0x20000074   Data           4  heap_2.o(.data)
    xHeapHasBeenInitialised                  0x20000078   Data           4  heap_2.o(.data)
    xStart                                   0x2000007c   Data           8  heap_2.o(.data)
    xEnd                                     0x20000084   Data           8  heap_2.o(.data)
    .data                                    0x2000008c   Section        4  port.o(.data)
    uxCriticalNesting                        0x2000008c   Data           4  port.o(.data)
    .bss                                     0x20000090   Section      512  oled.o(.bss)
    .bss                                     0x20000290   Section       10  rtc.o(.bss)
    .bss                                     0x2000029c   Section      160  tasks.o(.bss)
    pxReadyTasksLists                        0x2000029c   Data          80  tasks.o(.bss)
    xDelayedTaskList1                        0x200002ec   Data          20  tasks.o(.bss)
    xDelayedTaskList2                        0x20000300   Data          20  tasks.o(.bss)
    xPendingReadyList                        0x20000314   Data          20  tasks.o(.bss)
    xSuspendedTaskList                       0x20000328   Data          20  tasks.o(.bss)
    .bss                                     0x20000340   Section     6144  heap_2.o(.bss)
    xHeap                                    0x20000340   Data        6144  heap_2.o(.bss)
    STACK                                    0x20001b40   Section     1024  startup_stm32l1xx_md.o(STACK)

    Global Symbols

    Symbol Name                              Value     Ov Type        Size  Object(Section)

    BuildAttributes$$THM_ISAv4$P$D$K$B$S$PE$A:L22UL41UL21$X:L11$S22US41US21$IEEE1$IW$USESV6$~STKCKD$USESV7$~SHL$OSPACE$EBA8$MICROLIB$REQ8$PRES8$EABIv2 0x00000000   Number         0  anon$$obj.o ABSOLUTE
    __ARM_use_no_argv                        0x00000000   Number         0  main.o ABSOLUTE
    __cpp_initialize__aeabi_                  - Undefined Weak Reference
    __cxa_finalize                            - Undefined Weak Reference
    __decompress                              - Undefined Weak Reference
    _clock_init                               - Undefined Weak Reference
    _microlib_exit                            - Undefined Weak Reference
    __Vectors_Size                           0x000000f4   Number         0  startup_stm32l1xx_md.o ABSOLUTE
    __Vectors                                0x08000000   Data           4  startup_stm32l1xx_md.o(RESET)
    __Vectors_End                            0x080000f4   Data           0  startup_stm32l1xx_md.o(RESET)
    __main                                   0x080000f5   Thumb Code     0  entry.o(.ARM.Collect$$$$00000000)
    _main_stk                                0x080000f5   Thumb Code     0  entry2.o(.ARM.Collect$$$$00000001)
    _main_scatterload                        0x080000f9   Thumb Code     0  entry5.o(.ARM.Collect$$$$00000004)
    __main_after_scatterload                 0x080000fd   Thumb Code     0  entry5.o(.ARM.Collect$$$$00000004)
    _main_clock                              0x080000fd   Thumb Code     0  entry7b.o(.ARM.Collect$$$$00000008)
    _main_cpp_init                           0x080000fd   Thumb Code     0  entry8b.o(.ARM.Collect$$$$0000000A)
    _main_init                               0x080000fd   Thumb Code     0  entry9a.o(.ARM.Collect$$$$0000000B)
    __rt_final_cpp                           0x08000105   Thumb Code     0  entry10a.o(.ARM.Collect$$$$0000000D)
    __rt_final_exit                          0x08000105   Thumb Code     0  entry11a.o(.ARM.Collect$$$$0000000F)
    vPortSVCHandler                          0x08000109   Thumb Code    28  port.o(.emb_text)
    vPortStartFirstTask                      0x08000129   Thumb Code    16  port.o(.emb_text)
    xPortPendSVHandler                       0x0800013d   Thumb Code    56  port.o(.emb_text)
    vPortSetInterruptMask                    0x08000179   Thumb Code    14  port.o(.emb_text)
    vPortClearInterruptMask                  0x08000187   Thumb Code    14  port.o(.emb_text)
    Reset_Handler                            0x08000195   Thumb Code     8  startup_stm32l1xx_md.o(.text)
    ADC1_IRQHandler                          0x080001af   Thumb Code     0  startup_stm32l1xx_md.o(.text)
    COMP_IRQHandler                          0x080001af   Thumb Code     0  startup_stm32l1xx_md.o(.text)
    DAC_IRQHandler                           0x080001af   Thumb Code     0  startup_stm32l1xx_md.o(.text)
    DMA1_Channel1_IRQHandler                 0x080001af   Thumb Code     0  startup_stm32l1xx_md.o(.text)
    DMA1_Channel2_IRQHandler                 0x080001af   Thumb Code     0  startup_stm32l1xx_md.o(.text)
    DMA1_Channel3_IRQHandler                 0x080001af   Thumb Code     0  startup_stm32l1xx_md.o(.text)
    DMA1_Channel4_IRQHandler                 0x080001af   Thumb Code     0  startup_stm32l1xx_md.o(.text)
    DMA1_Channel5_IRQHandler                 0x080001af   Thumb Code     0  startup_stm32l1xx_md.o(.text)
    DMA1_Channel6_IRQHandler                 0x080001af   Thumb Code     0  startup_stm32l1xx_md.o(.text)
    DMA1_Channel7_IRQHandler                 0x080001af   Thumb Code     0  startup_stm32l1xx_md.o(.text)
    EXTI0_IRQHandler                         0x080001af   Thumb Code     0  startup_stm32l1xx_md.o(.text)
    EXTI15_10_IRQHandler                     0x080001af   Thumb Code     0  startup_stm32l1xx_md.o(.text)
    EXTI1_IRQHandler                         0x080001af   Thumb Code     0  startup_stm32l1xx_md.o(.text)
    EXTI2_IRQHandler                         0x080001af   Thumb Code     0  startup_stm32l1xx_md.o(.text)
    EXTI3_IRQHandler                         0x080001af   Thumb Code     0  startup_stm32l1xx_md.o(.text)
    EXTI4_IRQHandler                         0x080001af   Thumb Code     0  startup_stm32l1xx_md.o(.text)
    EXTI9_5_IRQHandler                       0x080001af   Thumb Code     0  startup_stm32l1xx_md.o(.text)
    FLASH_IRQHandler                         0x080001af   Thumb Code     0  startup_stm32l1xx_md.o(.text)
    I2C1_ER_IRQHandler                       0x080001af   Thumb Code     0  startup_stm32l1xx_md.o(.text)
    I2C1_EV_IRQHandler                       0x080001af   Thumb Code     0  startup_stm32l1xx_md.o(.text)
    I2C2_ER_IRQHandler                       0x080001af   Thumb Code     0  startup_stm32l1xx_md.o(.text)
    I2C2_EV_IRQHandler                       0x080001af   Thumb Code     0  startup_stm32l1xx_md.o(.text)
    LCD_IRQHandler                           0x080001af   Thumb Code     0  startup_stm32l1xx_md.o(.text)
    PVD_IRQHandler                           0x080001af   Thumb Code     0  startup_stm32l1xx_md.o(.text)
    RCC_IRQHandler                           0x080001af   Thumb Code     0  startup_stm32l1xx_md.o(.text)
    RTC_Alarm_IRQHandler                     0x080001af   Thumb Code     0  startup_stm32l1xx_md.o(.text)
    SPI1_IRQHandler                          0x080001af   Thumb Code     0  startup_stm32l1xx_md.o(.text)
    SPI2_IRQHandler                          0x080001af   Thumb Code     0  startup_stm32l1xx_md.o(.text)
    TAMPER_STAMP_IRQHandler                  0x080001af   Thumb Code     0  startup_stm32l1xx_md.o(.text)
    TIM10_IRQHandler                         0x080001af   Thumb Code     0  startup_stm32l1xx_md.o(.text)
    TIM11_IRQHandler                         0x080001af   Thumb Code     0  startup_stm32l1xx_md.o(.text)
    TIM2_IRQHandler                          0x080001af   Thumb Code     0  startup_stm32l1xx_md.o(.text)
    TIM3_IRQHandler                          0x080001af   Thumb Code     0  startup_stm32l1xx_md.o(.text)
    TIM4_IRQHandler                          0x080001af   Thumb Code     0  startup_stm32l1xx_md.o(.text)
    TIM6_IRQHandler                          0x080001af   Thumb Code     0  startup_stm32l1xx_md.o(.text)
    TIM7_IRQHandler                          0x080001af   Thumb Code     0  startup_stm32l1xx_md.o(.text)
    TIM9_IRQHandler                          0x080001af   Thumb Code     0  startup_stm32l1xx_md.o(.text)
    USART1_IRQHandler                        0x080001af   Thumb Code     0  startup_stm32l1xx_md.o(.text)
    USART2_IRQHandler                        0x080001af   Thumb Code     0  startup_stm32l1xx_md.o(.text)
    USART3_IRQHandler                        0x080001af   Thumb Code     0  startup_stm32l1xx_md.o(.text)
    USB_FS_WKUP_IRQHandler                   0x080001af   Thumb Code     0  startup_stm32l1xx_md.o(.text)
    USB_HP_IRQHandler                        0x080001af   Thumb Code     0  startup_stm32l1xx_md.o(.text)
    USB_LP_IRQHandler                        0x080001af   Thumb Code     0  startup_stm32l1xx_md.o(.text)
    WWDG_IRQHandler                          0x080001af   Thumb Code     0  startup_stm32l1xx_md.o(.text)
    vTaskButtonHandle                        0x080001b9   Thumb Code   112  main.o(.text)
    main                                     0x08000229   Thumb Code    36  main.o(.text)
    NMI_Handler                              0x08000275   Thumb Code     2  stm32l1xx_it.o(.text)
    HardFault_Handler                        0x08000277   Thumb Code    16  stm32l1xx_it.o(.text)
    MemManage_Handler                        0x08000287   Thumb Code     4  stm32l1xx_it.o(.text)
    BusFault_Handler                         0x0800028b   Thumb Code     4  stm32l1xx_it.o(.text)
    UsageFault_Handler                       0x0800028f   Thumb Code     4  stm32l1xx_it.o(.text)
    SVC_Handler                              0x08000293   Thumb Code     2  stm32l1xx_it.o(.text)
    DebugMon_Handler                         0x08000295   Thumb Code     2  stm32l1xx_it.o(.text)
    PendSV_Handler                           0x08000297   Thumb Code     2  stm32l1xx_it.o(.text)
    SysTick_Handler                          0x08000299   Thumb Code     2  stm32l1xx_it.o(.text)
    GPIO_DeInit                              0x080002a1   Thumb Code   196  stm32l1xx_gpio.o(.text)
    GPIO_Init                                0x08000365   Thumb Code   144  stm32l1xx_gpio.o(.text)
    GPIO_StructInit                          0x080003f5   Thumb Code    18  stm32l1xx_gpio.o(.text)
    GPIO_PinLockConfig                       0x08000407   Thumb Code    34  stm32l1xx_gpio.o(.text)
    GPIO_ReadInputDataBit                    0x08000429   Thumb Code    18  stm32l1xx_gpio.o(.text)
    GPIO_ReadInputData                       0x0800043b   Thumb Code     6  stm32l1xx_gpio.o(.text)
    GPIO_ReadOutputDataBit                   0x08000441   Thumb Code    18  stm32l1xx_gpio.o(.text)
    GPIO_ReadOutputData                      0x08000453   Thumb Code     6  stm32l1xx_gpio.o(.text)
    GPIO_SetBits                             0x08000459   Thumb Code     4  stm32l1xx_gpio.o(.text)
    GPIO_ResetBits                           0x0800045d   Thumb Code     4  stm32l1xx_gpio.o(.text)
    GPIO_WriteBit                            0x08000461   Thumb Code    10  stm32l1xx_gpio.o(.text)
    GPIO_Write                               0x0800046b   Thumb Code     4  stm32l1xx_gpio.o(.text)
    GPIO_ToggleBits                          0x0800046f   Thumb Code     8  stm32l1xx_gpio.o(.text)
    GPIO_PinAFConfig                         0x08000477   Thumb Code    70  stm32l1xx_gpio.o(.text)
    RCC_DeInit                               0x080004dd   Thumb Code    74  stm32l1xx_rcc.o(.text)
    RCC_HSEConfig                            0x08000527   Thumb Code    14  stm32l1xx_rcc.o(.text)
    RCC_GetFlagStatus                        0x08000535   Thumb Code    48  stm32l1xx_rcc.o(.text)
    RCC_WaitForHSEStartUp                    0x08000565   Thumb Code    56  stm32l1xx_rcc.o(.text)
    RCC_AdjustMSICalibrationValue            0x0800059d   Thumb Code     8  stm32l1xx_rcc.o(.text)
    RCC_MSIRangeConfig                       0x080005a5   Thumb Code    20  stm32l1xx_rcc.o(.text)
    RCC_MSICmd                               0x080005b9   Thumb Code     6  stm32l1xx_rcc.o(.text)
    RCC_AdjustHSICalibrationValue            0x080005bf   Thumb Code    22  stm32l1xx_rcc.o(.text)
    RCC_HSICmd                               0x080005d5   Thumb Code     6  stm32l1xx_rcc.o(.text)
    RCC_LSEConfig                            0x080005db   Thumb Code    14  stm32l1xx_rcc.o(.text)
    RCC_LSICmd                               0x080005e9   Thumb Code     6  stm32l1xx_rcc.o(.text)
    RCC_PLLConfig                            0x080005ef   Thumb Code    16  stm32l1xx_rcc.o(.text)
    RCC_PLLCmd                               0x080005ff   Thumb Code     6  stm32l1xx_rcc.o(.text)
    RCC_ClockSecuritySystemCmd               0x08000605   Thumb Code     6  stm32l1xx_rcc.o(.text)
    RCC_LSEClockSecuritySystemCmd            0x0800060b   Thumb Code     8  stm32l1xx_rcc.o(.text)
    RCC_MCOConfig                            0x08000613   Thumb Code    12  stm32l1xx_rcc.o(.text)
    RCC_SYSCLKConfig                         0x0800061f   Thumb Code    20  stm32l1xx_rcc.o(.text)
    RCC_GetSYSCLKSource                      0x08000633   Thumb Code    12  stm32l1xx_rcc.o(.text)
    RCC_HCLKConfig                           0x0800063f   Thumb Code    20  stm32l1xx_rcc.o(.text)
    RCC_PCLK1Config                          0x08000653   Thumb Code    20  stm32l1xx_rcc.o(.text)
    RCC_PCLK2Config                          0x08000667   Thumb Code    22  stm32l1xx_rcc.o(.text)
    RCC_GetClocksFreq                        0x0800067d   Thumb Code   248  stm32l1xx_rcc.o(.text)
    RCC_RTCCLKConfig                         0x08000775   Thumb Code    64  stm32l1xx_rcc.o(.text)
    RCC_RTCCLKCmd                            0x080007b5   Thumb Code     8  stm32l1xx_rcc.o(.text)
    RCC_RTCResetCmd                          0x080007bd   Thumb Code     8  stm32l1xx_rcc.o(.text)
    RCC_AHBPeriphClockCmd                    0x080007c5   Thumb Code    34  stm32l1xx_rcc.o(.text)
    RCC_APB2PeriphClockCmd                   0x080007e7   Thumb Code    34  stm32l1xx_rcc.o(.text)
    RCC_APB1PeriphClockCmd                   0x08000809   Thumb Code    34  stm32l1xx_rcc.o(.text)
    RCC_AHBPeriphResetCmd                    0x0800082b   Thumb Code    34  stm32l1xx_rcc.o(.text)
    RCC_APB2PeriphResetCmd                   0x0800084d   Thumb Code    34  stm32l1xx_rcc.o(.text)
    RCC_APB1PeriphResetCmd                   0x0800086f   Thumb Code    34  stm32l1xx_rcc.o(.text)
    RCC_AHBPeriphClockLPModeCmd              0x08000891   Thumb Code    34  stm32l1xx_rcc.o(.text)
    RCC_APB2PeriphClockLPModeCmd             0x080008b3   Thumb Code    66  stm32l1xx_rcc.o(.text)
    RCC_APB1PeriphClockLPModeCmd             0x080008f5   Thumb Code    34  stm32l1xx_rcc.o(.text)
    RCC_ITConfig                             0x08000917   Thumb Code    34  stm32l1xx_rcc.o(.text)
    RCC_ClearFlag                            0x08000939   Thumb Code    18  stm32l1xx_rcc.o(.text)
    RCC_GetITStatus                          0x0800094b   Thumb Code    22  stm32l1xx_rcc.o(.text)
    RCC_ClearITPendingBit                    0x08000961   Thumb Code     8  stm32l1xx_rcc.o(.text)
    NVIC_PriorityGroupConfig                 0x0800096d   Thumb Code    10  misc.o(.text)
    NVIC_Init                                0x08000977   Thumb Code   108  misc.o(.text)
    NVIC_SetVectorTable                      0x080009e3   Thumb Code    14  misc.o(.text)
    NVIC_SystemLPConfig                      0x080009f1   Thumb Code    34  misc.o(.text)
    SysTick_CLKSourceConfig                  0x08000a13   Thumb Code    40  misc.o(.text)
    EXTI_DeInit                              0x08000a51   Thumb Code    30  stm32l1xx_exti.o(.text)
    EXTI_Init                                0x08000a6f   Thumb Code   142  stm32l1xx_exti.o(.text)
    EXTI_StructInit                          0x08000afd   Thumb Code    16  stm32l1xx_exti.o(.text)
    EXTI_GenerateSWInterrupt                 0x08000b0d   Thumb Code    16  stm32l1xx_exti.o(.text)
    EXTI_GetFlagStatus                       0x08000b1d   Thumb Code    22  stm32l1xx_exti.o(.text)
    EXTI_ClearFlag                           0x08000b33   Thumb Code     8  stm32l1xx_exti.o(.text)
    EXTI_GetITStatus                         0x08000b3b   Thumb Code    22  stm32l1xx_exti.o(.text)
    EXTI_ClearITPendingBit                   0x08000b51   Thumb Code     8  stm32l1xx_exti.o(.text)
    RTC_WaitForSynchro                       0x08000b5d   Thumb Code    92  stm32l1xx_rtc.o(.text)
    RTC_EnterInitMode                        0x08000bb9   Thumb Code    84  stm32l1xx_rtc.o(.text)
    RTC_DeInit                               0x08000c0d   Thumb Code   204  stm32l1xx_rtc.o(.text)
    RTC_ExitInitMode                         0x08000cd9   Thumb Code    18  stm32l1xx_rtc.o(.text)
    RTC_Init                                 0x08000ceb   Thumb Code    94  stm32l1xx_rtc.o(.text)
    RTC_StructInit                           0x08000d49   Thumb Code    14  stm32l1xx_rtc.o(.text)
    RTC_WriteProtectionCmd                   0x08000d57   Thumb Code    22  stm32l1xx_rtc.o(.text)
    RTC_RefClockCmd                          0x08000d6d   Thumb Code    76  stm32l1xx_rtc.o(.text)
    RTC_BypassShadowCmd                      0x08000db9   Thumb Code    54  stm32l1xx_rtc.o(.text)
    RTC_SetTime                              0x08000e21   Thumb Code   200  stm32l1xx_rtc.o(.text)
    RTC_TimeStructInit                       0x08000ee9   Thumb Code    12  stm32l1xx_rtc.o(.text)
    RTC_GetTime                              0x08000ef5   Thumb Code    74  stm32l1xx_rtc.o(.text)
    RTC_GetSubSecond                         0x08000f3f   Thumb Code    30  stm32l1xx_rtc.o(.text)
    RTC_SetDate                              0x08000f5d   Thumb Code   190  stm32l1xx_rtc.o(.text)
    RTC_DateStructInit                       0x0800101b   Thumb Code    14  stm32l1xx_rtc.o(.text)
    RTC_GetDate                              0x08001029   Thumb Code    70  stm32l1xx_rtc.o(.text)
    RTC_SetAlarm                             0x0800106f   Thumb Code   230  stm32l1xx_rtc.o(.text)
    RTC_AlarmStructInit                      0x08001155   Thumb Code    22  stm32l1xx_rtc.o(.text)
    RTC_GetAlarm                             0x0800116b   Thumb Code   114  stm32l1xx_rtc.o(.text)
    RTC_AlarmCmd                             0x080011dd   Thumb Code   112  stm32l1xx_rtc.o(.text)
    RTC_AlarmSubSecondConfig                 0x0800124d   Thumb Code    46  stm32l1xx_rtc.o(.text)
    RTC_GetAlarmSubSecond                    0x0800127b   Thumb Code    34  stm32l1xx_rtc.o(.text)
    RTC_WakeUpClockConfig                    0x0800129d   Thumb Code    42  stm32l1xx_rtc.o(.text)
    RTC_SetWakeUpCounter                     0x080012c7   Thumb Code    22  stm32l1xx_rtc.o(.text)
    RTC_GetWakeUpCounter                     0x080012dd   Thumb Code    10  stm32l1xx_rtc.o(.text)
    RTC_WakeUpCmd                            0x080012e7   Thumb Code   116  stm32l1xx_rtc.o(.text)
    RTC_DayLightSavingConfig                 0x0800135b   Thumb Code    50  stm32l1xx_rtc.o(.text)
    RTC_GetStoreOperation                    0x0800138d   Thumb Code    12  stm32l1xx_rtc.o(.text)
    RTC_OutputConfig                         0x08001399   Thumb Code    60  stm32l1xx_rtc.o(.text)
    RTC_CoarseCalibConfig                    0x080013d5   Thumb Code    52  stm32l1xx_rtc.o(.text)
    RTC_CoarseCalibCmd                       0x08001409   Thumb Code    76  stm32l1xx_rtc.o(.text)
    RTC_CalibOutputCmd                       0x08001455   Thumb Code    54  stm32l1xx_rtc.o(.text)
    RTC_CalibOutputConfig                    0x0800148b   Thumb Code    42  stm32l1xx_rtc.o(.text)
    RTC_SmoothCalibConfig                    0x080014b5   Thumb Code    90  stm32l1xx_rtc.o(.text)
    RTC_TimeStampCmd                         0x0800150f   Thumb Code    54  stm32l1xx_rtc.o(.text)
    RTC_GetTimeStamp                         0x08001545   Thumb Code   144  stm32l1xx_rtc.o(.text)
    RTC_GetTimeStampSubSecond                0x080015d5   Thumb Code     8  stm32l1xx_rtc.o(.text)
    RTC_TamperTriggerConfig                  0x080015dd   Thumb Code    38  stm32l1xx_rtc.o(.text)
    RTC_TamperCmd                            0x08001603   Thumb Code    34  stm32l1xx_rtc.o(.text)
    RTC_TamperFilterConfig                   0x08001625   Thumb Code    26  stm32l1xx_rtc.o(.text)
    RTC_TamperSamplingFreqConfig             0x0800163f   Thumb Code    26  stm32l1xx_rtc.o(.text)
    RTC_TamperPinsPrechargeDuration          0x08001659   Thumb Code    26  stm32l1xx_rtc.o(.text)
    RTC_TimeStampOnTamperDetectionCmd        0x08001673   Thumb Code    38  stm32l1xx_rtc.o(.text)
    RTC_TamperPullUpCmd                      0x08001699   Thumb Code    38  stm32l1xx_rtc.o(.text)
    RTC_WriteBackupRegister                  0x080016bf   Thumb Code    26  stm32l1xx_rtc.o(.text)
    RTC_ReadBackupRegister                   0x080016d9   Thumb Code    28  stm32l1xx_rtc.o(.text)
    RTC_OutputTypeConfig                     0x080016f5   Thumb Code    26  stm32l1xx_rtc.o(.text)
    RTC_SynchroShiftConfig                   0x0800170f   Thumb Code   118  stm32l1xx_rtc.o(.text)
    RTC_ITConfig                             0x08001785   Thumb Code   108  stm32l1xx_rtc.o(.text)
    RTC_GetFlagStatus                        0x080017f1   Thumb Code    32  stm32l1xx_rtc.o(.text)
    RTC_ClearFlag                            0x08001811   Thumb Code    30  stm32l1xx_rtc.o(.text)
    RTC_GetITStatus                          0x0800182f   Thumb Code    68  stm32l1xx_rtc.o(.text)
    RTC_ClearITPendingBit                    0x08001873   Thumb Code    32  stm32l1xx_rtc.o(.text)
    PWR_DeInit                               0x0800189d   Thumb Code    22  stm32l1xx_pwr.o(.text)
    PWR_RTCAccessCmd                         0x080018b3   Thumb Code     6  stm32l1xx_pwr.o(.text)
    PWR_PVDLevelConfig                       0x080018b9   Thumb Code    18  stm32l1xx_pwr.o(.text)
    PWR_PVDCmd                               0x080018cb   Thumb Code     6  stm32l1xx_pwr.o(.text)
    PWR_WakeUpPinCmd                         0x080018d1   Thumb Code    20  stm32l1xx_pwr.o(.text)
    PWR_FastWakeUpCmd                        0x080018e5   Thumb Code     6  stm32l1xx_pwr.o(.text)
    PWR_UltraLowPowerCmd                     0x080018eb   Thumb Code     6  stm32l1xx_pwr.o(.text)
    PWR_VoltageScalingConfig                 0x080018f1   Thumb Code    24  stm32l1xx_pwr.o(.text)
    PWR_EnterLowPowerRunMode                 0x08001909   Thumb Code    50  stm32l1xx_pwr.o(.text)
    PWR_EnterSleepMode                       0x0800193b   Thumb Code    42  stm32l1xx_pwr.o(.text)
    PWR_EnterSTOPMode                        0x08001965   Thumb Code    54  stm32l1xx_pwr.o(.text)
    PWR_EnterSTANDBYMode                     0x0800199b   Thumb Code    42  stm32l1xx_pwr.o(.text)
    PWR_GetFlagStatus                        0x080019c5   Thumb Code    20  stm32l1xx_pwr.o(.text)
    PWR_ClearFlag                            0x080019d9   Thumb Code    14  stm32l1xx_pwr.o(.text)
    SPI_I2S_DeInit                           0x080019f5   Thumb Code    76  stm32l1xx_spi.o(.text)
    SPI_Init                                 0x08001a41   Thumb Code    60  stm32l1xx_spi.o(.text)
    I2S_Init                                 0x08001a7d   Thumb Code   212  stm32l1xx_spi.o(.text)
    SPI_StructInit                           0x08001b51   Thumb Code    24  stm32l1xx_spi.o(.text)
    I2S_StructInit                           0x08001b69   Thumb Code    20  stm32l1xx_spi.o(.text)
    SPI_Cmd                                  0x08001b7d   Thumb Code    24  stm32l1xx_spi.o(.text)
    I2S_Cmd                                  0x08001b95   Thumb Code    24  stm32l1xx_spi.o(.text)
    SPI_DataSizeConfig                       0x08001bad   Thumb Code    18  stm32l1xx_spi.o(.text)
    SPI_BiDirectionalLineConfig              0x08001bbf   Thumb Code    28  stm32l1xx_spi.o(.text)
    SPI_NSSInternalSoftwareConfig            0x08001bdb   Thumb Code    30  stm32l1xx_spi.o(.text)
    SPI_SSOutputCmd                          0x08001bf9   Thumb Code    24  stm32l1xx_spi.o(.text)
    SPI_I2S_ReceiveData                      0x08001c11   Thumb Code     6  stm32l1xx_spi.o(.text)
    SPI_I2S_SendData                         0x08001c17   Thumb Code     4  stm32l1xx_spi.o(.text)
    SPI_CalculateCRC                         0x08001c1b   Thumb Code    24  stm32l1xx_spi.o(.text)
    SPI_TransmitCRC                          0x08001c33   Thumb Code    10  stm32l1xx_spi.o(.text)
    SPI_GetCRC                               0x08001c3d   Thumb Code    16  stm32l1xx_spi.o(.text)
    SPI_GetCRCPolynomial                     0x08001c4d   Thumb Code     6  stm32l1xx_spi.o(.text)
    SPI_I2S_DMACmd                           0x08001c53   Thumb Code    18  stm32l1xx_spi.o(.text)
    SPI_I2S_ITConfig                         0x08001c65   Thumb Code    32  stm32l1xx_spi.o(.text)
    SPI_I2S_GetFlagStatus                    0x08001c85   Thumb Code    18  stm32l1xx_spi.o(.text)
    SPI_I2S_ClearFlag                        0x08001c97   Thumb Code     6  stm32l1xx_spi.o(.text)
    SPI_I2S_GetITStatus                      0x08001c9d   Thumb Code    52  stm32l1xx_spi.o(.text)
    SPI_I2S_ClearITPendingBit                0x08001cd1   Thumb Code    20  stm32l1xx_spi.o(.text)
    SystemInit                               0x08001de9   Thumb Code    88  system_stm32l1xx.o(.text)
    SystemCoreClockUpdate                    0x08001e41   Thumb Code   204  system_stm32l1xx.o(.text)
    I2C_Stop                                 0x08001f39   Thumb Code    28  oled.o(.text)
    I2C_Ack                                  0x08001f55   Thumb Code    28  oled.o(.text)
    I2C_WriteBit                             0x08001f71   Thumb Code    72  oled.o(.text)
    I2C_Start                                0x08001fb9   Thumb Code    36  oled.o(.text)
    OLED_Refresh_Gram                        0x08001fdd   Thumb Code    72  oled.o(.text)
    OLED_Clear                               0x08002025   Thumb Code    42  oled.o(.text)
    OLED_WR_Byte                             0x0800204f   Thumb Code    56  oled.o(.text)
    OLED_Init                                0x08002087   Thumb Code   398  oled.o(.text)
    OLED_Display_On                          0x08002215   Thumb Code    28  oled.o(.text)
    OLED_Display_Off                         0x08002231   Thumb Code    28  oled.o(.text)
    OLED_DrawPoint                           0x0800224d   Thumb Code    92  oled.o(.text)
    OLED_Fill                                0x080022a9   Thumb Code    58  oled.o(.text)
    OLED_ShowChar                            0x080022e3   Thumb Code   180  oled.o(.text)
    oled_pow                                 0x08002397   Thumb Code    22  oled.o(.text)
    OLED_ShowNum                             0x080023ad   Thumb Code   148  oled.o(.text)
    OLED_ShowString                          0x08002441   Thumb Code    68  oled.o(.text)
    RTC_Set_Date                             0x08002485   Thumb Code    36  rtc.o(.text)
    RTC_Set_Time                             0x080024a9   Thumb Code    36  rtc.o(.text)
    RTC_Config_Init                          0x080024cd   Thumb Code   144  rtc.o(.text)
    RTC_Set_WakeUp                           0x0800255d   Thumb Code   114  rtc.o(.text)
    RTC_Get                                  0x080025cf   Thumb Code    64  rtc.o(.text)
    RTC_WKUP_IRQHandler                      0x0800260f   Thumb Code   166  rtc.o(.text)
    SD_SPI_SpeedHigh                         0x080026b9   Thumb Code    10  sdcard.o(.text)
    SD_SPI_ReadWriteByte                     0x080026c3   Thumb Code    12  sdcard.o(.text)
    SD_DisSelect                             0x080026cf   Thumb Code    20  sdcard.o(.text)
    SD_WaitReady                             0x080026e3   Thumb Code    34  sdcard.o(.text)
    SD_Select                                0x08002705   Thumb Code    30  sdcard.o(.text)
    SD_SendCmd                               0x08002723   Thumb Code   120  sdcard.o(.text)
    SD_TypeJudge                             0x0800279b   Thumb Code   336  sdcard.o(.text)
    SD_SPI_SpeedLow                          0x080028eb   Thumb Code    10  sdcard.o(.text)
    SD_SPI_Init                              0x080028f5   Thumb Code    56  sdcard.o(.text)
    SD_Initialize                            0x0800292d   Thumb Code    62  sdcard.o(.text)
    SD_GetResponse                           0x0800296b   Thumb Code    38  sdcard.o(.text)
    SD_RecvData                              0x08002991   Thumb Code    56  sdcard.o(.text)
    SD_ReadDisk                              0x080029c9   Thumb Code   112  sdcard.o(.text)
    SD_SendBlock                             0x08002a39   Thumb Code    82  sdcard.o(.text)
    SD_WriteDisk                             0x08002a8b   Thumb Code   148  sdcard.o(.text)
    SD_GetCSD                                0x08002b1f   Thumb Code    42  sdcard.o(.text)
    SD_GetSectorCount                        0x08002b49   Thumb Code   118  sdcard.o(.text)
    SD_GetCID                                0x08002bbf   Thumb Code    42  sdcard.o(.text)
    SPI1_ReadWriteByte                       0x08002bed   Thumb Code    50  spi.o(.text)
    SPI1_Config_Init                         0x08002c1f   Thumb Code   258  spi.o(.text)
    SPI1_SetSpeed                            0x08002d21   Thumb Code    46  spi.o(.text)
    vListInitialise                          0x08002d5d   Thumb Code    26  list.o(.text)
    vListInitialiseItem                      0x08002d77   Thumb Code     6  list.o(.text)
    vListInsertEnd                           0x08002d7d   Thumb Code    28  list.o(.text)
    vListInsert                              0x08002d99   Thumb Code    52  list.o(.text)
    vListRemove                              0x08002dcd   Thumb Code    36  list.o(.text)
    xTaskGenericCreate                       0x08002eb1   Thumb Code   240  tasks.o(.text)
    vTaskIncrementTick                       0x08002fa1   Thumb Code   228  tasks.o(.text)
    xTaskResumeAll                           0x08003085   Thumb Code   188  tasks.o(.text)
    vTaskSuspendAll                          0x0800317f   Thumb Code    12  tasks.o(.text)
    vTaskDelayUntil                          0x0800318b   Thumb Code   186  tasks.o(.text)
    vTaskDelay                               0x08003245   Thumb Code    48  tasks.o(.text)
    uxTaskPriorityGet                        0x08003275   Thumb Code    30  tasks.o(.text)
    vTaskPrioritySet                         0x08003293   Thumb Code   160  tasks.o(.text)
    vTaskSwitchContext                       0x08003333   Thumb Code    92  tasks.o(.text)
    vTaskSuspend                             0x0800338f   Thumb Code   100  tasks.o(.text)
    xTaskIsTaskSuspended                     0x080033f3   Thumb Code    60  tasks.o(.text)
    vTaskResume                              0x0800342f   Thumb Code    92  tasks.o(.text)
    xTaskResumeFromISR                       0x0800348b   Thumb Code   114  tasks.o(.text)
    vTaskStartScheduler                      0x08003513   Thumb Code    52  tasks.o(.text)
    vTaskEndScheduler                        0x08003547   Thumb Code    18  tasks.o(.text)
    xTaskGetTickCount                        0x08003559   Thumb Code    18  tasks.o(.text)
    xTaskGetTickCountFromISR                 0x0800356b   Thumb Code    20  tasks.o(.text)
    uxTaskGetNumberOfTasks                   0x0800357f   Thumb Code     6  tasks.o(.text)
    vTaskPlaceOnEventList                    0x08003585   Thumb Code    60  tasks.o(.text)
    xTaskRemoveFromEventList                 0x080035c1   Thumb Code    96  tasks.o(.text)
    vTaskSetTimeOutState                     0x08003621   Thumb Code    72  tasks.o(.text)
    xTaskCheckForTimeOut                     0x08003669   Thumb Code    92  tasks.o(.text)
    vTaskMissedYield                         0x080036c5   Thumb Code     8  tasks.o(.text)
    uxTaskGetStackHighWaterMark              0x080036e3   Thumb Code    34  tasks.o(.text)
    xTaskGetCurrentTaskHandle                0x08003705   Thumb Code     6  tasks.o(.text)
    vTaskPriorityInherit                     0x0800370b   Thumb Code   116  tasks.o(.text)
    vTaskPriorityDisinherit                  0x0800377f   Thumb Code    70  tasks.o(.text)
    pvPortMalloc                             0x080037dd   Thumb Code   194  heap_2.o(.text)
    vPortFree                                0x0800389f   Thumb Code    56  heap_2.o(.text)
    xPortGetFreeHeapSize                     0x080038d7   Thumb Code     6  heap_2.o(.text)
    vPortInitialiseBlocks                    0x080038dd   Thumb Code     2  heap_2.o(.text)
    pxPortInitialiseStack                    0x080038f5   Thumb Code    26  port.o(.text)
    xPortStartScheduler                      0x0800391f   Thumb Code    42  port.o(.text)
    vPortEndScheduler                        0x08003949   Thumb Code     2  port.o(.text)
    vPortYieldFromISR                        0x0800394b   Thumb Code    12  port.o(.text)
    vPortEnterCritical                       0x08003957   Thumb Code    18  port.o(.text)
    vPortExitCritical                        0x08003969   Thumb Code    24  port.o(.text)
    xPortSysTickHandler                      0x08003981   Thumb Code    28  port.o(.text)
    __aeabi_memset                           0x080039a5   Thumb Code    14  memseta.o(.text)
    __aeabi_memset4                          0x080039a5   Thumb Code     0  memseta.o(.text)
    __aeabi_memset8                          0x080039a5   Thumb Code     0  memseta.o(.text)
    __aeabi_memclr                           0x080039b3   Thumb Code     4  memseta.o(.text)
    __aeabi_memclr4                          0x080039b3   Thumb Code     0  memseta.o(.text)
    __aeabi_memclr8                          0x080039b3   Thumb Code     0  memseta.o(.text)
    _memset$wrapper                          0x080039b7   Thumb Code    18  memseta.o(.text)
    strncpy                                  0x080039c9   Thumb Code    24  strncpy.o(.text)
    __scatterload                            0x080039e1   Thumb Code    28  init.o(.text)
    __scatterload_rt2                        0x080039e1   Thumb Code     0  init.o(.text)
    __scatterload_copy                       0x08003a05   Thumb Code    14  handlers.o(i.__scatterload_copy)
    __scatterload_null                       0x08003a13   Thumb Code     2  handlers.o(i.__scatterload_null)
    __scatterload_zeroinit                   0x08003a15   Thumb Code    14  handlers.o(i.__scatterload_zeroinit)
    oled_asc2_1206                           0x08003a22   Data        1140  oled.o(.constdata)
    oled_asc2_1608                           0x08003e96   Data        1520  oled.o(.constdata)
    Region$$Table$$Base                      0x08004488   Number         0  anon$$obj.o(Region$$Table)
    Region$$Table$$Limit                     0x080044a8   Number         0  anon$$obj.o(Region$$Table)
    SystemCoreClock                          0x2000001c   Data           4  system_stm32l1xx.o(.data)
    PLLMulTable                              0x20000020   Data           9  system_stm32l1xx.o(.data)
    AHBPrescTable                            0x20000029   Data          16  system_stm32l1xx.o(.data)
    SD_Type                                  0x20000039   Data           1  sdcard.o(.data)
    pxCurrentTCB                             0x2000003c   Data           4  tasks.o(.data)
    OLED_GRAM                                0x20000090   Data         512  oled.o(.bss)
    calendar                                 0x20000290   Data          10  rtc.o(.bss)
    __initial_sp                             0x20001f40   Data           0  startup_stm32l1xx_md.o(STACK)



==============================================================================

Memory Map of the image

  Image Entry point : 0x08000195

  Load Region LR_1 (Base: 0x08000000, Size: 0x00004538, Max: 0xffffffff, ABSOLUTE)

    Execution Region ER_RO (Base: 0x08000000, Size: 0x000044a8, Max: 0xffffffff, ABSOLUTE)

    Base Addr    Size         Type   Attr      Idx    E Section Name        Object

    0x08000000   0x000000f4   Data   RO            3    RESET               startup_stm32l1xx_md.o
    0x080000f4   0x00000000   Code   RO          736  * .ARM.Collect$$$$00000000  mc_w.l(entry.o)
    0x080000f4   0x00000004   Code   RO          747    .ARM.Collect$$$$00000001  mc_w.l(entry2.o)
    0x080000f8   0x00000004   Code   RO          750    .ARM.Collect$$$$00000004  mc_w.l(entry5.o)
    0x080000fc   0x00000000   Code   RO          752    .ARM.Collect$$$$00000008  mc_w.l(entry7b.o)
    0x080000fc   0x00000000   Code   RO          754    .ARM.Collect$$$$0000000A  mc_w.l(entry8b.o)
    0x080000fc   0x00000008   Code   RO          755    .ARM.Collect$$$$0000000B  mc_w.l(entry9a.o)
    0x08000104   0x00000000   Code   RO          757    .ARM.Collect$$$$0000000D  mc_w.l(entry10a.o)
    0x08000104   0x00000000   Code   RO          759    .ARM.Collect$$$$0000000F  mc_w.l(entry11a.o)
    0x08000104   0x00000004   Code   RO          748    .ARM.Collect$$$$00002712  mc_w.l(entry2.o)
    0x08000108   0x0000008c   Code   RO          718    .emb_text           port.o
    0x08000194   0x00000024   Code   RO            4  * .text               startup_stm32l1xx_md.o
    0x080001b8   0x000000bc   Code   RO           12    .text               main.o
    0x08000274   0x0000002c   Code   RO          175    .text               stm32l1xx_it.o
    0x080002a0   0x0000023c   Code   RO          287    .text               stm32l1xx_gpio.o
    0x080004dc   0x00000490   Code   RO          307    .text               stm32l1xx_rcc.o
    0x0800096c   0x000000e4   Code   RO          349    .text               misc.o
    0x08000a50   0x0000010c   Code   RO          369    .text               stm32l1xx_exti.o
    0x08000b5c   0x00000d40   Code   RO          389    .text               stm32l1xx_rtc.o
    0x0800189c   0x00000158   Code   RO          409    .text               stm32l1xx_pwr.o
    0x080019f4   0x000002fc   Code   RO          429    .text               stm32l1xx_spi.o
    0x08001cf0   0x00000248   Code   RO          449    .text               system_stm32l1xx.o
    0x08001f38   0x0000054c   Code   RO          485    .text               oled.o
    0x08002484   0x00000234   Code   RO          562    .text               rtc.o
    0x080026b8   0x00000534   Code   RO          588    .text               sdcard.o
    0x08002bec   0x00000170   Code   RO          617    .text               spi.o
    0x08002d5c   0x00000094   Code   RO          635    .text               list.o
    0x08002df0   0x000009ec   Code   RO          668    .text               tasks.o
    0x080037dc   0x00000118   Code   RO          703    .text               heap_2.o
    0x080038f4   0x000000b0   Code   RO          719    .text               port.o
    0x080039a4   0x00000024   Code   RO          741    .text               mc_w.l(memseta.o)
    0x080039c8   0x00000018   Code   RO          743    .text               mc_w.l(strncpy.o)
    0x080039e0   0x00000024   Code   RO          761    .text               mc_w.l(init.o)
    0x08003a04   0x0000000e   Code   RO          765    i.__scatterload_copy  mc_w.l(handlers.o)
    0x08003a12   0x00000002   Code   RO          766    i.__scatterload_null  mc_w.l(handlers.o)
    0x08003a14   0x0000000e   Code   RO          767    i.__scatterload_zeroinit  mc_w.l(handlers.o)
    0x08003a22   0x00000a64   Data   RO          487    .constdata          oled.o
    0x08004486   0x00000002   PAD
    0x08004488   0x00000020   Data   RO          763    Region$$Table       anon$$obj.o


    Execution Region ER_RW (Base: 0x20000000, Size: 0x00000090, Max: 0xffffffff, ABSOLUTE)

    Base Addr    Size         Type   Attr      Idx    E Section Name        Object

    0x20000000   0x00000019   Data   RW          308    .data               stm32l1xx_rcc.o
    0x20000019   0x00000003   PAD
    0x2000001c   0x0000001d   Data   RW          450    .data               system_stm32l1xx.o
    0x20000039   0x00000001   Data   RW          589    .data               sdcard.o
    0x2000003a   0x00000002   PAD
    0x2000003c   0x00000038   Data   RW          670    .data               tasks.o
    0x20000074   0x00000018   Data   RW          705    .data               heap_2.o
    0x2000008c   0x00000004   Data   RW          720    .data               port.o


    Execution Region ER_ZI (Base: 0x20000090, Size: 0x00001eb0, Max: 0xffffffff, ABSOLUTE)

    Base Addr    Size         Type   Attr      Idx    E Section Name        Object

    0x20000090   0x00000200   Zero   RW          486    .bss                oled.o
    0x20000290   0x0000000a   Zero   RW          563    .bss                rtc.o
    0x2000029a   0x00000002   PAD
    0x2000029c   0x000000a0   Zero   RW          669    .bss                tasks.o
    0x2000033c   0x00000004   PAD
    0x20000340   0x00001800   Zero   RW          704    .bss                heap_2.o
    0x20001b40   0x00000400   Zero   RW            1    STACK               startup_stm32l1xx_md.o


==============================================================================

Image component sizes


      Code (inc. data)   RO Data    RW Data    ZI Data      Debug   Object Name

       280         22          0         24       6144       3344   heap_2.o
       148          0          0          0          0       3009   list.o
       188         40          0          0          0       6621   main.o
       228         22          0          0          0       1689   misc.o
      1356         22       2660          0        512      10242   oled.o
       316         20          0          4          0       2453   port.o
       564          4          0          0         10       2694   rtc.o
      1332         12          0          1          0       5719   sdcard.o
       368         14          0          0          0       1048   spi.o
        36          8        244          0       1024        800   startup_stm32l1xx_md.o
       268          4          0          0          0       2087   stm32l1xx_exti.o
       572         32          0          0          0       3765   stm32l1xx_gpio.o
        44          6          0          0          0     217394   stm32l1xx_it.o
       344         14          0          0          0       3868   stm32l1xx_pwr.o
      1168         40          0         25          0       9257   stm32l1xx_rcc.o
      3392         46          0          0          0      14355   stm32l1xx_rtc.o
       764         12          0          0          0       5814   stm32l1xx_spi.o
       584         44          0         29          0       1655   system_stm32l1xx.o
      2540        158          0         56        160      12257   tasks.o

    ----------------------------------------------------------------------
     14492        520       2938        144       7856     308071   Object Totals
         0          0         32          0          0          0   (incl. Generated)
         0          0          2          5          6          0   (incl. Padding)

    ----------------------------------------------------------------------

      Code (inc. data)   RO Data    RW Data    ZI Data      Debug   Library Member Name

         0          0          0          0          0          0   entry.o
         0          0          0          0          0          0   entry10a.o
         0          0          0          0          0          0   entry11a.o
         8          4          0          0          0          0   entry2.o
         4          0          0          0          0          0   entry5.o
         0          0          0          0          0          0   entry7b.o
         0          0          0          0          0          0   entry8b.o
         8          4          0          0          0          0   entry9a.o
        30          0          0          0          0          0   handlers.o
        36          8          0          0          0         68   init.o
        36          0          0          0          0        108   memseta.o
        24          0          0          0          0         76   strncpy.o

    ----------------------------------------------------------------------
       146         16          0          0          0        252   Library Totals
         0          0          0          0          0          0   (incl. Padding)

    ----------------------------------------------------------------------

      Code (inc. data)   RO Data    RW Data    ZI Data      Debug   Library Name

       146         16          0          0          0        252   mc_w.l

    ----------------------------------------------------------------------
       146         16          0          0          0        252   Library Totals

    ----------------------------------------------------------------------

==============================================================================


      Code (inc. data)   RO Data    RW Data    ZI Data      Debug   

     14638        536       2938        144       7856     306191   Grand Totals
     14638        536       2938        144       7856     306191   ELF Image Totals
     14638        536       2938        144          0          0   ROM Totals

==============================================================================

    Total RO  Size (Code + RO Data)                17576 (  17.16kB)
    Total RW  Size (RW Data + ZI Data)              8000 (   7.81kB)
    Total ROM Size (Code + RO Data + RW Data)      17720 (  17.30kB)

==============================================================================

