Product: MDK-ARM Professional 5.10
Component: ARM Compiler 5.04 update 1 (build 49)
Tool: armlink [5040049]

==============================================================================

Section Cross References

    startup_stm32l1xx_md.o(RESET) refers to startup_stm32l1xx_md.o(STACK) for __initial_sp
    startup_stm32l1xx_md.o(RESET) refers to startup_stm32l1xx_md.o(.text) for Reset_Handler
    startup_stm32l1xx_md.o(RESET) refers to stm32l1xx_it.o(.text) for NMI_Handler
    startup_stm32l1xx_md.o(RESET) refers to port.o(.emb_text) for vPortSVCHandler
    startup_stm32l1xx_md.o(RESET) refers to port.o(.text) for xPortSysTickHandler
    startup_stm32l1xx_md.o(RESET) refers to rtc.o(.text) for RTC_WKUP_IRQHandler
    startup_stm32l1xx_md.o(.text) refers to system_stm32l1xx.o(.text) for SystemInit
    startup_stm32l1xx_md.o(.text) refers to entry.o(.ARM.Collect$$$$00000000) for __main
    main.o(.text) refers to tasks.o(.text) for xTaskGetTickCount
    main.o(.text) refers to oled.o(.text) for OLED_Init
    main.o(.text) refers to sdcard.o(.text) for SD_Initialize
    main.o(.text) refers to exfuns.o(.text) for exfuns_init
    main.o(.text) refers to ff.o(.text) for f_mount
    main.o(.text) refers to sdcard.o(.data) for SD_Type
    main.o(.text) refers to exfuns.o(.data) for fs
    stm32l1xx_gpio.o(.text) refers to stm32l1xx_rcc.o(.text) for RCC_AHBPeriphResetCmd
    stm32l1xx_rcc.o(.text) refers to stm32l1xx_rcc.o(.data) for PLLMulTable
    stm32l1xx_usart.o(.text) refers to stm32l1xx_rcc.o(.text) for RCC_APB2PeriphResetCmd
    stm32l1xx_pwr.o(.text) refers to stm32l1xx_rcc.o(.text) for RCC_APB1PeriphResetCmd
    stm32l1xx_spi.o(.text) refers to stm32l1xx_rcc.o(.text) for RCC_APB2PeriphResetCmd
    system_stm32l1xx.o(.text) refers to system_stm32l1xx.o(.data) for SystemCoreClock
    oled.o(.text) refers to stm32l1xx_gpio.o(.text) for GPIO_ResetBits
    oled.o(.text) refers to stm32l1xx_rcc.o(.text) for RCC_AHBPeriphClockCmd
    oled.o(.text) refers to tasks.o(.text) for vTaskDelay
    oled.o(.text) refers to oled.o(.bss) for OLED_GRAM
    oled.o(.text) refers to oled.o(.constdata) for oled_asc2_1206
    key.o(.text) refers to stm32l1xx_rcc.o(.text) for RCC_AHBPeriphClockCmd
    key.o(.text) refers to stm32l1xx_gpio.o(.text) for GPIO_Init
    key.o(.text) refers to tasks.o(.text) for vTaskDelay
    rtc.o(.text) refers to stm32l1xx_rtc.o(.text) for RTC_SetDate
    rtc.o(.text) refers to stm32l1xx_rcc.o(.text) for RCC_APB1PeriphClockCmd
    rtc.o(.text) refers to stm32l1xx_pwr.o(.text) for PWR_RTCAccessCmd
    rtc.o(.text) refers to tasks.o(.text) for vTaskDelay
    rtc.o(.text) refers to stm32l1xx_exti.o(.text) for EXTI_ClearITPendingBit
    rtc.o(.text) refers to misc.o(.text) for NVIC_Init
    rtc.o(.text) refers to oled.o(.text) for OLED_ShowNum
    rtc.o(.text) refers to rtc.o(.bss) for calendar
    sdcard.o(.text) refers to spi.o(.text) for SPI1_SetSpeed
    sdcard.o(.text) refers to stm32l1xx_gpio.o(.text) for GPIO_SetBits
    sdcard.o(.text) refers to stm32l1xx_rcc.o(.text) for RCC_AHBPeriphClockCmd
    sdcard.o(.text) refers to sdcard.o(.data) for SD_Type
    spi.o(.text) refers to stm32l1xx_spi.o(.text) for SPI_I2S_GetFlagStatus
    spi.o(.text) refers to stm32l1xx_rcc.o(.text) for RCC_AHBPeriphClockCmd
    spi.o(.text) refers to stm32l1xx_gpio.o(.text) for GPIO_Init
    queue.o(.text) refers to list.o(.text) for vListInitialise
    queue.o(.text) refers to heap_2.o(.text) for pvPortMalloc
    queue.o(.text) refers to port.o(.text) for vPortEnterCritical
    queue.o(.text) refers to tasks.o(.text) for xTaskRemoveFromEventList
    queue.o(.text) refers to memcpya.o(.text) for __aeabi_memcpy
    queue.o(.text) refers to port.o(.emb_text) for vPortSetInterruptMask
    tasks.o(.text) refers to list.o(.text) for vListInitialise
    tasks.o(.text) refers to strncpy.o(.text) for strncpy
    tasks.o(.text) refers to heap_2.o(.text) for pvPortMalloc
    tasks.o(.text) refers to memseta.o(.text) for __aeabi_memset
    tasks.o(.text) refers to port.o(.text) for pxPortInitialiseStack
    tasks.o(.text) refers to tasks.o(.bss) for pxReadyTasksLists
    tasks.o(.text) refers to tasks.o(.data) for pxDelayedTaskList
    tasks.o(.text) refers to port.o(.emb_text) for vPortSetInterruptMask
    heap_2.o(.text) refers to tasks.o(.text) for vTaskSuspendAll
    heap_2.o(.text) refers to heap_2.o(.data) for xHeapHasBeenInitialised
    heap_2.o(.text) refers to heap_2.o(.bss) for xHeap
    port.o(.emb_text) refers to tasks.o(.text) for vTaskSwitchContext
    port.o(.emb_text) refers to tasks.o(.data) for pxCurrentTCB
    port.o(.text) refers to port.o(.emb_text) for vPortStartFirstTask
    port.o(.text) refers to tasks.o(.text) for vTaskIncrementTick
    port.o(.text) refers to port.o(.data) for uxCriticalNesting
    diskio.o(.text) refers to sdcard.o(.text) for SD_Initialize
    diskio.o(.text) refers to stm32l1xx_gpio.o(.text) for GPIO_ResetBits
    diskio.o(.text) refers to heap_2.o(.text) for pvPortMalloc
    ff.o(.text) refers to diskio.o(.text) for disk_write
    ff.o(.text) refers to ff.o(.data) for CurrVol
    ff.o(.text) refers to ff.o(.constdata) for vst
    exfuns.o(.text) refers to heap_2.o(.text) for pvPortMalloc
    exfuns.o(.text) refers to strcpy.o(.text) for strcpy
    exfuns.o(.text) refers to strcmp.o(.text) for strcmp
    exfuns.o(.text) refers to ff.o(.text) for f_getfree
    exfuns.o(.text) refers to exfuns.o(.data) for fs
    exfuns.o(.data) refers to exfuns.o(.conststring) for .conststring
    entry.o(.ARM.Collect$$$$00000000) refers (Special) to entry10a.o(.ARM.Collect$$$$0000000D) for __rt_final_cpp
    entry.o(.ARM.Collect$$$$00000000) refers (Special) to entry11a.o(.ARM.Collect$$$$0000000F) for __rt_final_exit
    entry.o(.ARM.Collect$$$$00000000) refers (Special) to entry7b.o(.ARM.Collect$$$$00000008) for _main_clock
    entry.o(.ARM.Collect$$$$00000000) refers (Special) to entry8b.o(.ARM.Collect$$$$0000000A) for _main_cpp_init
    entry.o(.ARM.Collect$$$$00000000) refers (Special) to entry9a.o(.ARM.Collect$$$$0000000B) for _main_init
    entry.o(.ARM.Collect$$$$00000000) refers (Special) to entry5.o(.ARM.Collect$$$$00000004) for _main_scatterload
    entry.o(.ARM.Collect$$$$00000000) refers (Special) to entry2.o(.ARM.Collect$$$$00000001) for _main_stk
    entry2.o(.ARM.Collect$$$$00000001) refers to entry2.o(.ARM.Collect$$$$00002712) for __lit__00000000
    entry2.o(.ARM.Collect$$$$00002712) refers to startup_stm32l1xx_md.o(STACK) for __initial_sp
    entry2.o(__vectab_stack_and_reset_area) refers to startup_stm32l1xx_md.o(STACK) for __initial_sp
    entry2.o(__vectab_stack_and_reset_area) refers to entry.o(.ARM.Collect$$$$00000000) for __main
    entry5.o(.ARM.Collect$$$$00000004) refers to init.o(.text) for __scatterload
    entry9a.o(.ARM.Collect$$$$0000000B) refers to main.o(.text) for main
    entry9b.o(.ARM.Collect$$$$0000000C) refers to main.o(.text) for main
    init.o(.text) refers to entry5.o(.ARM.Collect$$$$00000004) for __main_after_scatterload


==============================================================================

Removing Unused input sections from the image.

    Removing startup_stm32l1xx_md.o(HEAP), (512 bytes).
    Removing main.o(.rev16_text), (4 bytes).
    Removing main.o(.revsh_text), (4 bytes).
    Removing stm32l1xx_it.o(.rev16_text), (4 bytes).
    Removing stm32l1xx_it.o(.revsh_text), (4 bytes).
    Removing stm32l1xx_gpio.o(.rev16_text), (4 bytes).
    Removing stm32l1xx_gpio.o(.revsh_text), (4 bytes).
    Removing stm32l1xx_rcc.o(.rev16_text), (4 bytes).
    Removing stm32l1xx_rcc.o(.revsh_text), (4 bytes).
    Removing stm32l1xx_usart.o(.rev16_text), (4 bytes).
    Removing stm32l1xx_usart.o(.revsh_text), (4 bytes).
    Removing stm32l1xx_usart.o(.text), (1016 bytes).
    Removing misc.o(.rev16_text), (4 bytes).
    Removing misc.o(.revsh_text), (4 bytes).
    Removing stm32l1xx_exti.o(.rev16_text), (4 bytes).
    Removing stm32l1xx_exti.o(.revsh_text), (4 bytes).
    Removing stm32l1xx_rtc.o(.rev16_text), (4 bytes).
    Removing stm32l1xx_rtc.o(.revsh_text), (4 bytes).
    Removing stm32l1xx_pwr.o(.rev16_text), (4 bytes).
    Removing stm32l1xx_pwr.o(.revsh_text), (4 bytes).
    Removing stm32l1xx_spi.o(.rev16_text), (4 bytes).
    Removing stm32l1xx_spi.o(.revsh_text), (4 bytes).
    Removing system_stm32l1xx.o(.rev16_text), (4 bytes).
    Removing system_stm32l1xx.o(.revsh_text), (4 bytes).
    Removing core_cm3.o(.emb_text), (32 bytes).
    Removing oled.o(.rev16_text), (4 bytes).
    Removing oled.o(.revsh_text), (4 bytes).
    Removing key.o(.rev16_text), (4 bytes).
    Removing key.o(.revsh_text), (4 bytes).
    Removing key.o(.text), (296 bytes).
    Removing rtc.o(.rev16_text), (4 bytes).
    Removing rtc.o(.revsh_text), (4 bytes).
    Removing sdcard.o(.rev16_text), (4 bytes).
    Removing sdcard.o(.revsh_text), (4 bytes).
    Removing spi.o(.rev16_text), (4 bytes).
    Removing spi.o(.revsh_text), (4 bytes).
    Removing queue.o(.text), (1384 bytes).
    Removing diskio.o(.rev16_text), (4 bytes).
    Removing diskio.o(.revsh_text), (4 bytes).
    Removing exfuns.o(.bss), (52 bytes).

40 unused section(s) (total 3428 bytes) removed from the image.

==============================================================================

Image Symbol Table

    Local Symbols

    Symbol Name                              Value     Ov Type        Size  Object(Section)

    ../clib/../cmprslib/zerorunl2.c          0x00000000   Number         0  __dczerorl2.o ABSOLUTE
    ../clib/microlib/init/entry.s            0x00000000   Number         0  entry9b.o ABSOLUTE
    ../clib/microlib/init/entry.s            0x00000000   Number         0  entry8b.o ABSOLUTE
    ../clib/microlib/init/entry.s            0x00000000   Number         0  entry5.o ABSOLUTE
    ../clib/microlib/init/entry.s            0x00000000   Number         0  entry2.o ABSOLUTE
    ../clib/microlib/init/entry.s            0x00000000   Number         0  entry7a.o ABSOLUTE
    ../clib/microlib/init/entry.s            0x00000000   Number         0  entry8a.o ABSOLUTE
    ../clib/microlib/init/entry.s            0x00000000   Number         0  entry9a.o ABSOLUTE
    ../clib/microlib/init/entry.s            0x00000000   Number         0  entry7b.o ABSOLUTE
    ../clib/microlib/init/entry.s            0x00000000   Number         0  entry11b.o ABSOLUTE
    ../clib/microlib/init/entry.s            0x00000000   Number         0  entry11a.o ABSOLUTE
    ../clib/microlib/init/entry.s            0x00000000   Number         0  entry10b.o ABSOLUTE
    ../clib/microlib/init/entry.s            0x00000000   Number         0  entry10a.o ABSOLUTE
    ../clib/microlib/init/entry.s            0x00000000   Number         0  entry.o ABSOLUTE
    ../clib/microlib/string/memcpy.c         0x00000000   Number         0  memcpyb.o ABSOLUTE
    ../clib/microlib/string/memcpy.c         0x00000000   Number         0  memcpya.o ABSOLUTE
    ../clib/microlib/string/memset.c         0x00000000   Number         0  memseta.o ABSOLUTE
    ../clib/microlib/string/strcmp.c         0x00000000   Number         0  strcmp.o ABSOLUTE
    ../clib/microlib/string/strcpy.c         0x00000000   Number         0  strcpy.o ABSOLUTE
    ../clib/microlib/string/strncpy.c        0x00000000   Number         0  strncpy.o ABSOLUTE
    ..\CMSIS\core_cm3.c                      0x00000000   Number         0  core_cm3.o ABSOLUTE
    ..\CMSIS\startup\startup_stm32l1xx_md.s  0x00000000   Number         0  startup_stm32l1xx_md.o ABSOLUTE
    ..\CMSIS\system_stm32l1xx.c              0x00000000   Number         0  system_stm32l1xx.o ABSOLUTE
    ..\FATFS\exfuns\exfuns.c                 0x00000000   Number         0  exfuns.o ABSOLUTE
    ..\FATFS\src\diskio.c                    0x00000000   Number         0  diskio.o ABSOLUTE
    ..\FATFS\src\ff.c                        0x00000000   Number         0  ff.o ABSOLUTE
    ..\FWlib\src\misc.c                      0x00000000   Number         0  misc.o ABSOLUTE
    ..\FWlib\src\stm32l1xx_exti.c            0x00000000   Number         0  stm32l1xx_exti.o ABSOLUTE
    ..\FWlib\src\stm32l1xx_gpio.c            0x00000000   Number         0  stm32l1xx_gpio.o ABSOLUTE
    ..\FWlib\src\stm32l1xx_pwr.c             0x00000000   Number         0  stm32l1xx_pwr.o ABSOLUTE
    ..\FWlib\src\stm32l1xx_rcc.c             0x00000000   Number         0  stm32l1xx_rcc.o ABSOLUTE
    ..\FWlib\src\stm32l1xx_rtc.c             0x00000000   Number         0  stm32l1xx_rtc.o ABSOLUTE
    ..\FWlib\src\stm32l1xx_spi.c             0x00000000   Number         0  stm32l1xx_spi.o ABSOLUTE
    ..\FWlib\src\stm32l1xx_usart.c           0x00000000   Number         0  stm32l1xx_usart.o ABSOLUTE
    ..\FreeRTOS\list.c                       0x00000000   Number         0  list.o ABSOLUTE
    ..\FreeRTOS\portable\MemMang\heap_2.c    0x00000000   Number         0  heap_2.o ABSOLUTE
    ..\FreeRTOS\portable\RVDS\ARM_CM3\port.c 0x00000000   Number         0  port.o ABSOLUTE
    ..\FreeRTOS\queue.c                      0x00000000   Number         0  queue.o ABSOLUTE
    ..\FreeRTOS\tasks.c                      0x00000000   Number         0  tasks.o ABSOLUTE
    ..\HARDWARE\KEY\KEY.c                    0x00000000   Number         0  key.o ABSOLUTE
    ..\HARDWARE\OLED\OLED.c                  0x00000000   Number         0  oled.o ABSOLUTE
    ..\HARDWARE\RTC\RTC.c                    0x00000000   Number         0  rtc.o ABSOLUTE
    ..\HARDWARE\SDcard\SDcard.c              0x00000000   Number         0  sdcard.o ABSOLUTE
    ..\HARDWARE\SDcard\SPI.c                 0x00000000   Number         0  spi.o ABSOLUTE
    ..\\CMSIS\\core_cm3.c                    0x00000000   Number         0  core_cm3.o ABSOLUTE
    ..\\CMSIS\\system_stm32l1xx.c            0x00000000   Number         0  system_stm32l1xx.o ABSOLUTE
    ..\\FATFS\\src\\diskio.c                 0x00000000   Number         0  diskio.o ABSOLUTE
    ..\\FWlib\\src\\misc.c                   0x00000000   Number         0  misc.o ABSOLUTE
    ..\\FWlib\\src\\stm32l1xx_exti.c         0x00000000   Number         0  stm32l1xx_exti.o ABSOLUTE
    ..\\FWlib\\src\\stm32l1xx_gpio.c         0x00000000   Number         0  stm32l1xx_gpio.o ABSOLUTE
    ..\\FWlib\\src\\stm32l1xx_pwr.c          0x00000000   Number         0  stm32l1xx_pwr.o ABSOLUTE
    ..\\FWlib\\src\\stm32l1xx_rcc.c          0x00000000   Number         0  stm32l1xx_rcc.o ABSOLUTE
    ..\\FWlib\\src\\stm32l1xx_rtc.c          0x00000000   Number         0  stm32l1xx_rtc.o ABSOLUTE
    ..\\FWlib\\src\\stm32l1xx_spi.c          0x00000000   Number         0  stm32l1xx_spi.o ABSOLUTE
    ..\\FWlib\\src\\stm32l1xx_usart.c        0x00000000   Number         0  stm32l1xx_usart.o ABSOLUTE
    ..\\FreeRTOS\\portable\\RVDS\\ARM_CM3\\port.c 0x00000000   Number         0  port.o ABSOLUTE
    ..\\HARDWARE\\KEY\\KEY.c                 0x00000000   Number         0  key.o ABSOLUTE
    ..\\HARDWARE\\OLED\\OLED.c               0x00000000   Number         0  oled.o ABSOLUTE
    ..\\HARDWARE\\RTC\\RTC.c                 0x00000000   Number         0  rtc.o ABSOLUTE
    ..\\HARDWARE\\SDcard\\SDcard.c           0x00000000   Number         0  sdcard.o ABSOLUTE
    ..\\HARDWARE\\SDcard\\SPI.c              0x00000000   Number         0  spi.o ABSOLUTE
    dc.s                                     0x00000000   Number         0  dc.o ABSOLUTE
    handlers.s                               0x00000000   Number         0  handlers.o ABSOLUTE
    init.s                                   0x00000000   Number         0  init.o ABSOLUTE
    main.c                                   0x00000000   Number         0  main.o ABSOLUTE
    main.c                                   0x00000000   Number         0  main.o ABSOLUTE
    stm32l1xx_it.c                           0x00000000   Number         0  stm32l1xx_it.o ABSOLUTE
    stm32l1xx_it.c                           0x00000000   Number         0  stm32l1xx_it.o ABSOLUTE
    RESET                                    0x08000000   Section      244  startup_stm32l1xx_md.o(RESET)
    .ARM.Collect$$$$00000000                 0x080000f4   Section        0  entry.o(.ARM.Collect$$$$00000000)
    .ARM.Collect$$$$00000001                 0x080000f4   Section        4  entry2.o(.ARM.Collect$$$$00000001)
    .ARM.Collect$$$$00000004                 0x080000f8   Section        4  entry5.o(.ARM.Collect$$$$00000004)
    .ARM.Collect$$$$00000008                 0x080000fc   Section        0  entry7b.o(.ARM.Collect$$$$00000008)
    .ARM.Collect$$$$0000000A                 0x080000fc   Section        0  entry8b.o(.ARM.Collect$$$$0000000A)
    .ARM.Collect$$$$0000000B                 0x080000fc   Section        8  entry9a.o(.ARM.Collect$$$$0000000B)
    .ARM.Collect$$$$0000000D                 0x08000104   Section        0  entry10a.o(.ARM.Collect$$$$0000000D)
    .ARM.Collect$$$$0000000F                 0x08000104   Section        0  entry11a.o(.ARM.Collect$$$$0000000F)
    .ARM.Collect$$$$00002712                 0x08000104   Section        4  entry2.o(.ARM.Collect$$$$00002712)
    __lit__00000000                          0x08000104   Data           4  entry2.o(.ARM.Collect$$$$00002712)
    .emb_text                                0x08000108   Section      140  port.o(.emb_text)
    .text                                    0x08000194   Section       36  startup_stm32l1xx_md.o(.text)
    .text                                    0x080001b8   Section        0  main.o(.text)
    .text                                    0x080002e8   Section        0  stm32l1xx_it.o(.text)
    .text                                    0x08000314   Section        0  stm32l1xx_gpio.o(.text)
    .text                                    0x08000550   Section        0  stm32l1xx_rcc.o(.text)
    .text                                    0x080009e0   Section        0  misc.o(.text)
    .text                                    0x08000ac0   Section        0  stm32l1xx_exti.o(.text)
    .text                                    0x08000bcc   Section        0  stm32l1xx_rtc.o(.text)
    RTC_ByteToBcd2                           0x08000e5f   Thumb Code    28  stm32l1xx_rtc.o(.text)
    RTC_Bcd2ToByte                           0x08000e7b   Thumb Code    22  stm32l1xx_rtc.o(.text)
    .text                                    0x0800190c   Section        0  stm32l1xx_pwr.o(.text)
    .text                                    0x08001a64   Section        0  stm32l1xx_spi.o(.text)
    .text                                    0x08001d60   Section        0  system_stm32l1xx.o(.text)
    SetSysClock                              0x08001d61   Thumb Code   252  system_stm32l1xx.o(.text)
    .text                                    0x08001fac   Section        0  oled.o(.text)
    .text                                    0x080024f8   Section        0  rtc.o(.text)
    .text                                    0x0800272c   Section        0  sdcard.o(.text)
    .text                                    0x08002c68   Section        0  spi.o(.text)
    .text                                    0x08002dd8   Section        0  list.o(.text)
    .text                                    0x08002e6c   Section        0  tasks.o(.text)
    prvInitialiseTaskLists                   0x08002e6d   Thumb Code    64  tasks.o(.text)
    prvInitialiseTCBVariables                0x08002ead   Thumb Code    70  tasks.o(.text)
    prvAllocateTCBAndStack                   0x08002ef3   Thumb Code    58  tasks.o(.text)
    prvAddCurrentTaskToDelayedList           0x080031bd   Thumb Code    62  tasks.o(.text)
    prvCheckTasksWaitingTermination          0x08003579   Thumb Code     2  tasks.o(.text)
    prvIdleTask                              0x0800357b   Thumb Code    20  tasks.o(.text)
    usTaskCheckFreeStackSpace                0x08003749   Thumb Code    22  tasks.o(.text)
    .text                                    0x08003858   Section        0  heap_2.o(.text)
    .text                                    0x08003970   Section        0  port.o(.text)
    prvSetupTimerInterrupt                   0x0800398b   Thumb Code    16  port.o(.text)
    .text                                    0x08003a20   Section        0  diskio.o(.text)
    .text                                    0x08003b70   Section        0  ff.o(.text)
    mem_cpy                                  0x08003b71   Thumb Code    26  ff.o(.text)
    mem_set                                  0x08003b8b   Thumb Code    20  ff.o(.text)
    mem_cmp                                  0x08003b9f   Thumb Code    38  ff.o(.text)
    chk_chr                                  0x08003bc5   Thumb Code    20  ff.o(.text)
    move_window                              0x08003bd9   Thumb Code   114  ff.o(.text)
    sync                                     0x08003c4b   Thumb Code   202  ff.o(.text)
    remove_chain                             0x08003f49   Thumb Code   104  ff.o(.text)
    create_chain                             0x08003fb1   Thumb Code   202  ff.o(.text)
    clmt_clust                               0x0800407b   Thumb Code    50  ff.o(.text)
    dir_sdi                                  0x080040ad   Thumb Code   156  ff.o(.text)
    dir_next                                 0x08004149   Thumb Code   280  ff.o(.text)
    dir_find                                 0x08004261   Thumb Code    92  ff.o(.text)
    dir_read                                 0x080042bd   Thumb Code    84  ff.o(.text)
    dir_register                             0x08004311   Thumb Code   110  ff.o(.text)
    dir_remove                               0x0800437f   Thumb Code    44  ff.o(.text)
    create_name                              0x080043ab   Thumb Code   344  ff.o(.text)
    get_fileinfo                             0x08004503   Thumb Code   152  ff.o(.text)
    follow_path                              0x0800459b   Thumb Code   186  ff.o(.text)
    check_fs                                 0x08004655   Thumb Code   138  ff.o(.text)
    chk_mounted                              0x080046df   Thumb Code   930  ff.o(.text)
    validate                                 0x08004a81   Thumb Code    42  ff.o(.text)
    .text                                    0x080064f8   Section        0  exfuns.o(.text)
    .text                                    0x08006680   Section        0  memseta.o(.text)
    .text                                    0x080066a4   Section        0  strncpy.o(.text)
    .text                                    0x080066bc   Section        0  strcmp.o(.text)
    .text                                    0x080066d8   Section        0  strcpy.o(.text)
    .text                                    0x080066ec   Section       36  init.o(.text)
    .text                                    0x08006710   Section        0  __dczerorl2.o(.text)
    i.__scatterload_copy                     0x08006766   Section       14  handlers.o(i.__scatterload_copy)
    i.__scatterload_null                     0x08006774   Section        2  handlers.o(i.__scatterload_null)
    i.__scatterload_zeroinit                 0x08006776   Section       14  handlers.o(i.__scatterload_zeroinit)
    .constdata                               0x08006784   Section     2660  oled.o(.constdata)
    .constdata                               0x080071e8   Section       44  ff.o(.constdata)
    vst                                      0x080071e8   Data          22  ff.o(.constdata)
    cst                                      0x080071fe   Data          22  ff.o(.constdata)
    .conststring                             0x08007214   Section      100  exfuns.o(.conststring)
    .data                                    0x20000000   Section       25  stm32l1xx_rcc.o(.data)
    PLLMulTable                              0x20000000   Data           9  stm32l1xx_rcc.o(.data)
    APBAHBPrescTable                         0x20000009   Data          16  stm32l1xx_rcc.o(.data)
    .data                                    0x2000001c   Section       29  system_stm32l1xx.o(.data)
    .data                                    0x20000039   Section        1  sdcard.o(.data)
    .data                                    0x2000003c   Section       56  tasks.o(.data)
    pxDelayedTaskList                        0x20000040   Data           4  tasks.o(.data)
    pxOverflowDelayedTaskList                0x20000044   Data           4  tasks.o(.data)
    uxCurrentNumberOfTasks                   0x20000048   Data           4  tasks.o(.data)
    xTickCount                               0x2000004c   Data           4  tasks.o(.data)
    uxTopUsedPriority                        0x20000050   Data           4  tasks.o(.data)
    uxTopReadyPriority                       0x20000054   Data           4  tasks.o(.data)
    xSchedulerRunning                        0x20000058   Data           4  tasks.o(.data)
    uxSchedulerSuspended                     0x2000005c   Data           4  tasks.o(.data)
    uxMissedTicks                            0x20000060   Data           4  tasks.o(.data)
    xMissedYield                             0x20000064   Data           4  tasks.o(.data)
    xNumOfOverflows                          0x20000068   Data           4  tasks.o(.data)
    uxTaskNumber                             0x2000006c   Data           4  tasks.o(.data)
    xNextTaskUnblockTime                     0x20000070   Data           4  tasks.o(.data)
    .data                                    0x20000074   Section       24  heap_2.o(.data)
    xStart                                   0x20000074   Data           8  heap_2.o(.data)
    xEnd                                     0x2000007c   Data           8  heap_2.o(.data)
    xFreeBytesRemaining                      0x20000084   Data           4  heap_2.o(.data)
    xHeapHasBeenInitialised                  0x20000088   Data           4  heap_2.o(.data)
    .data                                    0x2000008c   Section        4  port.o(.data)
    uxCriticalNesting                        0x2000008c   Data           4  port.o(.data)
    .data                                    0x20000090   Section        7  ff.o(.data)
    FatFs                                    0x20000090   Data           4  ff.o(.data)
    Fsid                                     0x20000094   Data           2  ff.o(.data)
    CurrVol                                  0x20000096   Data           1  ff.o(.data)
    .data                                    0x20000098   Section      336  exfuns.o(.data)
    .bss                                     0x200001e8   Section      512  oled.o(.bss)
    .bss                                     0x200003e8   Section       10  rtc.o(.bss)
    .bss                                     0x200003f4   Section      160  tasks.o(.bss)
    pxReadyTasksLists                        0x200003f4   Data          80  tasks.o(.bss)
    xDelayedTaskList1                        0x20000444   Data          20  tasks.o(.bss)
    xDelayedTaskList2                        0x20000458   Data          20  tasks.o(.bss)
    xPendingReadyList                        0x2000046c   Data          20  tasks.o(.bss)
    xSuspendedTaskList                       0x20000480   Data          20  tasks.o(.bss)
    .bss                                     0x20000498   Section     6144  heap_2.o(.bss)
    xHeap                                    0x20000498   Data        6144  heap_2.o(.bss)
    STACK                                    0x20001c98   Section     1024  startup_stm32l1xx_md.o(STACK)

    Global Symbols

    Symbol Name                              Value     Ov Type        Size  Object(Section)

    BuildAttributes$$THM_ISAv4$P$D$K$B$S$PE$A:L22UL41UL21$X:L11$S22US41US21$IEEE1$IW$USESV6$~STKCKD$USESV7$~SHL$OSPACE$EBA8$MICROLIB$REQ8$PRES8$EABIv2 0x00000000   Number         0  anon$$obj.o ABSOLUTE
    __ARM_use_no_argv                        0x00000000   Number         0  main.o ABSOLUTE
    __cpp_initialize__aeabi_                  - Undefined Weak Reference
    __cxa_finalize                            - Undefined Weak Reference
    _clock_init                               - Undefined Weak Reference
    _microlib_exit                            - Undefined Weak Reference
    __Vectors_Size                           0x000000f4   Number         0  startup_stm32l1xx_md.o ABSOLUTE
    __Vectors                                0x08000000   Data           4  startup_stm32l1xx_md.o(RESET)
    __Vectors_End                            0x080000f4   Data           0  startup_stm32l1xx_md.o(RESET)
    __main                                   0x080000f5   Thumb Code     0  entry.o(.ARM.Collect$$$$00000000)
    _main_stk                                0x080000f5   Thumb Code     0  entry2.o(.ARM.Collect$$$$00000001)
    _main_scatterload                        0x080000f9   Thumb Code     0  entry5.o(.ARM.Collect$$$$00000004)
    __main_after_scatterload                 0x080000fd   Thumb Code     0  entry5.o(.ARM.Collect$$$$00000004)
    _main_clock                              0x080000fd   Thumb Code     0  entry7b.o(.ARM.Collect$$$$00000008)
    _main_cpp_init                           0x080000fd   Thumb Code     0  entry8b.o(.ARM.Collect$$$$0000000A)
    _main_init                               0x080000fd   Thumb Code     0  entry9a.o(.ARM.Collect$$$$0000000B)
    __rt_final_cpp                           0x08000105   Thumb Code     0  entry10a.o(.ARM.Collect$$$$0000000D)
    __rt_final_exit                          0x08000105   Thumb Code     0  entry11a.o(.ARM.Collect$$$$0000000F)
    vPortSVCHandler                          0x08000109   Thumb Code    28  port.o(.emb_text)
    vPortStartFirstTask                      0x08000129   Thumb Code    16  port.o(.emb_text)
    xPortPendSVHandler                       0x0800013d   Thumb Code    56  port.o(.emb_text)
    vPortSetInterruptMask                    0x08000179   Thumb Code    14  port.o(.emb_text)
    vPortClearInterruptMask                  0x08000187   Thumb Code    14  port.o(.emb_text)
    Reset_Handler                            0x08000195   Thumb Code     8  startup_stm32l1xx_md.o(.text)
    ADC1_IRQHandler                          0x080001af   Thumb Code     0  startup_stm32l1xx_md.o(.text)
    COMP_IRQHandler                          0x080001af   Thumb Code     0  startup_stm32l1xx_md.o(.text)
    DAC_IRQHandler                           0x080001af   Thumb Code     0  startup_stm32l1xx_md.o(.text)
    DMA1_Channel1_IRQHandler                 0x080001af   Thumb Code     0  startup_stm32l1xx_md.o(.text)
    DMA1_Channel2_IRQHandler                 0x080001af   Thumb Code     0  startup_stm32l1xx_md.o(.text)
    DMA1_Channel3_IRQHandler                 0x080001af   Thumb Code     0  startup_stm32l1xx_md.o(.text)
    DMA1_Channel4_IRQHandler                 0x080001af   Thumb Code     0  startup_stm32l1xx_md.o(.text)
    DMA1_Channel5_IRQHandler                 0x080001af   Thumb Code     0  startup_stm32l1xx_md.o(.text)
    DMA1_Channel6_IRQHandler                 0x080001af   Thumb Code     0  startup_stm32l1xx_md.o(.text)
    DMA1_Channel7_IRQHandler                 0x080001af   Thumb Code     0  startup_stm32l1xx_md.o(.text)
    EXTI0_IRQHandler                         0x080001af   Thumb Code     0  startup_stm32l1xx_md.o(.text)
    EXTI15_10_IRQHandler                     0x080001af   Thumb Code     0  startup_stm32l1xx_md.o(.text)
    EXTI1_IRQHandler                         0x080001af   Thumb Code     0  startup_stm32l1xx_md.o(.text)
    EXTI2_IRQHandler                         0x080001af   Thumb Code     0  startup_stm32l1xx_md.o(.text)
    EXTI3_IRQHandler                         0x080001af   Thumb Code     0  startup_stm32l1xx_md.o(.text)
    EXTI4_IRQHandler                         0x080001af   Thumb Code     0  startup_stm32l1xx_md.o(.text)
    EXTI9_5_IRQHandler                       0x080001af   Thumb Code     0  startup_stm32l1xx_md.o(.text)
    FLASH_IRQHandler                         0x080001af   Thumb Code     0  startup_stm32l1xx_md.o(.text)
    I2C1_ER_IRQHandler                       0x080001af   Thumb Code     0  startup_stm32l1xx_md.o(.text)
    I2C1_EV_IRQHandler                       0x080001af   Thumb Code     0  startup_stm32l1xx_md.o(.text)
    I2C2_ER_IRQHandler                       0x080001af   Thumb Code     0  startup_stm32l1xx_md.o(.text)
    I2C2_EV_IRQHandler                       0x080001af   Thumb Code     0  startup_stm32l1xx_md.o(.text)
    LCD_IRQHandler                           0x080001af   Thumb Code     0  startup_stm32l1xx_md.o(.text)
    PVD_IRQHandler                           0x080001af   Thumb Code     0  startup_stm32l1xx_md.o(.text)
    RCC_IRQHandler                           0x080001af   Thumb Code     0  startup_stm32l1xx_md.o(.text)
    RTC_Alarm_IRQHandler                     0x080001af   Thumb Code     0  startup_stm32l1xx_md.o(.text)
    SPI1_IRQHandler                          0x080001af   Thumb Code     0  startup_stm32l1xx_md.o(.text)
    SPI2_IRQHandler                          0x080001af   Thumb Code     0  startup_stm32l1xx_md.o(.text)
    TAMPER_STAMP_IRQHandler                  0x080001af   Thumb Code     0  startup_stm32l1xx_md.o(.text)
    TIM10_IRQHandler                         0x080001af   Thumb Code     0  startup_stm32l1xx_md.o(.text)
    TIM11_IRQHandler                         0x080001af   Thumb Code     0  startup_stm32l1xx_md.o(.text)
    TIM2_IRQHandler                          0x080001af   Thumb Code     0  startup_stm32l1xx_md.o(.text)
    TIM3_IRQHandler                          0x080001af   Thumb Code     0  startup_stm32l1xx_md.o(.text)
    TIM4_IRQHandler                          0x080001af   Thumb Code     0  startup_stm32l1xx_md.o(.text)
    TIM6_IRQHandler                          0x080001af   Thumb Code     0  startup_stm32l1xx_md.o(.text)
    TIM7_IRQHandler                          0x080001af   Thumb Code     0  startup_stm32l1xx_md.o(.text)
    TIM9_IRQHandler                          0x080001af   Thumb Code     0  startup_stm32l1xx_md.o(.text)
    USART1_IRQHandler                        0x080001af   Thumb Code     0  startup_stm32l1xx_md.o(.text)
    USART2_IRQHandler                        0x080001af   Thumb Code     0  startup_stm32l1xx_md.o(.text)
    USART3_IRQHandler                        0x080001af   Thumb Code     0  startup_stm32l1xx_md.o(.text)
    USB_FS_WKUP_IRQHandler                   0x080001af   Thumb Code     0  startup_stm32l1xx_md.o(.text)
    USB_HP_IRQHandler                        0x080001af   Thumb Code     0  startup_stm32l1xx_md.o(.text)
    USB_LP_IRQHandler                        0x080001af   Thumb Code     0  startup_stm32l1xx_md.o(.text)
    WWDG_IRQHandler                          0x080001af   Thumb Code     0  startup_stm32l1xx_md.o(.text)
    vTaskButtonHandle                        0x080001b9   Thumb Code   204  main.o(.text)
    main                                     0x08000285   Thumb Code    36  main.o(.text)
    NMI_Handler                              0x080002e9   Thumb Code     2  stm32l1xx_it.o(.text)
    HardFault_Handler                        0x080002eb   Thumb Code    16  stm32l1xx_it.o(.text)
    MemManage_Handler                        0x080002fb   Thumb Code     4  stm32l1xx_it.o(.text)
    BusFault_Handler                         0x080002ff   Thumb Code     4  stm32l1xx_it.o(.text)
    UsageFault_Handler                       0x08000303   Thumb Code     4  stm32l1xx_it.o(.text)
    SVC_Handler                              0x08000307   Thumb Code     2  stm32l1xx_it.o(.text)
    DebugMon_Handler                         0x08000309   Thumb Code     2  stm32l1xx_it.o(.text)
    PendSV_Handler                           0x0800030b   Thumb Code     2  stm32l1xx_it.o(.text)
    SysTick_Handler                          0x0800030d   Thumb Code     2  stm32l1xx_it.o(.text)
    GPIO_DeInit                              0x08000315   Thumb Code   196  stm32l1xx_gpio.o(.text)
    GPIO_Init                                0x080003d9   Thumb Code   144  stm32l1xx_gpio.o(.text)
    GPIO_StructInit                          0x08000469   Thumb Code    18  stm32l1xx_gpio.o(.text)
    GPIO_PinLockConfig                       0x0800047b   Thumb Code    34  stm32l1xx_gpio.o(.text)
    GPIO_ReadInputDataBit                    0x0800049d   Thumb Code    18  stm32l1xx_gpio.o(.text)
    GPIO_ReadInputData                       0x080004af   Thumb Code     6  stm32l1xx_gpio.o(.text)
    GPIO_ReadOutputDataBit                   0x080004b5   Thumb Code    18  stm32l1xx_gpio.o(.text)
    GPIO_ReadOutputData                      0x080004c7   Thumb Code     6  stm32l1xx_gpio.o(.text)
    GPIO_SetBits                             0x080004cd   Thumb Code     4  stm32l1xx_gpio.o(.text)
    GPIO_ResetBits                           0x080004d1   Thumb Code     4  stm32l1xx_gpio.o(.text)
    GPIO_WriteBit                            0x080004d5   Thumb Code    10  stm32l1xx_gpio.o(.text)
    GPIO_Write                               0x080004df   Thumb Code     4  stm32l1xx_gpio.o(.text)
    GPIO_ToggleBits                          0x080004e3   Thumb Code     8  stm32l1xx_gpio.o(.text)
    GPIO_PinAFConfig                         0x080004eb   Thumb Code    70  stm32l1xx_gpio.o(.text)
    RCC_DeInit                               0x08000551   Thumb Code    74  stm32l1xx_rcc.o(.text)
    RCC_HSEConfig                            0x0800059b   Thumb Code    14  stm32l1xx_rcc.o(.text)
    RCC_GetFlagStatus                        0x080005a9   Thumb Code    48  stm32l1xx_rcc.o(.text)
    RCC_WaitForHSEStartUp                    0x080005d9   Thumb Code    56  stm32l1xx_rcc.o(.text)
    RCC_AdjustMSICalibrationValue            0x08000611   Thumb Code     8  stm32l1xx_rcc.o(.text)
    RCC_MSIRangeConfig                       0x08000619   Thumb Code    20  stm32l1xx_rcc.o(.text)
    RCC_MSICmd                               0x0800062d   Thumb Code     6  stm32l1xx_rcc.o(.text)
    RCC_AdjustHSICalibrationValue            0x08000633   Thumb Code    22  stm32l1xx_rcc.o(.text)
    RCC_HSICmd                               0x08000649   Thumb Code     6  stm32l1xx_rcc.o(.text)
    RCC_LSEConfig                            0x0800064f   Thumb Code    14  stm32l1xx_rcc.o(.text)
    RCC_LSICmd                               0x0800065d   Thumb Code     6  stm32l1xx_rcc.o(.text)
    RCC_PLLConfig                            0x08000663   Thumb Code    16  stm32l1xx_rcc.o(.text)
    RCC_PLLCmd                               0x08000673   Thumb Code     6  stm32l1xx_rcc.o(.text)
    RCC_ClockSecuritySystemCmd               0x08000679   Thumb Code     6  stm32l1xx_rcc.o(.text)
    RCC_LSEClockSecuritySystemCmd            0x0800067f   Thumb Code     8  stm32l1xx_rcc.o(.text)
    RCC_MCOConfig                            0x08000687   Thumb Code    12  stm32l1xx_rcc.o(.text)
    RCC_SYSCLKConfig                         0x08000693   Thumb Code    20  stm32l1xx_rcc.o(.text)
    RCC_GetSYSCLKSource                      0x080006a7   Thumb Code    12  stm32l1xx_rcc.o(.text)
    RCC_HCLKConfig                           0x080006b3   Thumb Code    20  stm32l1xx_rcc.o(.text)
    RCC_PCLK1Config                          0x080006c7   Thumb Code    20  stm32l1xx_rcc.o(.text)
    RCC_PCLK2Config                          0x080006db   Thumb Code    22  stm32l1xx_rcc.o(.text)
    RCC_GetClocksFreq                        0x080006f1   Thumb Code   248  stm32l1xx_rcc.o(.text)
    RCC_RTCCLKConfig                         0x080007e9   Thumb Code    64  stm32l1xx_rcc.o(.text)
    RCC_RTCCLKCmd                            0x08000829   Thumb Code     8  stm32l1xx_rcc.o(.text)
    RCC_RTCResetCmd                          0x08000831   Thumb Code     8  stm32l1xx_rcc.o(.text)
    RCC_AHBPeriphClockCmd                    0x08000839   Thumb Code    34  stm32l1xx_rcc.o(.text)
    RCC_APB2PeriphClockCmd                   0x0800085b   Thumb Code    34  stm32l1xx_rcc.o(.text)
    RCC_APB1PeriphClockCmd                   0x0800087d   Thumb Code    34  stm32l1xx_rcc.o(.text)
    RCC_AHBPeriphResetCmd                    0x0800089f   Thumb Code    34  stm32l1xx_rcc.o(.text)
    RCC_APB2PeriphResetCmd                   0x080008c1   Thumb Code    34  stm32l1xx_rcc.o(.text)
    RCC_APB1PeriphResetCmd                   0x080008e3   Thumb Code    34  stm32l1xx_rcc.o(.text)
    RCC_AHBPeriphClockLPModeCmd              0x08000905   Thumb Code    34  stm32l1xx_rcc.o(.text)
    RCC_APB2PeriphClockLPModeCmd             0x08000927   Thumb Code    66  stm32l1xx_rcc.o(.text)
    RCC_APB1PeriphClockLPModeCmd             0x08000969   Thumb Code    34  stm32l1xx_rcc.o(.text)
    RCC_ITConfig                             0x0800098b   Thumb Code    34  stm32l1xx_rcc.o(.text)
    RCC_ClearFlag                            0x080009ad   Thumb Code    18  stm32l1xx_rcc.o(.text)
    RCC_GetITStatus                          0x080009bf   Thumb Code    22  stm32l1xx_rcc.o(.text)
    RCC_ClearITPendingBit                    0x080009d5   Thumb Code     8  stm32l1xx_rcc.o(.text)
    NVIC_PriorityGroupConfig                 0x080009e1   Thumb Code    10  misc.o(.text)
    NVIC_Init                                0x080009eb   Thumb Code   106  misc.o(.text)
    NVIC_SetVectorTable                      0x08000a55   Thumb Code    14  misc.o(.text)
    NVIC_SystemLPConfig                      0x08000a63   Thumb Code    34  misc.o(.text)
    SysTick_CLKSourceConfig                  0x08000a85   Thumb Code    40  misc.o(.text)
    EXTI_DeInit                              0x08000ac1   Thumb Code    30  stm32l1xx_exti.o(.text)
    EXTI_Init                                0x08000adf   Thumb Code   142  stm32l1xx_exti.o(.text)
    EXTI_StructInit                          0x08000b6d   Thumb Code    16  stm32l1xx_exti.o(.text)
    EXTI_GenerateSWInterrupt                 0x08000b7d   Thumb Code    16  stm32l1xx_exti.o(.text)
    EXTI_GetFlagStatus                       0x08000b8d   Thumb Code    22  stm32l1xx_exti.o(.text)
    EXTI_ClearFlag                           0x08000ba3   Thumb Code     8  stm32l1xx_exti.o(.text)
    EXTI_GetITStatus                         0x08000bab   Thumb Code    22  stm32l1xx_exti.o(.text)
    EXTI_ClearITPendingBit                   0x08000bc1   Thumb Code     8  stm32l1xx_exti.o(.text)
    RTC_WaitForSynchro                       0x08000bcd   Thumb Code    92  stm32l1xx_rtc.o(.text)
    RTC_EnterInitMode                        0x08000c29   Thumb Code    84  stm32l1xx_rtc.o(.text)
    RTC_DeInit                               0x08000c7d   Thumb Code   204  stm32l1xx_rtc.o(.text)
    RTC_ExitInitMode                         0x08000d49   Thumb Code    18  stm32l1xx_rtc.o(.text)
    RTC_Init                                 0x08000d5b   Thumb Code    94  stm32l1xx_rtc.o(.text)
    RTC_StructInit                           0x08000db9   Thumb Code    14  stm32l1xx_rtc.o(.text)
    RTC_WriteProtectionCmd                   0x08000dc7   Thumb Code    22  stm32l1xx_rtc.o(.text)
    RTC_RefClockCmd                          0x08000ddd   Thumb Code    76  stm32l1xx_rtc.o(.text)
    RTC_BypassShadowCmd                      0x08000e29   Thumb Code    54  stm32l1xx_rtc.o(.text)
    RTC_SetTime                              0x08000e91   Thumb Code   200  stm32l1xx_rtc.o(.text)
    RTC_TimeStructInit                       0x08000f59   Thumb Code    12  stm32l1xx_rtc.o(.text)
    RTC_GetTime                              0x08000f65   Thumb Code    74  stm32l1xx_rtc.o(.text)
    RTC_GetSubSecond                         0x08000faf   Thumb Code    30  stm32l1xx_rtc.o(.text)
    RTC_SetDate                              0x08000fcd   Thumb Code   190  stm32l1xx_rtc.o(.text)
    RTC_DateStructInit                       0x0800108b   Thumb Code    14  stm32l1xx_rtc.o(.text)
    RTC_GetDate                              0x08001099   Thumb Code    70  stm32l1xx_rtc.o(.text)
    RTC_SetAlarm                             0x080010df   Thumb Code   230  stm32l1xx_rtc.o(.text)
    RTC_AlarmStructInit                      0x080011c5   Thumb Code    22  stm32l1xx_rtc.o(.text)
    RTC_GetAlarm                             0x080011db   Thumb Code   114  stm32l1xx_rtc.o(.text)
    RTC_AlarmCmd                             0x0800124d   Thumb Code   112  stm32l1xx_rtc.o(.text)
    RTC_AlarmSubSecondConfig                 0x080012bd   Thumb Code    46  stm32l1xx_rtc.o(.text)
    RTC_GetAlarmSubSecond                    0x080012eb   Thumb Code    34  stm32l1xx_rtc.o(.text)
    RTC_WakeUpClockConfig                    0x0800130d   Thumb Code    42  stm32l1xx_rtc.o(.text)
    RTC_SetWakeUpCounter                     0x08001337   Thumb Code    22  stm32l1xx_rtc.o(.text)
    RTC_GetWakeUpCounter                     0x0800134d   Thumb Code    10  stm32l1xx_rtc.o(.text)
    RTC_WakeUpCmd                            0x08001357   Thumb Code   116  stm32l1xx_rtc.o(.text)
    RTC_DayLightSavingConfig                 0x080013cb   Thumb Code    50  stm32l1xx_rtc.o(.text)
    RTC_GetStoreOperation                    0x080013fd   Thumb Code    12  stm32l1xx_rtc.o(.text)
    RTC_OutputConfig                         0x08001409   Thumb Code    60  stm32l1xx_rtc.o(.text)
    RTC_CoarseCalibConfig                    0x08001445   Thumb Code    52  stm32l1xx_rtc.o(.text)
    RTC_CoarseCalibCmd                       0x08001479   Thumb Code    76  stm32l1xx_rtc.o(.text)
    RTC_CalibOutputCmd                       0x080014c5   Thumb Code    54  stm32l1xx_rtc.o(.text)
    RTC_CalibOutputConfig                    0x080014fb   Thumb Code    42  stm32l1xx_rtc.o(.text)
    RTC_SmoothCalibConfig                    0x08001525   Thumb Code    90  stm32l1xx_rtc.o(.text)
    RTC_TimeStampCmd                         0x0800157f   Thumb Code    54  stm32l1xx_rtc.o(.text)
    RTC_GetTimeStamp                         0x080015b5   Thumb Code   144  stm32l1xx_rtc.o(.text)
    RTC_GetTimeStampSubSecond                0x08001645   Thumb Code     8  stm32l1xx_rtc.o(.text)
    RTC_TamperTriggerConfig                  0x0800164d   Thumb Code    38  stm32l1xx_rtc.o(.text)
    RTC_TamperCmd                            0x08001673   Thumb Code    34  stm32l1xx_rtc.o(.text)
    RTC_TamperFilterConfig                   0x08001695   Thumb Code    26  stm32l1xx_rtc.o(.text)
    RTC_TamperSamplingFreqConfig             0x080016af   Thumb Code    26  stm32l1xx_rtc.o(.text)
    RTC_TamperPinsPrechargeDuration          0x080016c9   Thumb Code    26  stm32l1xx_rtc.o(.text)
    RTC_TimeStampOnTamperDetectionCmd        0x080016e3   Thumb Code    38  stm32l1xx_rtc.o(.text)
    RTC_TamperPullUpCmd                      0x08001709   Thumb Code    38  stm32l1xx_rtc.o(.text)
    RTC_WriteBackupRegister                  0x0800172f   Thumb Code    26  stm32l1xx_rtc.o(.text)
    RTC_ReadBackupRegister                   0x08001749   Thumb Code    28  stm32l1xx_rtc.o(.text)
    RTC_OutputTypeConfig                     0x08001765   Thumb Code    26  stm32l1xx_rtc.o(.text)
    RTC_SynchroShiftConfig                   0x0800177f   Thumb Code   118  stm32l1xx_rtc.o(.text)
    RTC_ITConfig                             0x080017f5   Thumb Code   108  stm32l1xx_rtc.o(.text)
    RTC_GetFlagStatus                        0x08001861   Thumb Code    34  stm32l1xx_rtc.o(.text)
    RTC_ClearFlag                            0x08001883   Thumb Code    30  stm32l1xx_rtc.o(.text)
    RTC_GetITStatus                          0x080018a1   Thumb Code    66  stm32l1xx_rtc.o(.text)
    RTC_ClearITPendingBit                    0x080018e3   Thumb Code    32  stm32l1xx_rtc.o(.text)
    PWR_DeInit                               0x0800190d   Thumb Code    22  stm32l1xx_pwr.o(.text)
    PWR_RTCAccessCmd                         0x08001923   Thumb Code     6  stm32l1xx_pwr.o(.text)
    PWR_PVDLevelConfig                       0x08001929   Thumb Code    18  stm32l1xx_pwr.o(.text)
    PWR_PVDCmd                               0x0800193b   Thumb Code     6  stm32l1xx_pwr.o(.text)
    PWR_WakeUpPinCmd                         0x08001941   Thumb Code    20  stm32l1xx_pwr.o(.text)
    PWR_FastWakeUpCmd                        0x08001955   Thumb Code     6  stm32l1xx_pwr.o(.text)
    PWR_UltraLowPowerCmd                     0x0800195b   Thumb Code     6  stm32l1xx_pwr.o(.text)
    PWR_VoltageScalingConfig                 0x08001961   Thumb Code    24  stm32l1xx_pwr.o(.text)
    PWR_EnterLowPowerRunMode                 0x08001979   Thumb Code    50  stm32l1xx_pwr.o(.text)
    PWR_EnterSleepMode                       0x080019ab   Thumb Code    42  stm32l1xx_pwr.o(.text)
    PWR_EnterSTOPMode                        0x080019d5   Thumb Code    54  stm32l1xx_pwr.o(.text)
    PWR_EnterSTANDBYMode                     0x08001a0b   Thumb Code    42  stm32l1xx_pwr.o(.text)
    PWR_GetFlagStatus                        0x08001a35   Thumb Code    20  stm32l1xx_pwr.o(.text)
    PWR_ClearFlag                            0x08001a49   Thumb Code    14  stm32l1xx_pwr.o(.text)
    SPI_I2S_DeInit                           0x08001a65   Thumb Code    76  stm32l1xx_spi.o(.text)
    SPI_Init                                 0x08001ab1   Thumb Code    60  stm32l1xx_spi.o(.text)
    I2S_Init                                 0x08001aed   Thumb Code   212  stm32l1xx_spi.o(.text)
    SPI_StructInit                           0x08001bc1   Thumb Code    24  stm32l1xx_spi.o(.text)
    I2S_StructInit                           0x08001bd9   Thumb Code    20  stm32l1xx_spi.o(.text)
    SPI_Cmd                                  0x08001bed   Thumb Code    24  stm32l1xx_spi.o(.text)
    I2S_Cmd                                  0x08001c05   Thumb Code    24  stm32l1xx_spi.o(.text)
    SPI_DataSizeConfig                       0x08001c1d   Thumb Code    18  stm32l1xx_spi.o(.text)
    SPI_BiDirectionalLineConfig              0x08001c2f   Thumb Code    28  stm32l1xx_spi.o(.text)
    SPI_NSSInternalSoftwareConfig            0x08001c4b   Thumb Code    30  stm32l1xx_spi.o(.text)
    SPI_SSOutputCmd                          0x08001c69   Thumb Code    24  stm32l1xx_spi.o(.text)
    SPI_I2S_ReceiveData                      0x08001c81   Thumb Code     6  stm32l1xx_spi.o(.text)
    SPI_I2S_SendData                         0x08001c87   Thumb Code     4  stm32l1xx_spi.o(.text)
    SPI_CalculateCRC                         0x08001c8b   Thumb Code    24  stm32l1xx_spi.o(.text)
    SPI_TransmitCRC                          0x08001ca3   Thumb Code    10  stm32l1xx_spi.o(.text)
    SPI_GetCRC                               0x08001cad   Thumb Code    16  stm32l1xx_spi.o(.text)
    SPI_GetCRCPolynomial                     0x08001cbd   Thumb Code     6  stm32l1xx_spi.o(.text)
    SPI_I2S_DMACmd                           0x08001cc3   Thumb Code    18  stm32l1xx_spi.o(.text)
    SPI_I2S_ITConfig                         0x08001cd5   Thumb Code    32  stm32l1xx_spi.o(.text)
    SPI_I2S_GetFlagStatus                    0x08001cf5   Thumb Code    18  stm32l1xx_spi.o(.text)
    SPI_I2S_ClearFlag                        0x08001d07   Thumb Code     6  stm32l1xx_spi.o(.text)
    SPI_I2S_GetITStatus                      0x08001d0d   Thumb Code    52  stm32l1xx_spi.o(.text)
    SPI_I2S_ClearITPendingBit                0x08001d41   Thumb Code    20  stm32l1xx_spi.o(.text)
    SystemInit                               0x08001e5d   Thumb Code    88  system_stm32l1xx.o(.text)
    SystemCoreClockUpdate                    0x08001eb5   Thumb Code   204  system_stm32l1xx.o(.text)
    I2C_Stop                                 0x08001fad   Thumb Code    28  oled.o(.text)
    I2C_Ack                                  0x08001fc9   Thumb Code    28  oled.o(.text)
    I2C_WriteBit                             0x08001fe5   Thumb Code    72  oled.o(.text)
    I2C_Start                                0x0800202d   Thumb Code    36  oled.o(.text)
    OLED_Refresh_Gram                        0x08002051   Thumb Code    72  oled.o(.text)
    OLED_Clear                               0x08002099   Thumb Code    42  oled.o(.text)
    OLED_WR_Byte                             0x080020c3   Thumb Code    56  oled.o(.text)
    OLED_Init                                0x080020fb   Thumb Code   398  oled.o(.text)
    OLED_Display_On                          0x08002289   Thumb Code    28  oled.o(.text)
    OLED_Display_Off                         0x080022a5   Thumb Code    28  oled.o(.text)
    OLED_DrawPoint                           0x080022c1   Thumb Code    92  oled.o(.text)
    OLED_Fill                                0x0800231d   Thumb Code    58  oled.o(.text)
    OLED_ShowChar                            0x08002357   Thumb Code   180  oled.o(.text)
    oled_pow                                 0x0800240b   Thumb Code    22  oled.o(.text)
    OLED_ShowNum                             0x08002421   Thumb Code   148  oled.o(.text)
    OLED_ShowString                          0x080024b5   Thumb Code    68  oled.o(.text)
    RTC_Set_Date                             0x080024f9   Thumb Code    36  rtc.o(.text)
    RTC_Set_Time                             0x0800251d   Thumb Code    36  rtc.o(.text)
    RTC_Config_Init                          0x08002541   Thumb Code   144  rtc.o(.text)
    RTC_Set_WakeUp                           0x080025d1   Thumb Code   114  rtc.o(.text)
    RTC_Get                                  0x08002643   Thumb Code    64  rtc.o(.text)
    RTC_WKUP_IRQHandler                      0x08002683   Thumb Code   166  rtc.o(.text)
    SD_SPI_SpeedHigh                         0x0800272d   Thumb Code    10  sdcard.o(.text)
    SD_SPI_ReadWriteByte                     0x08002737   Thumb Code    12  sdcard.o(.text)
    SD_DisSelect                             0x08002743   Thumb Code    20  sdcard.o(.text)
    SD_WaitReady                             0x08002757   Thumb Code    34  sdcard.o(.text)
    SD_Select                                0x08002779   Thumb Code    30  sdcard.o(.text)
    SD_SendCmd                               0x08002797   Thumb Code   120  sdcard.o(.text)
    SD_TypeJudge                             0x0800280f   Thumb Code   336  sdcard.o(.text)
    SD_SPI_SpeedLow                          0x0800295f   Thumb Code    10  sdcard.o(.text)
    SD_SPI_Init                              0x08002969   Thumb Code    64  sdcard.o(.text)
    SD_Initialize                            0x080029a9   Thumb Code    62  sdcard.o(.text)
    SD_GetResponse                           0x080029e7   Thumb Code    38  sdcard.o(.text)
    SD_RecvData                              0x08002a0d   Thumb Code    56  sdcard.o(.text)
    SD_ReadDisk                              0x08002a45   Thumb Code   112  sdcard.o(.text)
    SD_SendBlock                             0x08002ab5   Thumb Code    82  sdcard.o(.text)
    SD_WriteDisk                             0x08002b07   Thumb Code   148  sdcard.o(.text)
    SD_GetCSD                                0x08002b9b   Thumb Code    42  sdcard.o(.text)
    SD_GetSectorCount                        0x08002bc5   Thumb Code   118  sdcard.o(.text)
    SD_GetCID                                0x08002c3b   Thumb Code    42  sdcard.o(.text)
    SPI1_ReadWriteByte                       0x08002c69   Thumb Code    50  spi.o(.text)
    SPI1_Config_Init                         0x08002c9b   Thumb Code   258  spi.o(.text)
    SPI1_SetSpeed                            0x08002d9d   Thumb Code    46  spi.o(.text)
    vListInitialise                          0x08002dd9   Thumb Code    26  list.o(.text)
    vListInitialiseItem                      0x08002df3   Thumb Code     6  list.o(.text)
    vListInsertEnd                           0x08002df9   Thumb Code    28  list.o(.text)
    vListInsert                              0x08002e15   Thumb Code    52  list.o(.text)
    vListRemove                              0x08002e49   Thumb Code    36  list.o(.text)
    xTaskGenericCreate                       0x08002f2d   Thumb Code   240  tasks.o(.text)
    vTaskIncrementTick                       0x0800301d   Thumb Code   228  tasks.o(.text)
    xTaskResumeAll                           0x08003101   Thumb Code   188  tasks.o(.text)
    vTaskSuspendAll                          0x080031fb   Thumb Code    12  tasks.o(.text)
    vTaskDelayUntil                          0x08003207   Thumb Code   186  tasks.o(.text)
    vTaskDelay                               0x080032c1   Thumb Code    48  tasks.o(.text)
    uxTaskPriorityGet                        0x080032f1   Thumb Code    30  tasks.o(.text)
    vTaskPrioritySet                         0x0800330f   Thumb Code   160  tasks.o(.text)
    vTaskSwitchContext                       0x080033af   Thumb Code    92  tasks.o(.text)
    vTaskSuspend                             0x0800340b   Thumb Code   100  tasks.o(.text)
    xTaskIsTaskSuspended                     0x0800346f   Thumb Code    60  tasks.o(.text)
    vTaskResume                              0x080034ab   Thumb Code    92  tasks.o(.text)
    xTaskResumeFromISR                       0x08003507   Thumb Code   114  tasks.o(.text)
    vTaskStartScheduler                      0x0800358f   Thumb Code    52  tasks.o(.text)
    vTaskEndScheduler                        0x080035c3   Thumb Code    18  tasks.o(.text)
    xTaskGetTickCount                        0x080035d5   Thumb Code    18  tasks.o(.text)
    xTaskGetTickCountFromISR                 0x080035e7   Thumb Code    20  tasks.o(.text)
    uxTaskGetNumberOfTasks                   0x080035fb   Thumb Code     6  tasks.o(.text)
    vTaskPlaceOnEventList                    0x08003601   Thumb Code    60  tasks.o(.text)
    xTaskRemoveFromEventList                 0x0800363d   Thumb Code    96  tasks.o(.text)
    vTaskSetTimeOutState                     0x0800369d   Thumb Code    72  tasks.o(.text)
    xTaskCheckForTimeOut                     0x080036e5   Thumb Code    92  tasks.o(.text)
    vTaskMissedYield                         0x08003741   Thumb Code     8  tasks.o(.text)
    uxTaskGetStackHighWaterMark              0x0800375f   Thumb Code    34  tasks.o(.text)
    xTaskGetCurrentTaskHandle                0x08003781   Thumb Code     6  tasks.o(.text)
    vTaskPriorityInherit                     0x08003787   Thumb Code   116  tasks.o(.text)
    vTaskPriorityDisinherit                  0x080037fb   Thumb Code    70  tasks.o(.text)
    pvPortMalloc                             0x08003859   Thumb Code   194  heap_2.o(.text)
    vPortFree                                0x0800391b   Thumb Code    56  heap_2.o(.text)
    xPortGetFreeHeapSize                     0x08003953   Thumb Code     6  heap_2.o(.text)
    vPortInitialiseBlocks                    0x08003959   Thumb Code     2  heap_2.o(.text)
    pxPortInitialiseStack                    0x08003971   Thumb Code    26  port.o(.text)
    xPortStartScheduler                      0x0800399b   Thumb Code    42  port.o(.text)
    vPortEndScheduler                        0x080039c5   Thumb Code     2  port.o(.text)
    vPortYieldFromISR                        0x080039c7   Thumb Code    12  port.o(.text)
    vPortEnterCritical                       0x080039d3   Thumb Code    18  port.o(.text)
    vPortExitCritical                        0x080039e5   Thumb Code    24  port.o(.text)
    xPortSysTickHandler                      0x080039fd   Thumb Code    28  port.o(.text)
    disk_initialize                          0x08003a21   Thumb Code    48  diskio.o(.text)
    disk_status                              0x08003a51   Thumb Code     6  diskio.o(.text)
    disk_read                                0x08003a57   Thumb Code    82  diskio.o(.text)
    disk_write                               0x08003aa9   Thumb Code    62  diskio.o(.text)
    disk_ioctl                               0x08003ae7   Thumb Code   104  diskio.o(.text)
    get_fattime                              0x08003b4f   Thumb Code     4  diskio.o(.text)
    ff_memalloc                              0x08003b53   Thumb Code    12  diskio.o(.text)
    ff_memfree                               0x08003b5f   Thumb Code    12  diskio.o(.text)
    clust2sect                               0x08003d15   Thumb Code    26  ff.o(.text)
    get_fat                                  0x08003d2f   Thumb Code   228  ff.o(.text)
    put_fat                                  0x08003e13   Thumb Code   310  ff.o(.text)
    f_mount                                  0x08004aab   Thumb Code    38  ff.o(.text)
    f_open                                   0x08004ad1   Thumb Code   366  ff.o(.text)
    f_read                                   0x08004c3f   Thumb Code   494  ff.o(.text)
    f_write                                  0x08004e2d   Thumb Code   544  ff.o(.text)
    f_sync                                   0x0800504d   Thumb Code   184  ff.o(.text)
    f_close                                  0x08005105   Thumb Code    22  ff.o(.text)
    f_chdrive                                0x0800511b   Thumb Code    18  ff.o(.text)
    f_chdir                                  0x0800512d   Thumb Code   100  ff.o(.text)
    f_lseek                                  0x08005191   Thumb Code   734  ff.o(.text)
    f_opendir                                0x0800546f   Thumb Code   110  ff.o(.text)
    f_readdir                                0x080054dd   Thumb Code    94  ff.o(.text)
    f_stat                                   0x0800553b   Thumb Code    58  ff.o(.text)
    f_getfree                                0x08005575   Thumb Code   276  ff.o(.text)
    f_truncate                               0x08005689   Thumb Code   156  ff.o(.text)
    f_unlink                                 0x08005725   Thumb Code   198  ff.o(.text)
    f_mkdir                                  0x080057eb   Thumb Code   398  ff.o(.text)
    f_chmod                                  0x08005979   Thumb Code    96  ff.o(.text)
    f_utime                                  0x080059d9   Thumb Code    98  ff.o(.text)
    f_rename                                 0x08005a3b   Thumb Code   302  ff.o(.text)
    f_mkfs                                   0x08005b69   Thumb Code  1582  ff.o(.text)
    f_gets                                   0x08006197   Thumb Code    78  ff.o(.text)
    f_putc                                   0x080061e5   Thumb Code    38  ff.o(.text)
    f_puts                                   0x0800620b   Thumb Code    42  ff.o(.text)
    f_printf                                 0x08006235   Thumb Code   708  ff.o(.text)
    exfuns_init                              0x080064f9   Thumb Code    82  exfuns.o(.text)
    char_upper                               0x0800654b   Thumb Code    26  exfuns.o(.text)
    f_typetell                               0x08006565   Thumb Code   188  exfuns.o(.text)
    exf_getfree                              0x08006621   Thumb Code    74  exfuns.o(.text)
    __aeabi_memset                           0x08006681   Thumb Code    14  memseta.o(.text)
    __aeabi_memset4                          0x08006681   Thumb Code     0  memseta.o(.text)
    __aeabi_memset8                          0x08006681   Thumb Code     0  memseta.o(.text)
    __aeabi_memclr                           0x0800668f   Thumb Code     4  memseta.o(.text)
    __aeabi_memclr4                          0x0800668f   Thumb Code     0  memseta.o(.text)
    __aeabi_memclr8                          0x0800668f   Thumb Code     0  memseta.o(.text)
    _memset$wrapper                          0x08006693   Thumb Code    18  memseta.o(.text)
    strncpy                                  0x080066a5   Thumb Code    24  strncpy.o(.text)
    strcmp                                   0x080066bd   Thumb Code    28  strcmp.o(.text)
    strcpy                                   0x080066d9   Thumb Code    18  strcpy.o(.text)
    __scatterload                            0x080066ed   Thumb Code    28  init.o(.text)
    __scatterload_rt2                        0x080066ed   Thumb Code     0  init.o(.text)
    __decompress                             0x08006711   Thumb Code     0  __dczerorl2.o(.text)
    __decompress1                            0x08006711   Thumb Code    86  __dczerorl2.o(.text)
    __scatterload_copy                       0x08006767   Thumb Code    14  handlers.o(i.__scatterload_copy)
    __scatterload_null                       0x08006775   Thumb Code     2  handlers.o(i.__scatterload_null)
    __scatterload_zeroinit                   0x08006777   Thumb Code    14  handlers.o(i.__scatterload_zeroinit)
    oled_asc2_1206                           0x08006784   Data        1140  oled.o(.constdata)
    oled_asc2_1608                           0x08006bf8   Data        1520  oled.o(.constdata)
    Region$$Table$$Base                      0x08007278   Number         0  anon$$obj.o(Region$$Table)
    Region$$Table$$Limit                     0x08007298   Number         0  anon$$obj.o(Region$$Table)
    SystemCoreClock                          0x2000001c   Data           4  system_stm32l1xx.o(.data)
    PLLMulTable                              0x20000020   Data           9  system_stm32l1xx.o(.data)
    AHBPrescTable                            0x20000029   Data          16  system_stm32l1xx.o(.data)
    SD_Type                                  0x20000039   Data           1  sdcard.o(.data)
    pxCurrentTCB                             0x2000003c   Data           4  tasks.o(.data)
    FILE_TYPE_TBL                            0x20000098   Data         312  exfuns.o(.data)
    fs                                       0x200001d0   Data           4  exfuns.o(.data)
    file                                     0x200001d4   Data           4  exfuns.o(.data)
    ftemp                                    0x200001d8   Data           4  exfuns.o(.data)
    br                                       0x200001dc   Data           4  exfuns.o(.data)
    bw                                       0x200001e0   Data           4  exfuns.o(.data)
    fatbuf                                   0x200001e4   Data           4  exfuns.o(.data)
    OLED_GRAM                                0x200001e8   Data         512  oled.o(.bss)
    calendar                                 0x200003e8   Data          10  rtc.o(.bss)
    __initial_sp                             0x20002098   Data           0  startup_stm32l1xx_md.o(STACK)



==============================================================================

Memory Map of the image

  Image Entry point : 0x08000195

  Load Region LR_1 (Base: 0x08000000, Size: 0x00007480, Max: 0xffffffff, ABSOLUTE, COMPRESSED[0x00007314])

    Execution Region ER_RO (Base: 0x08000000, Size: 0x00007298, Max: 0xffffffff, ABSOLUTE)

    Base Addr    Size         Type   Attr      Idx    E Section Name        Object

    0x08000000   0x000000f4   Data   RO            3    RESET               startup_stm32l1xx_md.o
    0x080000f4   0x00000000   Code   RO          697  * .ARM.Collect$$$$00000000  mc_w.l(entry.o)
    0x080000f4   0x00000004   Code   RO          712    .ARM.Collect$$$$00000001  mc_w.l(entry2.o)
    0x080000f8   0x00000004   Code   RO          715    .ARM.Collect$$$$00000004  mc_w.l(entry5.o)
    0x080000fc   0x00000000   Code   RO          717    .ARM.Collect$$$$00000008  mc_w.l(entry7b.o)
    0x080000fc   0x00000000   Code   RO          719    .ARM.Collect$$$$0000000A  mc_w.l(entry8b.o)
    0x080000fc   0x00000008   Code   RO          720    .ARM.Collect$$$$0000000B  mc_w.l(entry9a.o)
    0x08000104   0x00000000   Code   RO          722    .ARM.Collect$$$$0000000D  mc_w.l(entry10a.o)
    0x08000104   0x00000000   Code   RO          724    .ARM.Collect$$$$0000000F  mc_w.l(entry11a.o)
    0x08000104   0x00000004   Code   RO          713    .ARM.Collect$$$$00002712  mc_w.l(entry2.o)
    0x08000108   0x0000008c   Code   RO          612    .emb_text           port.o
    0x08000194   0x00000024   Code   RO            4  * .text               startup_stm32l1xx_md.o
    0x080001b8   0x00000130   Code   RO           12    .text               main.o
    0x080002e8   0x0000002c   Code   RO          182    .text               stm32l1xx_it.o
    0x08000314   0x0000023c   Code   RO          205    .text               stm32l1xx_gpio.o
    0x08000550   0x00000490   Code   RO          225    .text               stm32l1xx_rcc.o
    0x080009e0   0x000000e0   Code   RO          267    .text               misc.o
    0x08000ac0   0x0000010c   Code   RO          287    .text               stm32l1xx_exti.o
    0x08000bcc   0x00000d40   Code   RO          307    .text               stm32l1xx_rtc.o
    0x0800190c   0x00000158   Code   RO          327    .text               stm32l1xx_pwr.o
    0x08001a64   0x000002fc   Code   RO          347    .text               stm32l1xx_spi.o
    0x08001d60   0x0000024c   Code   RO          367    .text               system_stm32l1xx.o
    0x08001fac   0x0000054c   Code   RO          403    .text               oled.o
    0x080024f8   0x00000234   Code   RO          456    .text               rtc.o
    0x0800272c   0x0000053c   Code   RO          482    .text               sdcard.o
    0x08002c68   0x00000170   Code   RO          511    .text               spi.o
    0x08002dd8   0x00000094   Code   RO          529    .text               list.o
    0x08002e6c   0x000009ec   Code   RO          562    .text               tasks.o
    0x08003858   0x00000118   Code   RO          597    .text               heap_2.o
    0x08003970   0x000000b0   Code   RO          613    .text               port.o
    0x08003a20   0x00000150   Code   RO          632    .text               diskio.o
    0x08003b70   0x00002988   Code   RO          653    .text               ff.o
    0x080064f8   0x00000188   Code   RO          671    .text               exfuns.o
    0x08006680   0x00000024   Code   RO          702    .text               mc_w.l(memseta.o)
    0x080066a4   0x00000018   Code   RO          704    .text               mc_w.l(strncpy.o)
    0x080066bc   0x0000001c   Code   RO          706    .text               mc_w.l(strcmp.o)
    0x080066d8   0x00000012   Code   RO          708    .text               mc_w.l(strcpy.o)
    0x080066ea   0x00000002   PAD
    0x080066ec   0x00000024   Code   RO          726    .text               mc_w.l(init.o)
    0x08006710   0x00000056   Code   RO          736    .text               mc_w.l(__dczerorl2.o)
    0x08006766   0x0000000e   Code   RO          730    i.__scatterload_copy  mc_w.l(handlers.o)
    0x08006774   0x00000002   Code   RO          731    i.__scatterload_null  mc_w.l(handlers.o)
    0x08006776   0x0000000e   Code   RO          732    i.__scatterload_zeroinit  mc_w.l(handlers.o)
    0x08006784   0x00000a64   Data   RO          405    .constdata          oled.o
    0x080071e8   0x0000002c   Data   RO          654    .constdata          ff.o
    0x08007214   0x00000064   Data   RO          673    .conststring        exfuns.o
    0x08007278   0x00000020   Data   RO          728    Region$$Table       anon$$obj.o


    Execution Region ER_RW (Base: 0x20000000, Size: 0x000001e8, Max: 0xffffffff, ABSOLUTE, COMPRESSED[0x0000007c])

    Base Addr    Size         Type   Attr      Idx    E Section Name        Object

    0x20000000   0x00000019   Data   RW          226    .data               stm32l1xx_rcc.o
    0x20000019   0x00000003   PAD
    0x2000001c   0x0000001d   Data   RW          368    .data               system_stm32l1xx.o
    0x20000039   0x00000001   Data   RW          483    .data               sdcard.o
    0x2000003a   0x00000002   PAD
    0x2000003c   0x00000038   Data   RW          564    .data               tasks.o
    0x20000074   0x00000018   Data   RW          599    .data               heap_2.o
    0x2000008c   0x00000004   Data   RW          614    .data               port.o
    0x20000090   0x00000007   Data   RW          655    .data               ff.o
    0x20000097   0x00000001   PAD
    0x20000098   0x00000150   Data   RW          674    .data               exfuns.o


    Execution Region ER_ZI (Base: 0x200001e8, Size: 0x00001eb0, Max: 0xffffffff, ABSOLUTE)

    Base Addr    Size         Type   Attr      Idx    E Section Name        Object

    0x200001e8   0x00000200   Zero   RW          404    .bss                oled.o
    0x200003e8   0x0000000a   Zero   RW          457    .bss                rtc.o
    0x200003f2   0x00000002   PAD
    0x200003f4   0x000000a0   Zero   RW          563    .bss                tasks.o
    0x20000494   0x00000004   PAD
    0x20000498   0x00001800   Zero   RW          598    .bss                heap_2.o
    0x20001c98   0x00000400   Zero   RW            1    STACK               startup_stm32l1xx_md.o


==============================================================================

Image component sizes


      Code (inc. data)   RO Data    RW Data    ZI Data      Debug   Object Name

       336          6          0          0          0       3733   diskio.o
       392         22        100        336          0       2592   exfuns.o
     10632        118         44          7          0      27183   ff.o
       280         22          0         24       6144       3480   heap_2.o
       148          0          0          0          0       3201   list.o
       304         64          0          0          0     230265   main.o
       224         20          0          0          0       1777   misc.o
      1356         22       2660          0        512       5458   oled.o
       316         20          0          4          0       2589   port.o
       564          4          0          0         10       2826   rtc.o
      1340         12          0          1          0       5859   sdcard.o
       368         14          0          0          0       1092   spi.o
        36          8        244          0       1024        856   startup_stm32l1xx_md.o
       268          4          0          0          0       2175   stm32l1xx_exti.o
       572         32          0          0          0       3853   stm32l1xx_gpio.o
        44          6          0          0          0       1262   stm32l1xx_it.o
       344         14          0          0          0       3956   stm32l1xx_pwr.o
      1168         40          0         25          0       9389   stm32l1xx_rcc.o
      3392         46          0          0          0      14443   stm32l1xx_rtc.o
       764         12          0          0          0       5902   stm32l1xx_spi.o
       588         44          0         29          0       1787   system_stm32l1xx.o
      2540        158          0         56        160      12393   tasks.o

    ----------------------------------------------------------------------
     25976        688       3080        488       7856     346071   Object Totals
         0          0         32          0          0          0   (incl. Generated)
         0          0          0          6          6          0   (incl. Padding)

    ----------------------------------------------------------------------

      Code (inc. data)   RO Data    RW Data    ZI Data      Debug   Library Member Name

        86          0          0          0          0          0   __dczerorl2.o
         0          0          0          0          0          0   entry.o
         0          0          0          0          0          0   entry10a.o
         0          0          0          0          0          0   entry11a.o
         8          4          0          0          0          0   entry2.o
         4          0          0          0          0          0   entry5.o
         0          0          0          0          0          0   entry7b.o
         0          0          0          0          0          0   entry8b.o
         8          4          0          0          0          0   entry9a.o
        30          0          0          0          0          0   handlers.o
        36          8          0          0          0         68   init.o
        36          0          0          0          0        108   memseta.o
        28          0          0          0          0         76   strcmp.o
        18          0          0          0          0         68   strcpy.o
        24          0          0          0          0         76   strncpy.o

    ----------------------------------------------------------------------
       280         16          0          0          0        396   Library Totals
         2          0          0          0          0          0   (incl. Padding)

    ----------------------------------------------------------------------

      Code (inc. data)   RO Data    RW Data    ZI Data      Debug   Library Name

       278         16          0          0          0        396   mc_w.l

    ----------------------------------------------------------------------
       280         16          0          0          0        396   Library Totals

    ----------------------------------------------------------------------

==============================================================================


      Code (inc. data)   RO Data    RW Data    ZI Data      Debug   

     26256        704       3080        488       7856     344151   Grand Totals
     26256        704       3080        124       7856     344151   ELF Image Totals (compressed)
     26256        704       3080        124          0          0   ROM Totals

==============================================================================

    Total RO  Size (Code + RO Data)                29336 (  28.65kB)
    Total RW  Size (RW Data + ZI Data)              8344 (   8.15kB)
    Total ROM Size (Code + RO Data + RW Data)      29460 (  28.77kB)

==============================================================================

