ARM Linker, 5.03 [Build 76] [MDK-ARM Standard]

==============================================================================

Section Cross References

    startup_stm32l1xx_md.o(RESET) refers to startup_stm32l1xx_md.o(STACK) for __initial_sp
    startup_stm32l1xx_md.o(RESET) refers to startup_stm32l1xx_md.o(.text) for Reset_Handler
    startup_stm32l1xx_md.o(RESET) refers to stm32l1xx_it.o(.text) for NMI_Handler
    startup_stm32l1xx_md.o(RESET) refers to port.o(.emb_text) for vPortSVCHandler
    startup_stm32l1xx_md.o(RESET) refers to port.o(.text) for xPortSysTickHandler
    startup_stm32l1xx_md.o(.text) refers to system_stm32l1xx.o(.text) for SystemInit
    startup_stm32l1xx_md.o(.text) refers to entry.o(.ARM.Collect$$$$00000000) for __main
    main.o(.text) refers to tasks.o(.text) for xTaskGetTickCount
    main.o(.text) refers to oled.o(.text) for OLED_Init
    stm32l1xx_gpio.o(.text) refers to stm32l1xx_rcc.o(.text) for RCC_AHBPeriphResetCmd
    stm32l1xx_rcc.o(.text) refers to stm32l1xx_rcc.o(.data) for PLLMulTable
    stm32l1xx_usart.o(.text) refers to stm32l1xx_rcc.o(.text) for RCC_APB2PeriphResetCmd
    system_stm32l1xx.o(.text) refers to system_stm32l1xx.o(.data) for SystemCoreClock
    oled.o(.text) refers to stm32l1xx_gpio.o(.text) for GPIO_SetBits
    oled.o(.text) refers to stm32l1xx_rcc.o(.text) for RCC_AHBPeriphClockCmd
    oled.o(.text) refers to tasks.o(.text) for vTaskDelay
    oled.o(.text) refers to oled.o(.bss) for OLED_GRAM
    oled.o(.text) refers to oled.o(.constdata) for oled_asc2_1206
    queue.o(.text) refers to list.o(.text) for vListInitialise
    queue.o(.text) refers to heap_2.o(.text) for pvPortMalloc
    queue.o(.text) refers to port.o(.text) for vPortEnterCritical
    queue.o(.text) refers to tasks.o(.text) for xTaskRemoveFromEventList
    queue.o(.text) refers to memcpya.o(.text) for __aeabi_memcpy
    queue.o(.text) refers to port.o(.emb_text) for vPortSetInterruptMask
    tasks.o(.text) refers to list.o(.text) for vListInitialise
    tasks.o(.text) refers to strncpy.o(.text) for strncpy
    tasks.o(.text) refers to heap_2.o(.text) for pvPortMalloc
    tasks.o(.text) refers to memseta.o(.text) for __aeabi_memset
    tasks.o(.text) refers to port.o(.text) for pxPortInitialiseStack
    tasks.o(.text) refers to tasks.o(.bss) for pxReadyTasksLists
    tasks.o(.text) refers to tasks.o(.data) for pxDelayedTaskList
    tasks.o(.text) refers to port.o(.emb_text) for vPortSetInterruptMask
    heap_2.o(.text) refers to tasks.o(.text) for vTaskSuspendAll
    heap_2.o(.text) refers to heap_2.o(.data) for xHeapHasBeenInitialised
    heap_2.o(.text) refers to heap_2.o(.bss) for xHeap
    port.o(.emb_text) refers to tasks.o(.text) for vTaskSwitchContext
    port.o(.emb_text) refers to tasks.o(.data) for pxCurrentTCB
    port.o(.text) refers to port.o(.emb_text) for vPortStartFirstTask
    port.o(.text) refers to tasks.o(.text) for vTaskIncrementTick
    port.o(.text) refers to port.o(.data) for uxCriticalNesting
    entry.o(.ARM.Collect$$$$00000000) refers (Special) to entry10a.o(.ARM.Collect$$$$0000000D) for __rt_final_cpp
    entry.o(.ARM.Collect$$$$00000000) refers (Special) to entry11a.o(.ARM.Collect$$$$0000000F) for __rt_final_exit
    entry.o(.ARM.Collect$$$$00000000) refers (Special) to entry7b.o(.ARM.Collect$$$$00000008) for _main_clock
    entry.o(.ARM.Collect$$$$00000000) refers (Special) to entry8b.o(.ARM.Collect$$$$0000000A) for _main_cpp_init
    entry.o(.ARM.Collect$$$$00000000) refers (Special) to entry9a.o(.ARM.Collect$$$$0000000B) for _main_init
    entry.o(.ARM.Collect$$$$00000000) refers (Special) to entry5.o(.ARM.Collect$$$$00000004) for _main_scatterload
    entry.o(.ARM.Collect$$$$00000000) refers (Special) to entry2.o(.ARM.Collect$$$$00000001) for _main_stk
    entry2.o(.ARM.Collect$$$$00000001) refers to entry2.o(.ARM.Collect$$$$00002712) for __lit__00000000
    entry2.o(.ARM.Collect$$$$00002712) refers to startup_stm32l1xx_md.o(STACK) for __initial_sp
    entry2.o(__vectab_stack_and_reset_area) refers to startup_stm32l1xx_md.o(STACK) for __initial_sp
    entry2.o(__vectab_stack_and_reset_area) refers to entry.o(.ARM.Collect$$$$00000000) for __main
    entry5.o(.ARM.Collect$$$$00000004) refers to init.o(.text) for __scatterload
    entry9a.o(.ARM.Collect$$$$0000000B) refers to main.o(.text) for main
    entry9b.o(.ARM.Collect$$$$0000000C) refers to main.o(.text) for main
    init.o(.text) refers to entry5.o(.ARM.Collect$$$$00000004) for __main_after_scatterload


==============================================================================

Removing Unused input sections from the image.

    Removing startup_stm32l1xx_md.o(HEAP), (512 bytes).
    Removing main.o(.rev16_text), (4 bytes).
    Removing main.o(.revsh_text), (4 bytes).
    Removing stm32l1xx_it.o(.rev16_text), (4 bytes).
    Removing stm32l1xx_it.o(.revsh_text), (4 bytes).
    Removing stm32l1xx_gpio.o(.rev16_text), (4 bytes).
    Removing stm32l1xx_gpio.o(.revsh_text), (4 bytes).
    Removing stm32l1xx_rcc.o(.rev16_text), (4 bytes).
    Removing stm32l1xx_rcc.o(.revsh_text), (4 bytes).
    Removing stm32l1xx_usart.o(.rev16_text), (4 bytes).
    Removing stm32l1xx_usart.o(.revsh_text), (4 bytes).
    Removing stm32l1xx_usart.o(.text), (1016 bytes).
    Removing misc.o(.rev16_text), (4 bytes).
    Removing misc.o(.revsh_text), (4 bytes).
    Removing misc.o(.text), (228 bytes).
    Removing system_stm32l1xx.o(.rev16_text), (4 bytes).
    Removing system_stm32l1xx.o(.revsh_text), (4 bytes).
    Removing core_cm3.o(.emb_text), (32 bytes).
    Removing oled.o(.rev16_text), (4 bytes).
    Removing oled.o(.revsh_text), (4 bytes).
    Removing queue.o(.text), (1376 bytes).

21 unused section(s) (total 3228 bytes) removed from the image.

==============================================================================

Image Symbol Table

    Local Symbols

    Symbol Name                              Value     Ov Type        Size  Object(Section)

    ../clib/microlib/init/entry.s            0x00000000   Number         0  entry5.o ABSOLUTE
    ../clib/microlib/init/entry.s            0x00000000   Number         0  entry.o ABSOLUTE
    ../clib/microlib/init/entry.s            0x00000000   Number         0  entry9a.o ABSOLUTE
    ../clib/microlib/init/entry.s            0x00000000   Number         0  entry11b.o ABSOLUTE
    ../clib/microlib/init/entry.s            0x00000000   Number         0  entry11a.o ABSOLUTE
    ../clib/microlib/init/entry.s            0x00000000   Number         0  entry10b.o ABSOLUTE
    ../clib/microlib/init/entry.s            0x00000000   Number         0  entry10a.o ABSOLUTE
    ../clib/microlib/init/entry.s            0x00000000   Number         0  entry9b.o ABSOLUTE
    ../clib/microlib/init/entry.s            0x00000000   Number         0  entry8b.o ABSOLUTE
    ../clib/microlib/init/entry.s            0x00000000   Number         0  entry7b.o ABSOLUTE
    ../clib/microlib/init/entry.s            0x00000000   Number         0  entry7a.o ABSOLUTE
    ../clib/microlib/init/entry.s            0x00000000   Number         0  entry2.o ABSOLUTE
    ../clib/microlib/init/entry.s            0x00000000   Number         0  entry8a.o ABSOLUTE
    ../clib/microlib/string/memcpy.c         0x00000000   Number         0  memcpya.o ABSOLUTE
    ../clib/microlib/string/memcpy.c         0x00000000   Number         0  memcpyb.o ABSOLUTE
    ../clib/microlib/string/memset.c         0x00000000   Number         0  memseta.o ABSOLUTE
    ../clib/microlib/string/strncpy.c        0x00000000   Number         0  strncpy.o ABSOLUTE
    ..\CMSIS\core_cm3.c                      0x00000000   Number         0  core_cm3.o ABSOLUTE
    ..\CMSIS\startup\startup_stm32l1xx_md.s  0x00000000   Number         0  startup_stm32l1xx_md.o ABSOLUTE
    ..\CMSIS\system_stm32l1xx.c              0x00000000   Number         0  system_stm32l1xx.o ABSOLUTE
    ..\FWlib\src\misc.c                      0x00000000   Number         0  misc.o ABSOLUTE
    ..\FWlib\src\stm32l1xx_gpio.c            0x00000000   Number         0  stm32l1xx_gpio.o ABSOLUTE
    ..\FWlib\src\stm32l1xx_rcc.c             0x00000000   Number         0  stm32l1xx_rcc.o ABSOLUTE
    ..\FWlib\src\stm32l1xx_usart.c           0x00000000   Number         0  stm32l1xx_usart.o ABSOLUTE
    ..\FreeRTOS\list.c                       0x00000000   Number         0  list.o ABSOLUTE
    ..\FreeRTOS\portable\MemMang\heap_2.c    0x00000000   Number         0  heap_2.o ABSOLUTE
    ..\FreeRTOS\portable\RVDS\ARM_CM3\port.c 0x00000000   Number         0  port.o ABSOLUTE
    ..\FreeRTOS\queue.c                      0x00000000   Number         0  queue.o ABSOLUTE
    ..\FreeRTOS\tasks.c                      0x00000000   Number         0  tasks.o ABSOLUTE
    ..\HARDWARE\OLED\OLED.c                  0x00000000   Number         0  oled.o ABSOLUTE
    ..\\CMSIS\\core_cm3.c                    0x00000000   Number         0  core_cm3.o ABSOLUTE
    ..\\CMSIS\\system_stm32l1xx.c            0x00000000   Number         0  system_stm32l1xx.o ABSOLUTE
    ..\\FWlib\\src\\misc.c                   0x00000000   Number         0  misc.o ABSOLUTE
    ..\\FWlib\\src\\stm32l1xx_gpio.c         0x00000000   Number         0  stm32l1xx_gpio.o ABSOLUTE
    ..\\FWlib\\src\\stm32l1xx_rcc.c          0x00000000   Number         0  stm32l1xx_rcc.o ABSOLUTE
    ..\\FWlib\\src\\stm32l1xx_usart.c        0x00000000   Number         0  stm32l1xx_usart.o ABSOLUTE
    ..\\FreeRTOS\\portable\\RVDS\\ARM_CM3\\port.c 0x00000000   Number         0  port.o ABSOLUTE
    ..\\HARDWARE\\OLED\\OLED.c               0x00000000   Number         0  oled.o ABSOLUTE
    dc.s                                     0x00000000   Number         0  dc.o ABSOLUTE
    handlers.s                               0x00000000   Number         0  handlers.o ABSOLUTE
    init.s                                   0x00000000   Number         0  init.o ABSOLUTE
    main.c                                   0x00000000   Number         0  main.o ABSOLUTE
    main.c                                   0x00000000   Number         0  main.o ABSOLUTE
    stm32l1xx_it.c                           0x00000000   Number         0  stm32l1xx_it.o ABSOLUTE
    stm32l1xx_it.c                           0x00000000   Number         0  stm32l1xx_it.o ABSOLUTE
    RESET                                    0x08000000   Section      244  startup_stm32l1xx_md.o(RESET)
    .ARM.Collect$$$$00000000                 0x080000f4   Section        0  entry.o(.ARM.Collect$$$$00000000)
    .ARM.Collect$$$$00000001                 0x080000f4   Section        4  entry2.o(.ARM.Collect$$$$00000001)
    .ARM.Collect$$$$00000004                 0x080000f8   Section        4  entry5.o(.ARM.Collect$$$$00000004)
    .ARM.Collect$$$$00000008                 0x080000fc   Section        0  entry7b.o(.ARM.Collect$$$$00000008)
    .ARM.Collect$$$$0000000A                 0x080000fc   Section        0  entry8b.o(.ARM.Collect$$$$0000000A)
    .ARM.Collect$$$$0000000B                 0x080000fc   Section        8  entry9a.o(.ARM.Collect$$$$0000000B)
    .ARM.Collect$$$$0000000D                 0x08000104   Section        0  entry10a.o(.ARM.Collect$$$$0000000D)
    .ARM.Collect$$$$0000000F                 0x08000104   Section        0  entry11a.o(.ARM.Collect$$$$0000000F)
    .ARM.Collect$$$$00002712                 0x08000104   Section        4  entry2.o(.ARM.Collect$$$$00002712)
    __lit__00000000                          0x08000104   Data           4  entry2.o(.ARM.Collect$$$$00002712)
    .emb_text                                0x08000108   Section      140  port.o(.emb_text)
    .text                                    0x08000194   Section       36  startup_stm32l1xx_md.o(.text)
    .text                                    0x080001b8   Section        0  main.o(.text)
    .text                                    0x08000264   Section        0  stm32l1xx_it.o(.text)
    .text                                    0x08000280   Section        0  stm32l1xx_gpio.o(.text)
    .text                                    0x080004bc   Section        0  stm32l1xx_rcc.o(.text)
    .text                                    0x0800094c   Section        0  system_stm32l1xx.o(.text)
    SetSysClock                              0x0800094d   Thumb Code   248  system_stm32l1xx.o(.text)
    .text                                    0x08000b94   Section        0  oled.o(.text)
    .text                                    0x080010e0   Section        0  list.o(.text)
    .text                                    0x08001174   Section        0  tasks.o(.text)
    prvInitialiseTaskLists                   0x08001175   Thumb Code    64  tasks.o(.text)
    prvInitialiseTCBVariables                0x080011b5   Thumb Code    70  tasks.o(.text)
    prvAllocateTCBAndStack                   0x080011fb   Thumb Code    58  tasks.o(.text)
    prvAddCurrentTaskToDelayedList           0x080014c5   Thumb Code    62  tasks.o(.text)
    prvCheckTasksWaitingTermination          0x08001881   Thumb Code     2  tasks.o(.text)
    prvIdleTask                              0x08001883   Thumb Code    20  tasks.o(.text)
    usTaskCheckFreeStackSpace                0x08001a51   Thumb Code    22  tasks.o(.text)
    .text                                    0x08001b60   Section        0  heap_2.o(.text)
    .text                                    0x08001c78   Section        0  port.o(.text)
    prvSetupTimerInterrupt                   0x08001c93   Thumb Code    16  port.o(.text)
    .text                                    0x08001d28   Section        0  memseta.o(.text)
    .text                                    0x08001d4c   Section        0  strncpy.o(.text)
    .text                                    0x08001d64   Section       36  init.o(.text)
    i.__scatterload_copy                     0x08001d88   Section       14  handlers.o(i.__scatterload_copy)
    i.__scatterload_null                     0x08001d96   Section        2  handlers.o(i.__scatterload_null)
    i.__scatterload_zeroinit                 0x08001d98   Section       14  handlers.o(i.__scatterload_zeroinit)
    .constdata                               0x08001da6   Section     2660  oled.o(.constdata)
    .data                                    0x20000000   Section       25  stm32l1xx_rcc.o(.data)
    PLLMulTable                              0x20000000   Data           9  stm32l1xx_rcc.o(.data)
    APBAHBPrescTable                         0x20000009   Data          16  stm32l1xx_rcc.o(.data)
    .data                                    0x2000001c   Section       29  system_stm32l1xx.o(.data)
    .data                                    0x2000003c   Section       56  tasks.o(.data)
    uxCurrentNumberOfTasks                   0x20000040   Data           4  tasks.o(.data)
    xTickCount                               0x20000044   Data           4  tasks.o(.data)
    uxTopUsedPriority                        0x20000048   Data           4  tasks.o(.data)
    uxTopReadyPriority                       0x2000004c   Data           4  tasks.o(.data)
    xSchedulerRunning                        0x20000050   Data           4  tasks.o(.data)
    uxSchedulerSuspended                     0x20000054   Data           4  tasks.o(.data)
    uxMissedTicks                            0x20000058   Data           4  tasks.o(.data)
    xMissedYield                             0x2000005c   Data           4  tasks.o(.data)
    xNumOfOverflows                          0x20000060   Data           4  tasks.o(.data)
    uxTaskNumber                             0x20000064   Data           4  tasks.o(.data)
    xNextTaskUnblockTime                     0x20000068   Data           4  tasks.o(.data)
    pxDelayedTaskList                        0x2000006c   Data           4  tasks.o(.data)
    pxOverflowDelayedTaskList                0x20000070   Data           4  tasks.o(.data)
    .data                                    0x20000074   Section       24  heap_2.o(.data)
    xFreeBytesRemaining                      0x20000074   Data           4  heap_2.o(.data)
    xHeapHasBeenInitialised                  0x20000078   Data           4  heap_2.o(.data)
    xStart                                   0x2000007c   Data           8  heap_2.o(.data)
    xEnd                                     0x20000084   Data           8  heap_2.o(.data)
    .data                                    0x2000008c   Section        4  port.o(.data)
    uxCriticalNesting                        0x2000008c   Data           4  port.o(.data)
    .bss                                     0x20000090   Section      512  oled.o(.bss)
    .bss                                     0x20000290   Section      160  tasks.o(.bss)
    pxReadyTasksLists                        0x20000290   Data          80  tasks.o(.bss)
    xDelayedTaskList1                        0x200002e0   Data          20  tasks.o(.bss)
    xDelayedTaskList2                        0x200002f4   Data          20  tasks.o(.bss)
    xPendingReadyList                        0x20000308   Data          20  tasks.o(.bss)
    xSuspendedTaskList                       0x2000031c   Data          20  tasks.o(.bss)
    .bss                                     0x20000330   Section     6144  heap_2.o(.bss)
    xHeap                                    0x20000330   Data        6144  heap_2.o(.bss)
    STACK                                    0x20001b30   Section     1024  startup_stm32l1xx_md.o(STACK)

    Global Symbols

    Symbol Name                              Value     Ov Type        Size  Object(Section)

    BuildAttributes$$THM_ISAv4$P$D$K$B$S$PE$A:L22UL41UL21$X:L11$S22US41US21$IEEE1$IW$USESV6$~STKCKD$USESV7$~SHL$OSPACE$EBA8$MICROLIB$REQ8$PRES8$EABIv2 0x00000000   Number         0  anon$$obj.o ABSOLUTE
    __ARM_use_no_argv                        0x00000000   Number         0  main.o ABSOLUTE
    __cpp_initialize__aeabi_                  - Undefined Weak Reference
    __cxa_finalize                            - Undefined Weak Reference
    __decompress                              - Undefined Weak Reference
    _clock_init                               - Undefined Weak Reference
    _microlib_exit                            - Undefined Weak Reference
    __Vectors_Size                           0x000000f4   Number         0  startup_stm32l1xx_md.o ABSOLUTE
    __Vectors                                0x08000000   Data           4  startup_stm32l1xx_md.o(RESET)
    __Vectors_End                            0x080000f4   Data           0  startup_stm32l1xx_md.o(RESET)
    __main                                   0x080000f5   Thumb Code     0  entry.o(.ARM.Collect$$$$00000000)
    _main_stk                                0x080000f5   Thumb Code     0  entry2.o(.ARM.Collect$$$$00000001)
    _main_scatterload                        0x080000f9   Thumb Code     0  entry5.o(.ARM.Collect$$$$00000004)
    __main_after_scatterload                 0x080000fd   Thumb Code     0  entry5.o(.ARM.Collect$$$$00000004)
    _main_clock                              0x080000fd   Thumb Code     0  entry7b.o(.ARM.Collect$$$$00000008)
    _main_cpp_init                           0x080000fd   Thumb Code     0  entry8b.o(.ARM.Collect$$$$0000000A)
    _main_init                               0x080000fd   Thumb Code     0  entry9a.o(.ARM.Collect$$$$0000000B)
    __rt_final_cpp                           0x08000105   Thumb Code     0  entry10a.o(.ARM.Collect$$$$0000000D)
    __rt_final_exit                          0x08000105   Thumb Code     0  entry11a.o(.ARM.Collect$$$$0000000F)
    vPortSVCHandler                          0x08000109   Thumb Code    28  port.o(.emb_text)
    vPortStartFirstTask                      0x08000129   Thumb Code    16  port.o(.emb_text)
    xPortPendSVHandler                       0x0800013d   Thumb Code    56  port.o(.emb_text)
    vPortSetInterruptMask                    0x08000179   Thumb Code    14  port.o(.emb_text)
    vPortClearInterruptMask                  0x08000187   Thumb Code    14  port.o(.emb_text)
    Reset_Handler                            0x08000195   Thumb Code     8  startup_stm32l1xx_md.o(.text)
    ADC1_IRQHandler                          0x080001af   Thumb Code     0  startup_stm32l1xx_md.o(.text)
    COMP_IRQHandler                          0x080001af   Thumb Code     0  startup_stm32l1xx_md.o(.text)
    DAC_IRQHandler                           0x080001af   Thumb Code     0  startup_stm32l1xx_md.o(.text)
    DMA1_Channel1_IRQHandler                 0x080001af   Thumb Code     0  startup_stm32l1xx_md.o(.text)
    DMA1_Channel2_IRQHandler                 0x080001af   Thumb Code     0  startup_stm32l1xx_md.o(.text)
    DMA1_Channel3_IRQHandler                 0x080001af   Thumb Code     0  startup_stm32l1xx_md.o(.text)
    DMA1_Channel4_IRQHandler                 0x080001af   Thumb Code     0  startup_stm32l1xx_md.o(.text)
    DMA1_Channel5_IRQHandler                 0x080001af   Thumb Code     0  startup_stm32l1xx_md.o(.text)
    DMA1_Channel6_IRQHandler                 0x080001af   Thumb Code     0  startup_stm32l1xx_md.o(.text)
    DMA1_Channel7_IRQHandler                 0x080001af   Thumb Code     0  startup_stm32l1xx_md.o(.text)
    EXTI0_IRQHandler                         0x080001af   Thumb Code     0  startup_stm32l1xx_md.o(.text)
    EXTI15_10_IRQHandler                     0x080001af   Thumb Code     0  startup_stm32l1xx_md.o(.text)
    EXTI1_IRQHandler                         0x080001af   Thumb Code     0  startup_stm32l1xx_md.o(.text)
    EXTI2_IRQHandler                         0x080001af   Thumb Code     0  startup_stm32l1xx_md.o(.text)
    EXTI3_IRQHandler                         0x080001af   Thumb Code     0  startup_stm32l1xx_md.o(.text)
    EXTI4_IRQHandler                         0x080001af   Thumb Code     0  startup_stm32l1xx_md.o(.text)
    EXTI9_5_IRQHandler                       0x080001af   Thumb Code     0  startup_stm32l1xx_md.o(.text)
    FLASH_IRQHandler                         0x080001af   Thumb Code     0  startup_stm32l1xx_md.o(.text)
    I2C1_ER_IRQHandler                       0x080001af   Thumb Code     0  startup_stm32l1xx_md.o(.text)
    I2C1_EV_IRQHandler                       0x080001af   Thumb Code     0  startup_stm32l1xx_md.o(.text)
    I2C2_ER_IRQHandler                       0x080001af   Thumb Code     0  startup_stm32l1xx_md.o(.text)
    I2C2_EV_IRQHandler                       0x080001af   Thumb Code     0  startup_stm32l1xx_md.o(.text)
    LCD_IRQHandler                           0x080001af   Thumb Code     0  startup_stm32l1xx_md.o(.text)
    PVD_IRQHandler                           0x080001af   Thumb Code     0  startup_stm32l1xx_md.o(.text)
    RCC_IRQHandler                           0x080001af   Thumb Code     0  startup_stm32l1xx_md.o(.text)
    RTC_Alarm_IRQHandler                     0x080001af   Thumb Code     0  startup_stm32l1xx_md.o(.text)
    RTC_WKUP_IRQHandler                      0x080001af   Thumb Code     0  startup_stm32l1xx_md.o(.text)
    SPI1_IRQHandler                          0x080001af   Thumb Code     0  startup_stm32l1xx_md.o(.text)
    SPI2_IRQHandler                          0x080001af   Thumb Code     0  startup_stm32l1xx_md.o(.text)
    TAMPER_STAMP_IRQHandler                  0x080001af   Thumb Code     0  startup_stm32l1xx_md.o(.text)
    TIM10_IRQHandler                         0x080001af   Thumb Code     0  startup_stm32l1xx_md.o(.text)
    TIM11_IRQHandler                         0x080001af   Thumb Code     0  startup_stm32l1xx_md.o(.text)
    TIM2_IRQHandler                          0x080001af   Thumb Code     0  startup_stm32l1xx_md.o(.text)
    TIM3_IRQHandler                          0x080001af   Thumb Code     0  startup_stm32l1xx_md.o(.text)
    TIM4_IRQHandler                          0x080001af   Thumb Code     0  startup_stm32l1xx_md.o(.text)
    TIM6_IRQHandler                          0x080001af   Thumb Code     0  startup_stm32l1xx_md.o(.text)
    TIM7_IRQHandler                          0x080001af   Thumb Code     0  startup_stm32l1xx_md.o(.text)
    TIM9_IRQHandler                          0x080001af   Thumb Code     0  startup_stm32l1xx_md.o(.text)
    USART1_IRQHandler                        0x080001af   Thumb Code     0  startup_stm32l1xx_md.o(.text)
    USART2_IRQHandler                        0x080001af   Thumb Code     0  startup_stm32l1xx_md.o(.text)
    USART3_IRQHandler                        0x080001af   Thumb Code     0  startup_stm32l1xx_md.o(.text)
    USB_FS_WKUP_IRQHandler                   0x080001af   Thumb Code     0  startup_stm32l1xx_md.o(.text)
    USB_HP_IRQHandler                        0x080001af   Thumb Code     0  startup_stm32l1xx_md.o(.text)
    USB_LP_IRQHandler                        0x080001af   Thumb Code     0  startup_stm32l1xx_md.o(.text)
    WWDG_IRQHandler                          0x080001af   Thumb Code     0  startup_stm32l1xx_md.o(.text)
    oled_try                                 0x080001b9   Thumb Code    90  main.o(.text)
    main                                     0x08000213   Thumb Code    36  main.o(.text)
    NMI_Handler                              0x08000265   Thumb Code     2  stm32l1xx_it.o(.text)
    HardFault_Handler                        0x08000267   Thumb Code     4  stm32l1xx_it.o(.text)
    MemManage_Handler                        0x0800026b   Thumb Code     4  stm32l1xx_it.o(.text)
    BusFault_Handler                         0x0800026f   Thumb Code     4  stm32l1xx_it.o(.text)
    UsageFault_Handler                       0x08000273   Thumb Code     4  stm32l1xx_it.o(.text)
    SVC_Handler                              0x08000277   Thumb Code     2  stm32l1xx_it.o(.text)
    DebugMon_Handler                         0x08000279   Thumb Code     2  stm32l1xx_it.o(.text)
    PendSV_Handler                           0x0800027b   Thumb Code     2  stm32l1xx_it.o(.text)
    SysTick_Handler                          0x0800027d   Thumb Code     2  stm32l1xx_it.o(.text)
    GPIO_DeInit                              0x08000281   Thumb Code   196  stm32l1xx_gpio.o(.text)
    GPIO_Init                                0x08000345   Thumb Code   144  stm32l1xx_gpio.o(.text)
    GPIO_StructInit                          0x080003d5   Thumb Code    18  stm32l1xx_gpio.o(.text)
    GPIO_PinLockConfig                       0x080003e7   Thumb Code    34  stm32l1xx_gpio.o(.text)
    GPIO_ReadInputDataBit                    0x08000409   Thumb Code    18  stm32l1xx_gpio.o(.text)
    GPIO_ReadInputData                       0x0800041b   Thumb Code     6  stm32l1xx_gpio.o(.text)
    GPIO_ReadOutputDataBit                   0x08000421   Thumb Code    18  stm32l1xx_gpio.o(.text)
    GPIO_ReadOutputData                      0x08000433   Thumb Code     6  stm32l1xx_gpio.o(.text)
    GPIO_SetBits                             0x08000439   Thumb Code     4  stm32l1xx_gpio.o(.text)
    GPIO_ResetBits                           0x0800043d   Thumb Code     4  stm32l1xx_gpio.o(.text)
    GPIO_WriteBit                            0x08000441   Thumb Code    10  stm32l1xx_gpio.o(.text)
    GPIO_Write                               0x0800044b   Thumb Code     4  stm32l1xx_gpio.o(.text)
    GPIO_ToggleBits                          0x0800044f   Thumb Code     8  stm32l1xx_gpio.o(.text)
    GPIO_PinAFConfig                         0x08000457   Thumb Code    70  stm32l1xx_gpio.o(.text)
    RCC_DeInit                               0x080004bd   Thumb Code    74  stm32l1xx_rcc.o(.text)
    RCC_HSEConfig                            0x08000507   Thumb Code    14  stm32l1xx_rcc.o(.text)
    RCC_GetFlagStatus                        0x08000515   Thumb Code    48  stm32l1xx_rcc.o(.text)
    RCC_WaitForHSEStartUp                    0x08000545   Thumb Code    56  stm32l1xx_rcc.o(.text)
    RCC_AdjustMSICalibrationValue            0x0800057d   Thumb Code     8  stm32l1xx_rcc.o(.text)
    RCC_MSIRangeConfig                       0x08000585   Thumb Code    20  stm32l1xx_rcc.o(.text)
    RCC_MSICmd                               0x08000599   Thumb Code     6  stm32l1xx_rcc.o(.text)
    RCC_AdjustHSICalibrationValue            0x0800059f   Thumb Code    22  stm32l1xx_rcc.o(.text)
    RCC_HSICmd                               0x080005b5   Thumb Code     6  stm32l1xx_rcc.o(.text)
    RCC_LSEConfig                            0x080005bb   Thumb Code    14  stm32l1xx_rcc.o(.text)
    RCC_LSICmd                               0x080005c9   Thumb Code     6  stm32l1xx_rcc.o(.text)
    RCC_PLLConfig                            0x080005cf   Thumb Code    16  stm32l1xx_rcc.o(.text)
    RCC_PLLCmd                               0x080005df   Thumb Code     6  stm32l1xx_rcc.o(.text)
    RCC_ClockSecuritySystemCmd               0x080005e5   Thumb Code     6  stm32l1xx_rcc.o(.text)
    RCC_LSEClockSecuritySystemCmd            0x080005eb   Thumb Code     8  stm32l1xx_rcc.o(.text)
    RCC_MCOConfig                            0x080005f3   Thumb Code    12  stm32l1xx_rcc.o(.text)
    RCC_SYSCLKConfig                         0x080005ff   Thumb Code    20  stm32l1xx_rcc.o(.text)
    RCC_GetSYSCLKSource                      0x08000613   Thumb Code    12  stm32l1xx_rcc.o(.text)
    RCC_HCLKConfig                           0x0800061f   Thumb Code    20  stm32l1xx_rcc.o(.text)
    RCC_PCLK1Config                          0x08000633   Thumb Code    20  stm32l1xx_rcc.o(.text)
    RCC_PCLK2Config                          0x08000647   Thumb Code    22  stm32l1xx_rcc.o(.text)
    RCC_GetClocksFreq                        0x0800065d   Thumb Code   248  stm32l1xx_rcc.o(.text)
    RCC_RTCCLKConfig                         0x08000755   Thumb Code    64  stm32l1xx_rcc.o(.text)
    RCC_RTCCLKCmd                            0x08000795   Thumb Code     8  stm32l1xx_rcc.o(.text)
    RCC_RTCResetCmd                          0x0800079d   Thumb Code     8  stm32l1xx_rcc.o(.text)
    RCC_AHBPeriphClockCmd                    0x080007a5   Thumb Code    34  stm32l1xx_rcc.o(.text)
    RCC_APB2PeriphClockCmd                   0x080007c7   Thumb Code    34  stm32l1xx_rcc.o(.text)
    RCC_APB1PeriphClockCmd                   0x080007e9   Thumb Code    34  stm32l1xx_rcc.o(.text)
    RCC_AHBPeriphResetCmd                    0x0800080b   Thumb Code    34  stm32l1xx_rcc.o(.text)
    RCC_APB2PeriphResetCmd                   0x0800082d   Thumb Code    34  stm32l1xx_rcc.o(.text)
    RCC_APB1PeriphResetCmd                   0x0800084f   Thumb Code    34  stm32l1xx_rcc.o(.text)
    RCC_AHBPeriphClockLPModeCmd              0x08000871   Thumb Code    34  stm32l1xx_rcc.o(.text)
    RCC_APB2PeriphClockLPModeCmd             0x08000893   Thumb Code    66  stm32l1xx_rcc.o(.text)
    RCC_APB1PeriphClockLPModeCmd             0x080008d5   Thumb Code    34  stm32l1xx_rcc.o(.text)
    RCC_ITConfig                             0x080008f7   Thumb Code    34  stm32l1xx_rcc.o(.text)
    RCC_ClearFlag                            0x08000919   Thumb Code    18  stm32l1xx_rcc.o(.text)
    RCC_GetITStatus                          0x0800092b   Thumb Code    22  stm32l1xx_rcc.o(.text)
    RCC_ClearITPendingBit                    0x08000941   Thumb Code     8  stm32l1xx_rcc.o(.text)
    SystemInit                               0x08000a45   Thumb Code    88  system_stm32l1xx.o(.text)
    SystemCoreClockUpdate                    0x08000a9d   Thumb Code   204  system_stm32l1xx.o(.text)
    I2C_Start                                0x08000b95   Thumb Code    36  oled.o(.text)
    I2C_Stop                                 0x08000bb9   Thumb Code    28  oled.o(.text)
    I2C_Ack                                  0x08000bd5   Thumb Code    28  oled.o(.text)
    I2C_WriteBit                             0x08000bf1   Thumb Code    72  oled.o(.text)
    OLED_Refresh_Gram                        0x08000c39   Thumb Code    72  oled.o(.text)
    OLED_Clear                               0x08000c81   Thumb Code    42  oled.o(.text)
    OLED_WR_Byte                             0x08000cab   Thumb Code    56  oled.o(.text)
    OLED_Init                                0x08000ce3   Thumb Code   398  oled.o(.text)
    OLED_Display_On                          0x08000e71   Thumb Code    28  oled.o(.text)
    OLED_Display_Off                         0x08000e8d   Thumb Code    28  oled.o(.text)
    OLED_DrawPoint                           0x08000ea9   Thumb Code    92  oled.o(.text)
    OLED_Fill                                0x08000f05   Thumb Code    58  oled.o(.text)
    OLED_ShowChar                            0x08000f3f   Thumb Code   180  oled.o(.text)
    oled_pow                                 0x08000ff3   Thumb Code    22  oled.o(.text)
    OLED_ShowNum                             0x08001009   Thumb Code   148  oled.o(.text)
    OLED_ShowString                          0x0800109d   Thumb Code    68  oled.o(.text)
    vListInitialise                          0x080010e1   Thumb Code    26  list.o(.text)
    vListInitialiseItem                      0x080010fb   Thumb Code     6  list.o(.text)
    vListInsertEnd                           0x08001101   Thumb Code    28  list.o(.text)
    vListInsert                              0x0800111d   Thumb Code    52  list.o(.text)
    vListRemove                              0x08001151   Thumb Code    36  list.o(.text)
    xTaskGenericCreate                       0x08001235   Thumb Code   240  tasks.o(.text)
    vTaskIncrementTick                       0x08001325   Thumb Code   228  tasks.o(.text)
    xTaskResumeAll                           0x08001409   Thumb Code   188  tasks.o(.text)
    vTaskSuspendAll                          0x08001503   Thumb Code    12  tasks.o(.text)
    vTaskDelayUntil                          0x0800150f   Thumb Code   186  tasks.o(.text)
    vTaskDelay                               0x080015c9   Thumb Code    48  tasks.o(.text)
    uxTaskPriorityGet                        0x080015f9   Thumb Code    30  tasks.o(.text)
    vTaskPrioritySet                         0x08001617   Thumb Code   160  tasks.o(.text)
    vTaskSwitchContext                       0x080016b7   Thumb Code    92  tasks.o(.text)
    vTaskSuspend                             0x08001713   Thumb Code   100  tasks.o(.text)
    xTaskIsTaskSuspended                     0x08001777   Thumb Code    60  tasks.o(.text)
    vTaskResume                              0x080017b3   Thumb Code    92  tasks.o(.text)
    xTaskResumeFromISR                       0x0800180f   Thumb Code   114  tasks.o(.text)
    vTaskStartScheduler                      0x08001897   Thumb Code    52  tasks.o(.text)
    vTaskEndScheduler                        0x080018cb   Thumb Code    18  tasks.o(.text)
    xTaskGetTickCount                        0x080018dd   Thumb Code    18  tasks.o(.text)
    xTaskGetTickCountFromISR                 0x080018ef   Thumb Code    20  tasks.o(.text)
    uxTaskGetNumberOfTasks                   0x08001903   Thumb Code     6  tasks.o(.text)
    vTaskPlaceOnEventList                    0x08001909   Thumb Code    60  tasks.o(.text)
    xTaskRemoveFromEventList                 0x08001945   Thumb Code    96  tasks.o(.text)
    vTaskSetTimeOutState                     0x080019a5   Thumb Code    72  tasks.o(.text)
    xTaskCheckForTimeOut                     0x080019ed   Thumb Code    92  tasks.o(.text)
    vTaskMissedYield                         0x08001a49   Thumb Code     8  tasks.o(.text)
    uxTaskGetStackHighWaterMark              0x08001a67   Thumb Code    34  tasks.o(.text)
    xTaskGetCurrentTaskHandle                0x08001a89   Thumb Code     6  tasks.o(.text)
    vTaskPriorityInherit                     0x08001a8f   Thumb Code   116  tasks.o(.text)
    vTaskPriorityDisinherit                  0x08001b03   Thumb Code    70  tasks.o(.text)
    pvPortMalloc                             0x08001b61   Thumb Code   194  heap_2.o(.text)
    vPortFree                                0x08001c23   Thumb Code    56  heap_2.o(.text)
    xPortGetFreeHeapSize                     0x08001c5b   Thumb Code     6  heap_2.o(.text)
    vPortInitialiseBlocks                    0x08001c61   Thumb Code     2  heap_2.o(.text)
    pxPortInitialiseStack                    0x08001c79   Thumb Code    26  port.o(.text)
    xPortStartScheduler                      0x08001ca3   Thumb Code    42  port.o(.text)
    vPortEndScheduler                        0x08001ccd   Thumb Code     2  port.o(.text)
    vPortYieldFromISR                        0x08001ccf   Thumb Code    12  port.o(.text)
    vPortEnterCritical                       0x08001cdb   Thumb Code    18  port.o(.text)
    vPortExitCritical                        0x08001ced   Thumb Code    24  port.o(.text)
    xPortSysTickHandler                      0x08001d05   Thumb Code    28  port.o(.text)
    __aeabi_memset                           0x08001d29   Thumb Code    14  memseta.o(.text)
    __aeabi_memset4                          0x08001d29   Thumb Code     0  memseta.o(.text)
    __aeabi_memset8                          0x08001d29   Thumb Code     0  memseta.o(.text)
    __aeabi_memclr                           0x08001d37   Thumb Code     4  memseta.o(.text)
    __aeabi_memclr4                          0x08001d37   Thumb Code     0  memseta.o(.text)
    __aeabi_memclr8                          0x08001d37   Thumb Code     0  memseta.o(.text)
    _memset$wrapper                          0x08001d3b   Thumb Code    18  memseta.o(.text)
    strncpy                                  0x08001d4d   Thumb Code    24  strncpy.o(.text)
    __scatterload                            0x08001d65   Thumb Code    28  init.o(.text)
    __scatterload_rt2                        0x08001d65   Thumb Code     0  init.o(.text)
    __scatterload_copy                       0x08001d89   Thumb Code    14  handlers.o(i.__scatterload_copy)
    __scatterload_null                       0x08001d97   Thumb Code     2  handlers.o(i.__scatterload_null)
    __scatterload_zeroinit                   0x08001d99   Thumb Code    14  handlers.o(i.__scatterload_zeroinit)
    oled_asc2_1206                           0x08001da6   Data        1140  oled.o(.constdata)
    oled_asc2_1608                           0x0800221a   Data        1520  oled.o(.constdata)
    Region$$Table$$Base                      0x0800280c   Number         0  anon$$obj.o(Region$$Table)
    Region$$Table$$Limit                     0x0800282c   Number         0  anon$$obj.o(Region$$Table)
    SystemCoreClock                          0x2000001c   Data           4  system_stm32l1xx.o(.data)
    PLLMulTable                              0x20000020   Data           9  system_stm32l1xx.o(.data)
    AHBPrescTable                            0x20000029   Data          16  system_stm32l1xx.o(.data)
    pxCurrentTCB                             0x2000003c   Data           4  tasks.o(.data)
    OLED_GRAM                                0x20000090   Data         512  oled.o(.bss)
    __initial_sp                             0x20001f30   Data           0  startup_stm32l1xx_md.o(STACK)



==============================================================================

Memory Map of the image

  Image Entry point : 0x08000195

  Load Region LR_1 (Base: 0x08000000, Size: 0x000028bc, Max: 0xffffffff, ABSOLUTE)

    Execution Region ER_RO (Base: 0x08000000, Size: 0x0000282c, Max: 0xffffffff, ABSOLUTE)

    Base Addr    Size         Type   Attr      Idx    E Section Name        Object

    0x08000000   0x000000f4   Data   RO            3    RESET               startup_stm32l1xx_md.o
    0x080000f4   0x00000000   Code   RO          431  * .ARM.Collect$$$$00000000  mc_w.l(entry.o)
    0x080000f4   0x00000004   Code   RO          442    .ARM.Collect$$$$00000001  mc_w.l(entry2.o)
    0x080000f8   0x00000004   Code   RO          445    .ARM.Collect$$$$00000004  mc_w.l(entry5.o)
    0x080000fc   0x00000000   Code   RO          447    .ARM.Collect$$$$00000008  mc_w.l(entry7b.o)
    0x080000fc   0x00000000   Code   RO          449    .ARM.Collect$$$$0000000A  mc_w.l(entry8b.o)
    0x080000fc   0x00000008   Code   RO          450    .ARM.Collect$$$$0000000B  mc_w.l(entry9a.o)
    0x08000104   0x00000000   Code   RO          452    .ARM.Collect$$$$0000000D  mc_w.l(entry10a.o)
    0x08000104   0x00000000   Code   RO          454    .ARM.Collect$$$$0000000F  mc_w.l(entry11a.o)
    0x08000104   0x00000004   Code   RO          443    .ARM.Collect$$$$00002712  mc_w.l(entry2.o)
    0x08000108   0x0000008c   Code   RO          413    .emb_text           port.o
    0x08000194   0x00000024   Code   RO            4  * .text               startup_stm32l1xx_md.o
    0x080001b8   0x000000ac   Code   RO           12    .text               main.o
    0x08000264   0x0000001a   Code   RO          161    .text               stm32l1xx_it.o
    0x0800027e   0x00000002   PAD
    0x08000280   0x0000023c   Code   RO          184    .text               stm32l1xx_gpio.o
    0x080004bc   0x00000490   Code   RO          204    .text               stm32l1xx_rcc.o
    0x0800094c   0x00000248   Code   RO          266    .text               system_stm32l1xx.o
    0x08000b94   0x0000054c   Code   RO          302    .text               oled.o
    0x080010e0   0x00000094   Code   RO          330    .text               list.o
    0x08001174   0x000009ec   Code   RO          363    .text               tasks.o
    0x08001b60   0x00000118   Code   RO          398    .text               heap_2.o
    0x08001c78   0x000000b0   Code   RO          414    .text               port.o
    0x08001d28   0x00000024   Code   RO          436    .text               mc_w.l(memseta.o)
    0x08001d4c   0x00000018   Code   RO          438    .text               mc_w.l(strncpy.o)
    0x08001d64   0x00000024   Code   RO          456    .text               mc_w.l(init.o)
    0x08001d88   0x0000000e   Code   RO          460    i.__scatterload_copy  mc_w.l(handlers.o)
    0x08001d96   0x00000002   Code   RO          461    i.__scatterload_null  mc_w.l(handlers.o)
    0x08001d98   0x0000000e   Code   RO          462    i.__scatterload_zeroinit  mc_w.l(handlers.o)
    0x08001da6   0x00000a64   Data   RO          304    .constdata          oled.o
    0x0800280a   0x00000002   PAD
    0x0800280c   0x00000020   Data   RO          458    Region$$Table       anon$$obj.o


    Execution Region ER_RW (Base: 0x20000000, Size: 0x00000090, Max: 0xffffffff, ABSOLUTE)

    Base Addr    Size         Type   Attr      Idx    E Section Name        Object

    0x20000000   0x00000019   Data   RW          205    .data               stm32l1xx_rcc.o
    0x20000019   0x00000003   PAD
    0x2000001c   0x0000001d   Data   RW          267    .data               system_stm32l1xx.o
    0x20000039   0x00000003   PAD
    0x2000003c   0x00000038   Data   RW          365    .data               tasks.o
    0x20000074   0x00000018   Data   RW          400    .data               heap_2.o
    0x2000008c   0x00000004   Data   RW          415    .data               port.o


    Execution Region ER_ZI (Base: 0x20000090, Size: 0x00001ea0, Max: 0xffffffff, ABSOLUTE)

    Base Addr    Size         Type   Attr      Idx    E Section Name        Object

    0x20000090   0x00000200   Zero   RW          303    .bss                oled.o
    0x20000290   0x000000a0   Zero   RW          364    .bss                tasks.o
    0x20000330   0x00001800   Zero   RW          399    .bss                heap_2.o
    0x20001b30   0x00000400   Zero   RW            1    STACK               startup_stm32l1xx_md.o


==============================================================================

Image component sizes


      Code (inc. data)   RO Data    RW Data    ZI Data      Debug   Object Name

       280         22          0         24       6144       3312   heap_2.o
       148          0          0          0          0       2989   list.o
       172         46          0          0          0     198884   main.o
      1356         22       2660          0        512       5234   oled.o
       316         20          0          4          0       2421   port.o
        36          8        244          0       1024        792   startup_stm32l1xx_md.o
       572         32          0          0          0       3745   stm32l1xx_gpio.o
        26          0          0          0          0       1146   stm32l1xx_it.o
      1168         40          0         25          0       9221   stm32l1xx_rcc.o
       584         44          0         29          0       1619   system_stm32l1xx.o
      2540        158          0         56        160      12221   tasks.o

    ----------------------------------------------------------------------
      7200        392       2938        144       7840     241584   Object Totals
         0          0         32          0          0          0   (incl. Generated)
         2          0          2          6          0          0   (incl. Padding)

    ----------------------------------------------------------------------

      Code (inc. data)   RO Data    RW Data    ZI Data      Debug   Library Member Name

         0          0          0          0          0          0   entry.o
         0          0          0          0          0          0   entry10a.o
         0          0          0          0          0          0   entry11a.o
         8          4          0          0          0          0   entry2.o
         4          0          0          0          0          0   entry5.o
         0          0          0          0          0          0   entry7b.o
         0          0          0          0          0          0   entry8b.o
         8          4          0          0          0          0   entry9a.o
        30          0          0          0          0          0   handlers.o
        36          8          0          0          0         68   init.o
        36          0          0          0          0        108   memseta.o
        24          0          0          0          0         76   strncpy.o

    ----------------------------------------------------------------------
       146         16          0          0          0        252   Library Totals
         0          0          0          0          0          0   (incl. Padding)

    ----------------------------------------------------------------------

      Code (inc. data)   RO Data    RW Data    ZI Data      Debug   Library Name

       146         16          0          0          0        252   mc_w.l

    ----------------------------------------------------------------------
       146         16          0          0          0        252   Library Totals

    ----------------------------------------------------------------------

==============================================================================


      Code (inc. data)   RO Data    RW Data    ZI Data      Debug   

      7346        408       2938        144       7840     240692   Grand Totals
      7346        408       2938        144       7840     240692   ELF Image Totals
      7346        408       2938        144          0          0   ROM Totals

==============================================================================

    Total RO  Size (Code + RO Data)                10284 (  10.04kB)
    Total RW  Size (RW Data + ZI Data)              7984 (   7.80kB)
    Total ROM Size (Code + RO Data + RW Data)      10428 (  10.18kB)

==============================================================================

