ARM Linker, 5.03 [Build 76] [MDK-ARM Standard]

==============================================================================

Section Cross References

    startup_stm32l1xx_md.o(RESET) refers to startup_stm32l1xx_md.o(STACK) for __initial_sp
    startup_stm32l1xx_md.o(RESET) refers to startup_stm32l1xx_md.o(.text) for Reset_Handler
    startup_stm32l1xx_md.o(RESET) refers to stm32l1xx_it.o(.text) for NMI_Handler
    startup_stm32l1xx_md.o(RESET) refers to port.o(.emb_text) for vPortSVCHandler
    startup_stm32l1xx_md.o(RESET) refers to port.o(.text) for xPortSysTickHandler
    startup_stm32l1xx_md.o(RESET) refers to rtc.o(.text) for RTC_WKUP_IRQHandler
    startup_stm32l1xx_md.o(RESET) refers to uart2.o(.text) for TIM3_IRQHandler
    startup_stm32l1xx_md.o(RESET) refers to uart1.o(.text) for TIM4_IRQHandler
    startup_stm32l1xx_md.o(.text) refers to system_stm32l1xx.o(.text) for SystemInit
    startup_stm32l1xx_md.o(.text) refers to entry.o(.ARM.Collect$$$$00000000) for __main
    main.o(.text) refers to misc.o(.text) for NVIC_PriorityGroupConfig
    main.o(.text) refers to uart2.o(.text) for USART2_Init
    main.o(.text) refers to tasks.o(.text) for xTaskGetTickCount
    main.o(.text) refers to oled.o(.text) for OLED_Init
    main.o(.text) refers to stm32l1xx_usart.o(.text) for USART_ITConfig
    main.o(.text) refers to uart2.o(.data) for USART2_RX_STA
    stm32l1xx_gpio.o(.text) refers to stm32l1xx_rcc.o(.text) for RCC_AHBPeriphResetCmd
    stm32l1xx_rcc.o(.text) refers to stm32l1xx_rcc.o(.data) for PLLMulTable
    stm32l1xx_usart.o(.text) refers to stm32l1xx_rcc.o(.text) for RCC_APB2PeriphResetCmd
    stm32l1xx_pwr.o(.text) refers to stm32l1xx_rcc.o(.text) for RCC_APB1PeriphResetCmd
    stm32l1xx_spi.o(.text) refers to stm32l1xx_rcc.o(.text) for RCC_APB2PeriphResetCmd
    stm32l1xx_tim.o(.text) refers to stm32l1xx_rcc.o(.text) for RCC_APB1PeriphResetCmd
    system_stm32l1xx.o(.text) refers to system_stm32l1xx.o(.data) for SystemCoreClock
    oled.o(.text) refers to stm32l1xx_gpio.o(.text) for GPIO_ResetBits
    oled.o(.text) refers to stm32l1xx_rcc.o(.text) for RCC_AHBPeriphClockCmd
    oled.o(.text) refers to tasks.o(.text) for vTaskDelay
    oled.o(.text) refers to oled.o(.bss) for OLED_GRAM
    oled.o(.text) refers to oled.o(.constdata) for oled_asc2_1206
    key.o(.text) refers to stm32l1xx_rcc.o(.text) for RCC_AHBPeriphClockCmd
    key.o(.text) refers to stm32l1xx_gpio.o(.text) for GPIO_Init
    key.o(.text) refers to tasks.o(.text) for vTaskDelay
    rtc.o(.text) refers to stm32l1xx_rtc.o(.text) for RTC_SetDate
    rtc.o(.text) refers to stm32l1xx_rcc.o(.text) for RCC_APB1PeriphClockCmd
    rtc.o(.text) refers to stm32l1xx_pwr.o(.text) for PWR_RTCAccessCmd
    rtc.o(.text) refers to tasks.o(.text) for vTaskDelay
    rtc.o(.text) refers to stm32l1xx_exti.o(.text) for EXTI_ClearITPendingBit
    rtc.o(.text) refers to misc.o(.text) for NVIC_Init
    rtc.o(.text) refers to oled.o(.text) for OLED_ShowNum
    rtc.o(.text) refers to rtc.o(.bss) for calendar
    sdcard.o(.text) refers to spi.o(.text) for SPI1_SetSpeed
    sdcard.o(.text) refers to stm32l1xx_gpio.o(.text) for GPIO_SetBits
    sdcard.o(.text) refers to sdcard.o(.data) for SD_Type
    spi.o(.text) refers to stm32l1xx_spi.o(.text) for SPI_I2S_GetFlagStatus
    spi.o(.text) refers to stm32l1xx_rcc.o(.text) for RCC_AHBPeriphClockCmd
    spi.o(.text) refers to stm32l1xx_gpio.o(.text) for GPIO_Init
    uart1.o(.text) refers to stm32l1xx_tim.o(.text) for TIM_SetCounter
    uart1.o(.text) refers to stm32l1xx_rcc.o(.text) for RCC_APB1PeriphClockCmd
    uart1.o(.text) refers to misc.o(.text) for NVIC_Init
    uart1.o(.text) refers to stm32l1xx_dma.o(.text) for DMA_DeInit
    uart1.o(.text) refers to stm32l1xx_gpio.o(.text) for GPIO_Init
    uart1.o(.text) refers to stm32l1xx_usart.o(.text) for USART_Init
    uart1.o(.text) refers to printfa.o(i.__0vsprintf) for __c89vsprintf
    uart1.o(.text) refers to strlen.o(.text) for strlen
    uart1.o(.text) refers to uart1.o(.bss) for USART1_TX_BUF
    uart1.o(.text) refers to uart1.o(.data) for USART1_RX_STA
    uart2.o(.text) refers to stm32l1xx_tim.o(.text) for TIM_SetCounter
    uart2.o(.text) refers to stm32l1xx_rcc.o(.text) for RCC_APB1PeriphClockCmd
    uart2.o(.text) refers to misc.o(.text) for NVIC_Init
    uart2.o(.text) refers to stm32l1xx_dma.o(.text) for DMA_DeInit
    uart2.o(.text) refers to stm32l1xx_gpio.o(.text) for GPIO_Init
    uart2.o(.text) refers to stm32l1xx_usart.o(.text) for USART_Init
    uart2.o(.text) refers to printfa.o(i.__0vsprintf) for __c89vsprintf
    uart2.o(.text) refers to strlen.o(.text) for strlen
    uart2.o(.text) refers to uart2.o(.bss) for USART2_TX_BUF
    uart2.o(.text) refers to uart2.o(.data) for USART2_RX_STA
    queue.o(.text) refers to list.o(.text) for vListInitialise
    queue.o(.text) refers to heap_2.o(.text) for pvPortMalloc
    queue.o(.text) refers to port.o(.text) for vPortEnterCritical
    queue.o(.text) refers to tasks.o(.text) for xTaskRemoveFromEventList
    queue.o(.text) refers to memcpya.o(.text) for __aeabi_memcpy
    queue.o(.text) refers to port.o(.emb_text) for vPortSetInterruptMask
    tasks.o(.text) refers to list.o(.text) for vListInitialise
    tasks.o(.text) refers to strncpy.o(.text) for strncpy
    tasks.o(.text) refers to heap_2.o(.text) for pvPortMalloc
    tasks.o(.text) refers to memseta.o(.text) for __aeabi_memset
    tasks.o(.text) refers to port.o(.text) for pxPortInitialiseStack
    tasks.o(.text) refers to tasks.o(.bss) for pxReadyTasksLists
    tasks.o(.text) refers to tasks.o(.data) for pxDelayedTaskList
    tasks.o(.text) refers to port.o(.emb_text) for vPortSetInterruptMask
    heap_2.o(.text) refers to tasks.o(.text) for vTaskSuspendAll
    heap_2.o(.text) refers to heap_2.o(.data) for xHeapHasBeenInitialised
    heap_2.o(.text) refers to heap_2.o(.bss) for xHeap
    port.o(.emb_text) refers to tasks.o(.text) for vTaskSwitchContext
    port.o(.emb_text) refers to tasks.o(.data) for pxCurrentTCB
    port.o(.text) refers to port.o(.emb_text) for vPortStartFirstTask
    port.o(.text) refers to tasks.o(.text) for vTaskIncrementTick
    port.o(.text) refers to port.o(.data) for uxCriticalNesting
    diskio.o(.text) refers to sdcard.o(.text) for SD_Initialize
    diskio.o(.text) refers to stm32l1xx_gpio.o(.text) for GPIO_ResetBits
    diskio.o(.text) refers to heap_2.o(.text) for pvPortMalloc
    ff.o(.text) refers to diskio.o(.text) for disk_write
    ff.o(.text) refers to ff.o(.data) for CurrVol
    ff.o(.text) refers to ff.o(.constdata) for vst
    exfuns.o(.text) refers to heap_2.o(.text) for pvPortMalloc
    exfuns.o(.text) refers to strcpy.o(.text) for strcpy
    exfuns.o(.text) refers to strcmp.o(.text) for strcmp
    exfuns.o(.text) refers to ff.o(.text) for f_getfree
    exfuns.o(.text) refers to exfuns.o(.data) for fs
    exfuns.o(.data) refers to exfuns.o(.conststring) for .conststring
    entry.o(.ARM.Collect$$$$00000000) refers (Special) to entry10a.o(.ARM.Collect$$$$0000000D) for __rt_final_cpp
    entry.o(.ARM.Collect$$$$00000000) refers (Special) to entry11a.o(.ARM.Collect$$$$0000000F) for __rt_final_exit
    entry.o(.ARM.Collect$$$$00000000) refers (Special) to entry7b.o(.ARM.Collect$$$$00000008) for _main_clock
    entry.o(.ARM.Collect$$$$00000000) refers (Special) to entry8b.o(.ARM.Collect$$$$0000000A) for _main_cpp_init
    entry.o(.ARM.Collect$$$$00000000) refers (Special) to entry9a.o(.ARM.Collect$$$$0000000B) for _main_init
    entry.o(.ARM.Collect$$$$00000000) refers (Special) to entry5.o(.ARM.Collect$$$$00000004) for _main_scatterload
    entry.o(.ARM.Collect$$$$00000000) refers (Special) to entry2.o(.ARM.Collect$$$$00000001) for _main_stk
    printfa.o(i.__0fprintf) refers (Special) to iusefp.o(.text) for __I$use$fp
    printfa.o(i.__0fprintf) refers to printfa.o(i._printf_core) for _printf_core
    printfa.o(i.__0fprintf) refers to fputc.o(i.fputc) for fputc
    printfa.o(i.__0printf) refers (Special) to iusefp.o(.text) for __I$use$fp
    printfa.o(i.__0printf) refers to printfa.o(i._printf_core) for _printf_core
    printfa.o(i.__0printf) refers to fputc.o(i.fputc) for fputc
    printfa.o(i.__0printf) refers to stdout.o(.data) for __stdout
    printfa.o(i.__0snprintf) refers (Special) to iusefp.o(.text) for __I$use$fp
    printfa.o(i.__0snprintf) refers to printfa.o(i._printf_core) for _printf_core
    printfa.o(i.__0snprintf) refers to printfa.o(i._snputc) for _snputc
    printfa.o(i.__0sprintf) refers (Special) to iusefp.o(.text) for __I$use$fp
    printfa.o(i.__0sprintf) refers to printfa.o(i._printf_core) for _printf_core
    printfa.o(i.__0sprintf) refers to printfa.o(i._sputc) for _sputc
    printfa.o(i.__0vfprintf) refers (Special) to iusefp.o(.text) for __I$use$fp
    printfa.o(i.__0vfprintf) refers to printfa.o(i._printf_core) for _printf_core
    printfa.o(i.__0vfprintf) refers to fputc.o(i.fputc) for fputc
    printfa.o(i.__0vprintf) refers (Special) to iusefp.o(.text) for __I$use$fp
    printfa.o(i.__0vprintf) refers to printfa.o(i._printf_core) for _printf_core
    printfa.o(i.__0vprintf) refers to fputc.o(i.fputc) for fputc
    printfa.o(i.__0vprintf) refers to stdout.o(.data) for __stdout
    printfa.o(i.__0vsnprintf) refers (Special) to iusefp.o(.text) for __I$use$fp
    printfa.o(i.__0vsnprintf) refers to printfa.o(i._printf_core) for _printf_core
    printfa.o(i.__0vsnprintf) refers to printfa.o(i._snputc) for _snputc
    printfa.o(i.__0vsprintf) refers (Special) to iusefp.o(.text) for __I$use$fp
    printfa.o(i.__0vsprintf) refers to printfa.o(i._printf_core) for _printf_core
    printfa.o(i.__0vsprintf) refers to printfa.o(i._sputc) for _sputc
    printfa.o(i._fp_digits) refers (Special) to iusefp.o(.text) for __I$use$fp
    printfa.o(i._fp_digits) refers to dmul.o(.text) for __aeabi_dmul
    printfa.o(i._fp_digits) refers to ddiv.o(.text) for __aeabi_ddiv
    printfa.o(i._fp_digits) refers to cdrcmple.o(.text) for __aeabi_cdrcmple
    printfa.o(i._fp_digits) refers to dadd.o(.text) for __aeabi_dadd
    printfa.o(i._fp_digits) refers to dfixul.o(.text) for __aeabi_d2ulz
    printfa.o(i._fp_digits) refers to uldiv.o(.text) for __aeabi_uldivmod
    printfa.o(i._printf_core) refers (Special) to iusefp.o(.text) for __I$use$fp
    printfa.o(i._printf_core) refers to printfa.o(i._printf_pre_padding) for _printf_pre_padding
    printfa.o(i._printf_core) refers to uldiv.o(.text) for __aeabi_uldivmod
    printfa.o(i._printf_core) refers to printfa.o(i._printf_post_padding) for _printf_post_padding
    printfa.o(i._printf_core) refers to printfa.o(i._fp_digits) for _fp_digits
    printfa.o(i._printf_core) refers to uidiv.o(.text) for __aeabi_uidivmod
    printfa.o(i._printf_post_padding) refers (Special) to iusefp.o(.text) for __I$use$fp
    printfa.o(i._printf_pre_padding) refers (Special) to iusefp.o(.text) for __I$use$fp
    printfa.o(i._snputc) refers (Special) to iusefp.o(.text) for __I$use$fp
    printfa.o(i._sputc) refers (Special) to iusefp.o(.text) for __I$use$fp
    entry2.o(.ARM.Collect$$$$00000001) refers to entry2.o(.ARM.Collect$$$$00002712) for __lit__00000000
    entry2.o(.ARM.Collect$$$$00002712) refers to startup_stm32l1xx_md.o(STACK) for __initial_sp
    entry2.o(__vectab_stack_and_reset_area) refers to startup_stm32l1xx_md.o(STACK) for __initial_sp
    entry2.o(__vectab_stack_and_reset_area) refers to entry.o(.ARM.Collect$$$$00000000) for __main
    entry5.o(.ARM.Collect$$$$00000004) refers to init.o(.text) for __scatterload
    entry9a.o(.ARM.Collect$$$$0000000B) refers to main.o(.text) for main
    entry9b.o(.ARM.Collect$$$$0000000C) refers to main.o(.text) for main
    fputc.o(i.fputc) refers (Special) to iusesemip.o(.text) for __I$use$semihosting$fputc
    fputc.o(i.fputc) refers (Special) to semi.o(.text) for __semihosting_library_function
    uldiv.o(.text) refers to llushr.o(.text) for __aeabi_llsr
    uldiv.o(.text) refers to llshl.o(.text) for __aeabi_llsl
    dadd.o(.text) refers to llshl.o(.text) for __aeabi_llsl
    dadd.o(.text) refers to llsshr.o(.text) for __aeabi_lasr
    dadd.o(.text) refers to depilogue.o(.text) for _double_epilogue
    dmul.o(.text) refers to depilogue.o(.text) for _double_epilogue
    ddiv.o(.text) refers to depilogue.o(.text) for _double_round
    dfixul.o(.text) refers to llushr.o(.text) for __aeabi_llsr
    dfixul.o(.text) refers to llshl.o(.text) for __aeabi_llsl
    init.o(.text) refers to entry5.o(.ARM.Collect$$$$00000004) for __main_after_scatterload
    depilogue.o(.text) refers to llshl.o(.text) for __aeabi_llsl
    depilogue.o(.text) refers to llushr.o(.text) for __aeabi_llsr


==============================================================================

Removing Unused input sections from the image.

    Removing startup_stm32l1xx_md.o(HEAP), (512 bytes).
    Removing main.o(.rev16_text), (4 bytes).
    Removing main.o(.revsh_text), (4 bytes).
    Removing stm32l1xx_it.o(.rev16_text), (4 bytes).
    Removing stm32l1xx_it.o(.revsh_text), (4 bytes).
    Removing stm32l1xx_gpio.o(.rev16_text), (4 bytes).
    Removing stm32l1xx_gpio.o(.revsh_text), (4 bytes).
    Removing stm32l1xx_rcc.o(.rev16_text), (4 bytes).
    Removing stm32l1xx_rcc.o(.revsh_text), (4 bytes).
    Removing stm32l1xx_usart.o(.rev16_text), (4 bytes).
    Removing stm32l1xx_usart.o(.revsh_text), (4 bytes).
    Removing misc.o(.rev16_text), (4 bytes).
    Removing misc.o(.revsh_text), (4 bytes).
    Removing stm32l1xx_exti.o(.rev16_text), (4 bytes).
    Removing stm32l1xx_exti.o(.revsh_text), (4 bytes).
    Removing stm32l1xx_rtc.o(.rev16_text), (4 bytes).
    Removing stm32l1xx_rtc.o(.revsh_text), (4 bytes).
    Removing stm32l1xx_pwr.o(.rev16_text), (4 bytes).
    Removing stm32l1xx_pwr.o(.revsh_text), (4 bytes).
    Removing stm32l1xx_spi.o(.rev16_text), (4 bytes).
    Removing stm32l1xx_spi.o(.revsh_text), (4 bytes).
    Removing stm32l1xx_spi.o(.text), (764 bytes).
    Removing stm32l1xx_dma.o(.rev16_text), (4 bytes).
    Removing stm32l1xx_dma.o(.revsh_text), (4 bytes).
    Removing stm32l1xx_tim.o(.rev16_text), (4 bytes).
    Removing stm32l1xx_tim.o(.revsh_text), (4 bytes).
    Removing system_stm32l1xx.o(.rev16_text), (4 bytes).
    Removing system_stm32l1xx.o(.revsh_text), (4 bytes).
    Removing core_cm3.o(.emb_text), (32 bytes).
    Removing oled.o(.rev16_text), (4 bytes).
    Removing oled.o(.revsh_text), (4 bytes).
    Removing key.o(.rev16_text), (4 bytes).
    Removing key.o(.revsh_text), (4 bytes).
    Removing key.o(.text), (296 bytes).
    Removing rtc.o(.rev16_text), (4 bytes).
    Removing rtc.o(.revsh_text), (4 bytes).
    Removing sdcard.o(.rev16_text), (4 bytes).
    Removing sdcard.o(.revsh_text), (4 bytes).
    Removing sdcard.o(.text), (1332 bytes).
    Removing sdcard.o(.data), (1 bytes).
    Removing spi.o(.rev16_text), (4 bytes).
    Removing spi.o(.revsh_text), (4 bytes).
    Removing spi.o(.text), (368 bytes).
    Removing uart1.o(.rev16_text), (4 bytes).
    Removing uart1.o(.revsh_text), (4 bytes).
    Removing uart2.o(.rev16_text), (4 bytes).
    Removing uart2.o(.revsh_text), (4 bytes).
    Removing queue.o(.text), (1376 bytes).
    Removing diskio.o(.rev16_text), (4 bytes).
    Removing diskio.o(.revsh_text), (4 bytes).
    Removing diskio.o(.text), (336 bytes).
    Removing ff.o(.text), (10614 bytes).
    Removing ff.o(.constdata), (44 bytes).
    Removing ff.o(.data), (7 bytes).
    Removing exfuns.o(.text), (392 bytes).
    Removing exfuns.o(.bss), (52 bytes).
    Removing exfuns.o(.conststring), (90 bytes).
    Removing exfuns.o(.data), (336 bytes).

58 unused section(s) (total 16720 bytes) removed from the image.

==============================================================================

Image Symbol Table

    Local Symbols

    Symbol Name                              Value     Ov Type        Size  Object(Section)

    ../clib/microlib/division.c              0x00000000   Number         0  uidiv.o ABSOLUTE
    ../clib/microlib/division.c              0x00000000   Number         0  uldiv.o ABSOLUTE
    ../clib/microlib/init/entry.s            0x00000000   Number         0  entry7a.o ABSOLUTE
    ../clib/microlib/init/entry.s            0x00000000   Number         0  entry5.o ABSOLUTE
    ../clib/microlib/init/entry.s            0x00000000   Number         0  entry2.o ABSOLUTE
    ../clib/microlib/init/entry.s            0x00000000   Number         0  entry7b.o ABSOLUTE
    ../clib/microlib/init/entry.s            0x00000000   Number         0  entry8a.o ABSOLUTE
    ../clib/microlib/init/entry.s            0x00000000   Number         0  entry8b.o ABSOLUTE
    ../clib/microlib/init/entry.s            0x00000000   Number         0  entry9a.o ABSOLUTE
    ../clib/microlib/init/entry.s            0x00000000   Number         0  entry9b.o ABSOLUTE
    ../clib/microlib/init/entry.s            0x00000000   Number         0  entry10b.o ABSOLUTE
    ../clib/microlib/init/entry.s            0x00000000   Number         0  entry11a.o ABSOLUTE
    ../clib/microlib/init/entry.s            0x00000000   Number         0  entry11b.o ABSOLUTE
    ../clib/microlib/init/entry.s            0x00000000   Number         0  entry10a.o ABSOLUTE
    ../clib/microlib/init/entry.s            0x00000000   Number         0  entry.o ABSOLUTE
    ../clib/microlib/longlong.c              0x00000000   Number         0  llshl.o ABSOLUTE
    ../clib/microlib/longlong.c              0x00000000   Number         0  llsshr.o ABSOLUTE
    ../clib/microlib/longlong.c              0x00000000   Number         0  llushr.o ABSOLUTE
    ../clib/microlib/printf/printf.c         0x00000000   Number         0  printfa.o ABSOLUTE
    ../clib/microlib/stdio/fputc.c           0x00000000   Number         0  fputc.o ABSOLUTE
    ../clib/microlib/stdio/semi.s            0x00000000   Number         0  semi.o ABSOLUTE
    ../clib/microlib/stdio/streams.c         0x00000000   Number         0  stdout.o ABSOLUTE
    ../clib/microlib/string/memcpy.c         0x00000000   Number         0  memcpyb.o ABSOLUTE
    ../clib/microlib/string/memcpy.c         0x00000000   Number         0  memcpya.o ABSOLUTE
    ../clib/microlib/string/memset.c         0x00000000   Number         0  memseta.o ABSOLUTE
    ../clib/microlib/string/strcmp.c         0x00000000   Number         0  strcmp.o ABSOLUTE
    ../clib/microlib/string/strcpy.c         0x00000000   Number         0  strcpy.o ABSOLUTE
    ../clib/microlib/string/strlen.c         0x00000000   Number         0  strlen.o ABSOLUTE
    ../clib/microlib/string/strncpy.c        0x00000000   Number         0  strncpy.o ABSOLUTE
    ../clib/microlib/stubs.s                 0x00000000   Number         0  iusefp.o ABSOLUTE
    ../clib/microlib/stubs.s                 0x00000000   Number         0  iusesemip.o ABSOLUTE
    ../fplib/microlib/fpadd.c                0x00000000   Number         0  dadd.o ABSOLUTE
    ../fplib/microlib/fpdiv.c                0x00000000   Number         0  ddiv.o ABSOLUTE
    ../fplib/microlib/fpepilogue.c           0x00000000   Number         0  depilogue.o ABSOLUTE
    ../fplib/microlib/fpfix.c                0x00000000   Number         0  dfixul.o ABSOLUTE
    ../fplib/microlib/fpmul.c                0x00000000   Number         0  dmul.o ABSOLUTE
    ..\CMSIS\core_cm3.c                      0x00000000   Number         0  core_cm3.o ABSOLUTE
    ..\CMSIS\startup\startup_stm32l1xx_md.s  0x00000000   Number         0  startup_stm32l1xx_md.o ABSOLUTE
    ..\CMSIS\system_stm32l1xx.c              0x00000000   Number         0  system_stm32l1xx.o ABSOLUTE
    ..\FATFS\exfuns\exfuns.c                 0x00000000   Number         0  exfuns.o ABSOLUTE
    ..\FATFS\src\diskio.c                    0x00000000   Number         0  diskio.o ABSOLUTE
    ..\FATFS\src\ff.c                        0x00000000   Number         0  ff.o ABSOLUTE
    ..\FWlib\src\misc.c                      0x00000000   Number         0  misc.o ABSOLUTE
    ..\FWlib\src\stm32l1xx_dma.c             0x00000000   Number         0  stm32l1xx_dma.o ABSOLUTE
    ..\FWlib\src\stm32l1xx_exti.c            0x00000000   Number         0  stm32l1xx_exti.o ABSOLUTE
    ..\FWlib\src\stm32l1xx_gpio.c            0x00000000   Number         0  stm32l1xx_gpio.o ABSOLUTE
    ..\FWlib\src\stm32l1xx_pwr.c             0x00000000   Number         0  stm32l1xx_pwr.o ABSOLUTE
    ..\FWlib\src\stm32l1xx_rcc.c             0x00000000   Number         0  stm32l1xx_rcc.o ABSOLUTE
    ..\FWlib\src\stm32l1xx_rtc.c             0x00000000   Number         0  stm32l1xx_rtc.o ABSOLUTE
    ..\FWlib\src\stm32l1xx_spi.c             0x00000000   Number         0  stm32l1xx_spi.o ABSOLUTE
    ..\FWlib\src\stm32l1xx_tim.c             0x00000000   Number         0  stm32l1xx_tim.o ABSOLUTE
    ..\FWlib\src\stm32l1xx_usart.c           0x00000000   Number         0  stm32l1xx_usart.o ABSOLUTE
    ..\FreeRTOS\list.c                       0x00000000   Number         0  list.o ABSOLUTE
    ..\FreeRTOS\portable\MemMang\heap_2.c    0x00000000   Number         0  heap_2.o ABSOLUTE
    ..\FreeRTOS\portable\RVDS\ARM_CM3\port.c 0x00000000   Number         0  port.o ABSOLUTE
    ..\FreeRTOS\queue.c                      0x00000000   Number         0  queue.o ABSOLUTE
    ..\FreeRTOS\tasks.c                      0x00000000   Number         0  tasks.o ABSOLUTE
    ..\HARDWARE\BLUETOOTH\UART1.c            0x00000000   Number         0  uart1.o ABSOLUTE
    ..\HARDWARE\CC2530\UART2.c               0x00000000   Number         0  uart2.o ABSOLUTE
    ..\HARDWARE\KEY\KEY.c                    0x00000000   Number         0  key.o ABSOLUTE
    ..\HARDWARE\OLED\OLED.c                  0x00000000   Number         0  oled.o ABSOLUTE
    ..\HARDWARE\RTC\RTC.c                    0x00000000   Number         0  rtc.o ABSOLUTE
    ..\HARDWARE\SDcard\SDcard.c              0x00000000   Number         0  sdcard.o ABSOLUTE
    ..\HARDWARE\SDcard\SPI.c                 0x00000000   Number         0  spi.o ABSOLUTE
    ..\\CMSIS\\core_cm3.c                    0x00000000   Number         0  core_cm3.o ABSOLUTE
    ..\\CMSIS\\system_stm32l1xx.c            0x00000000   Number         0  system_stm32l1xx.o ABSOLUTE
    ..\\FATFS\\src\\diskio.c                 0x00000000   Number         0  diskio.o ABSOLUTE
    ..\\FWlib\\src\\misc.c                   0x00000000   Number         0  misc.o ABSOLUTE
    ..\\FWlib\\src\\stm32l1xx_dma.c          0x00000000   Number         0  stm32l1xx_dma.o ABSOLUTE
    ..\\FWlib\\src\\stm32l1xx_exti.c         0x00000000   Number         0  stm32l1xx_exti.o ABSOLUTE
    ..\\FWlib\\src\\stm32l1xx_gpio.c         0x00000000   Number         0  stm32l1xx_gpio.o ABSOLUTE
    ..\\FWlib\\src\\stm32l1xx_pwr.c          0x00000000   Number         0  stm32l1xx_pwr.o ABSOLUTE
    ..\\FWlib\\src\\stm32l1xx_rcc.c          0x00000000   Number         0  stm32l1xx_rcc.o ABSOLUTE
    ..\\FWlib\\src\\stm32l1xx_rtc.c          0x00000000   Number         0  stm32l1xx_rtc.o ABSOLUTE
    ..\\FWlib\\src\\stm32l1xx_spi.c          0x00000000   Number         0  stm32l1xx_spi.o ABSOLUTE
    ..\\FWlib\\src\\stm32l1xx_tim.c          0x00000000   Number         0  stm32l1xx_tim.o ABSOLUTE
    ..\\FWlib\\src\\stm32l1xx_usart.c        0x00000000   Number         0  stm32l1xx_usart.o ABSOLUTE
    ..\\FreeRTOS\\portable\\RVDS\\ARM_CM3\\port.c 0x00000000   Number         0  port.o ABSOLUTE
    ..\\HARDWARE\\BLUETOOTH\\UART1.c         0x00000000   Number         0  uart1.o ABSOLUTE
    ..\\HARDWARE\\CC2530\\UART2.c            0x00000000   Number         0  uart2.o ABSOLUTE
    ..\\HARDWARE\\KEY\\KEY.c                 0x00000000   Number         0  key.o ABSOLUTE
    ..\\HARDWARE\\OLED\\OLED.c               0x00000000   Number         0  oled.o ABSOLUTE
    ..\\HARDWARE\\RTC\\RTC.c                 0x00000000   Number         0  rtc.o ABSOLUTE
    ..\\HARDWARE\\SDcard\\SDcard.c           0x00000000   Number         0  sdcard.o ABSOLUTE
    ..\\HARDWARE\\SDcard\\SPI.c              0x00000000   Number         0  spi.o ABSOLUTE
    cdrcmple.s                               0x00000000   Number         0  cdrcmple.o ABSOLUTE
    dc.s                                     0x00000000   Number         0  dc.o ABSOLUTE
    handlers.s                               0x00000000   Number         0  handlers.o ABSOLUTE
    init.s                                   0x00000000   Number         0  init.o ABSOLUTE
    main.c                                   0x00000000   Number         0  main.o ABSOLUTE
    main.c                                   0x00000000   Number         0  main.o ABSOLUTE
    stm32l1xx_it.c                           0x00000000   Number         0  stm32l1xx_it.o ABSOLUTE
    stm32l1xx_it.c                           0x00000000   Number         0  stm32l1xx_it.o ABSOLUTE
    RESET                                    0x08000000   Section      244  startup_stm32l1xx_md.o(RESET)
    .ARM.Collect$$$$00000000                 0x080000f4   Section        0  entry.o(.ARM.Collect$$$$00000000)
    .ARM.Collect$$$$00000001                 0x080000f4   Section        4  entry2.o(.ARM.Collect$$$$00000001)
    .ARM.Collect$$$$00000004                 0x080000f8   Section        4  entry5.o(.ARM.Collect$$$$00000004)
    .ARM.Collect$$$$00000008                 0x080000fc   Section        0  entry7b.o(.ARM.Collect$$$$00000008)
    .ARM.Collect$$$$0000000A                 0x080000fc   Section        0  entry8b.o(.ARM.Collect$$$$0000000A)
    .ARM.Collect$$$$0000000B                 0x080000fc   Section        8  entry9a.o(.ARM.Collect$$$$0000000B)
    .ARM.Collect$$$$0000000D                 0x08000104   Section        0  entry10a.o(.ARM.Collect$$$$0000000D)
    .ARM.Collect$$$$0000000F                 0x08000104   Section        0  entry11a.o(.ARM.Collect$$$$0000000F)
    .ARM.Collect$$$$00002712                 0x08000104   Section        4  entry2.o(.ARM.Collect$$$$00002712)
    __lit__00000000                          0x08000104   Data           4  entry2.o(.ARM.Collect$$$$00002712)
    .emb_text                                0x08000108   Section      140  port.o(.emb_text)
    .text                                    0x08000194   Section       36  startup_stm32l1xx_md.o(.text)
    .text                                    0x080001b8   Section        0  main.o(.text)
    .text                                    0x08000240   Section        0  stm32l1xx_it.o(.text)
    .text                                    0x0800026c   Section        0  stm32l1xx_gpio.o(.text)
    .text                                    0x080004a8   Section        0  stm32l1xx_rcc.o(.text)
    .text                                    0x08000938   Section        0  stm32l1xx_usart.o(.text)
    .text                                    0x08000d30   Section        0  misc.o(.text)
    .text                                    0x08000e14   Section        0  stm32l1xx_exti.o(.text)
    .text                                    0x08000f20   Section        0  stm32l1xx_rtc.o(.text)
    RTC_ByteToBcd2                           0x080011b3   Thumb Code    28  stm32l1xx_rtc.o(.text)
    RTC_Bcd2ToByte                           0x080011cf   Thumb Code    22  stm32l1xx_rtc.o(.text)
    .text                                    0x08001c60   Section        0  stm32l1xx_pwr.o(.text)
    .text                                    0x08001db8   Section        0  stm32l1xx_dma.o(.text)
    .text                                    0x08002008   Section        0  stm32l1xx_tim.o(.text)
    TI4_Config                               0x0800258b   Thumb Code    80  stm32l1xx_tim.o(.text)
    TI3_Config                               0x080025ed   Thumb Code    72  stm32l1xx_tim.o(.text)
    TI2_Config                               0x0800264f   Thumb Code    80  stm32l1xx_tim.o(.text)
    TI1_Config                               0x080026b1   Thumb Code    58  stm32l1xx_tim.o(.text)
    .text                                    0x08002a14   Section        0  system_stm32l1xx.o(.text)
    SetSysClock                              0x08002a15   Thumb Code   248  system_stm32l1xx.o(.text)
    .text                                    0x08002c5c   Section        0  oled.o(.text)
    .text                                    0x080031a8   Section        0  rtc.o(.text)
    .text                                    0x080033dc   Section        0  uart1.o(.text)
    .text                                    0x08003678   Section        0  uart2.o(.text)
    .text                                    0x08003914   Section        0  list.o(.text)
    .text                                    0x080039a8   Section        0  tasks.o(.text)
    prvInitialiseTaskLists                   0x080039a9   Thumb Code    64  tasks.o(.text)
    prvInitialiseTCBVariables                0x080039e9   Thumb Code    70  tasks.o(.text)
    prvAllocateTCBAndStack                   0x08003a2f   Thumb Code    58  tasks.o(.text)
    prvAddCurrentTaskToDelayedList           0x08003cf9   Thumb Code    62  tasks.o(.text)
    prvCheckTasksWaitingTermination          0x080040b5   Thumb Code     2  tasks.o(.text)
    prvIdleTask                              0x080040b7   Thumb Code    20  tasks.o(.text)
    usTaskCheckFreeStackSpace                0x08004285   Thumb Code    22  tasks.o(.text)
    .text                                    0x08004394   Section        0  heap_2.o(.text)
    .text                                    0x080044ac   Section        0  port.o(.text)
    prvSetupTimerInterrupt                   0x080044c7   Thumb Code    16  port.o(.text)
    .text                                    0x0800455c   Section        0  memseta.o(.text)
    .text                                    0x08004580   Section        0  strncpy.o(.text)
    .text                                    0x08004598   Section        0  strlen.o(.text)
    .text                                    0x080045a6   Section        0  uidiv.o(.text)
    .text                                    0x080045d2   Section        0  uldiv.o(.text)
    .text                                    0x08004634   Section        0  iusefp.o(.text)
    .text                                    0x08004634   Section        0  dadd.o(.text)
    .text                                    0x08004782   Section        0  dmul.o(.text)
    .text                                    0x08004866   Section        0  ddiv.o(.text)
    .text                                    0x08004944   Section        0  dfixul.o(.text)
    .text                                    0x08004974   Section       40  cdrcmple.o(.text)
    .text                                    0x0800499c   Section       36  init.o(.text)
    .text                                    0x080049c0   Section        0  llshl.o(.text)
    .text                                    0x080049de   Section        0  llushr.o(.text)
    .text                                    0x080049fe   Section        0  llsshr.o(.text)
    .text                                    0x08004a22   Section        0  depilogue.o(.text)
    i.__0vsprintf                            0x08004ae0   Section        0  printfa.o(i.__0vsprintf)
    i.__scatterload_copy                     0x08004b04   Section       14  handlers.o(i.__scatterload_copy)
    i.__scatterload_null                     0x08004b12   Section        2  handlers.o(i.__scatterload_null)
    i.__scatterload_zeroinit                 0x08004b14   Section       14  handlers.o(i.__scatterload_zeroinit)
    i._fp_digits                             0x08004b24   Section        0  printfa.o(i._fp_digits)
    _fp_digits                               0x08004b25   Thumb Code   326  printfa.o(i._fp_digits)
    i._printf_core                           0x08004c80   Section        0  printfa.o(i._printf_core)
    _printf_core                             0x08004c81   Thumb Code  1762  printfa.o(i._printf_core)
    i._printf_post_padding                   0x08005370   Section        0  printfa.o(i._printf_post_padding)
    _printf_post_padding                     0x08005371   Thumb Code    38  printfa.o(i._printf_post_padding)
    i._printf_pre_padding                    0x08005396   Section        0  printfa.o(i._printf_pre_padding)
    _printf_pre_padding                      0x08005397   Thumb Code    48  printfa.o(i._printf_pre_padding)
    i._sputc                                 0x080053c6   Section        0  printfa.o(i._sputc)
    _sputc                                   0x080053c7   Thumb Code    10  printfa.o(i._sputc)
    .constdata                               0x080053d0   Section     2660  oled.o(.constdata)
    .data                                    0x20000000   Section       25  stm32l1xx_rcc.o(.data)
    PLLMulTable                              0x20000000   Data           9  stm32l1xx_rcc.o(.data)
    APBAHBPrescTable                         0x20000009   Data          16  stm32l1xx_rcc.o(.data)
    .data                                    0x2000001c   Section       29  system_stm32l1xx.o(.data)
    .data                                    0x2000003a   Section        2  uart1.o(.data)
    .data                                    0x2000003c   Section        2  uart2.o(.data)
    .data                                    0x20000040   Section       56  tasks.o(.data)
    uxCurrentNumberOfTasks                   0x20000044   Data           4  tasks.o(.data)
    xTickCount                               0x20000048   Data           4  tasks.o(.data)
    uxTopUsedPriority                        0x2000004c   Data           4  tasks.o(.data)
    uxTopReadyPriority                       0x20000050   Data           4  tasks.o(.data)
    xSchedulerRunning                        0x20000054   Data           4  tasks.o(.data)
    uxSchedulerSuspended                     0x20000058   Data           4  tasks.o(.data)
    uxMissedTicks                            0x2000005c   Data           4  tasks.o(.data)
    xMissedYield                             0x20000060   Data           4  tasks.o(.data)
    xNumOfOverflows                          0x20000064   Data           4  tasks.o(.data)
    uxTaskNumber                             0x20000068   Data           4  tasks.o(.data)
    xNextTaskUnblockTime                     0x2000006c   Data           4  tasks.o(.data)
    pxDelayedTaskList                        0x20000070   Data           4  tasks.o(.data)
    pxOverflowDelayedTaskList                0x20000074   Data           4  tasks.o(.data)
    .data                                    0x20000078   Section       24  heap_2.o(.data)
    xFreeBytesRemaining                      0x20000078   Data           4  heap_2.o(.data)
    xHeapHasBeenInitialised                  0x2000007c   Data           4  heap_2.o(.data)
    xStart                                   0x20000080   Data           8  heap_2.o(.data)
    xEnd                                     0x20000088   Data           8  heap_2.o(.data)
    .data                                    0x20000090   Section        4  port.o(.data)
    uxCriticalNesting                        0x20000090   Data           4  port.o(.data)
    .bss                                     0x20000094   Section      512  oled.o(.bss)
    .bss                                     0x20000294   Section       10  rtc.o(.bss)
    .bss                                     0x200002a0   Section      400  uart1.o(.bss)
    .bss                                     0x20000430   Section      400  uart2.o(.bss)
    .bss                                     0x200005c0   Section      160  tasks.o(.bss)
    pxReadyTasksLists                        0x200005c0   Data          80  tasks.o(.bss)
    xDelayedTaskList1                        0x20000610   Data          20  tasks.o(.bss)
    xDelayedTaskList2                        0x20000624   Data          20  tasks.o(.bss)
    xPendingReadyList                        0x20000638   Data          20  tasks.o(.bss)
    xSuspendedTaskList                       0x2000064c   Data          20  tasks.o(.bss)
    .bss                                     0x20000660   Section     6144  heap_2.o(.bss)
    xHeap                                    0x20000660   Data        6144  heap_2.o(.bss)
    STACK                                    0x20001e60   Section     1024  startup_stm32l1xx_md.o(STACK)

    Global Symbols

    Symbol Name                              Value     Ov Type        Size  Object(Section)

    BuildAttributes$$THM_ISAv4$P$D$K$B$S$PE$A:L22UL41UL21$X:L11$S22US41US21$IEEE1$IW$USESV6$~STKCKD$USESV7$~SHL$OSPACE$ROPI$EBA8$MICROLIB$REQ8$PRES8$EABIv2 0x00000000   Number         0  anon$$obj.o ABSOLUTE
    __ARM_use_no_argv                        0x00000000   Number         0  main.o ABSOLUTE
    __cpp_initialize__aeabi_                  - Undefined Weak Reference
    __cxa_finalize                            - Undefined Weak Reference
    __decompress                              - Undefined Weak Reference
    _clock_init                               - Undefined Weak Reference
    _microlib_exit                            - Undefined Weak Reference
    __Vectors_Size                           0x000000f4   Number         0  startup_stm32l1xx_md.o ABSOLUTE
    __Vectors                                0x08000000   Data           4  startup_stm32l1xx_md.o(RESET)
    __Vectors_End                            0x080000f4   Data           0  startup_stm32l1xx_md.o(RESET)
    __main                                   0x080000f5   Thumb Code     0  entry.o(.ARM.Collect$$$$00000000)
    _main_stk                                0x080000f5   Thumb Code     0  entry2.o(.ARM.Collect$$$$00000001)
    _main_scatterload                        0x080000f9   Thumb Code     0  entry5.o(.ARM.Collect$$$$00000004)
    __main_after_scatterload                 0x080000fd   Thumb Code     0  entry5.o(.ARM.Collect$$$$00000004)
    _main_clock                              0x080000fd   Thumb Code     0  entry7b.o(.ARM.Collect$$$$00000008)
    _main_cpp_init                           0x080000fd   Thumb Code     0  entry8b.o(.ARM.Collect$$$$0000000A)
    _main_init                               0x080000fd   Thumb Code     0  entry9a.o(.ARM.Collect$$$$0000000B)
    __rt_final_cpp                           0x08000105   Thumb Code     0  entry10a.o(.ARM.Collect$$$$0000000D)
    __rt_final_exit                          0x08000105   Thumb Code     0  entry11a.o(.ARM.Collect$$$$0000000F)
    vPortSVCHandler                          0x08000109   Thumb Code    28  port.o(.emb_text)
    vPortStartFirstTask                      0x08000129   Thumb Code    16  port.o(.emb_text)
    xPortPendSVHandler                       0x0800013d   Thumb Code    56  port.o(.emb_text)
    vPortSetInterruptMask                    0x08000179   Thumb Code    14  port.o(.emb_text)
    vPortClearInterruptMask                  0x08000187   Thumb Code    14  port.o(.emb_text)
    Reset_Handler                            0x08000195   Thumb Code     8  startup_stm32l1xx_md.o(.text)
    ADC1_IRQHandler                          0x080001af   Thumb Code     0  startup_stm32l1xx_md.o(.text)
    COMP_IRQHandler                          0x080001af   Thumb Code     0  startup_stm32l1xx_md.o(.text)
    DAC_IRQHandler                           0x080001af   Thumb Code     0  startup_stm32l1xx_md.o(.text)
    DMA1_Channel1_IRQHandler                 0x080001af   Thumb Code     0  startup_stm32l1xx_md.o(.text)
    DMA1_Channel2_IRQHandler                 0x080001af   Thumb Code     0  startup_stm32l1xx_md.o(.text)
    DMA1_Channel3_IRQHandler                 0x080001af   Thumb Code     0  startup_stm32l1xx_md.o(.text)
    DMA1_Channel4_IRQHandler                 0x080001af   Thumb Code     0  startup_stm32l1xx_md.o(.text)
    DMA1_Channel5_IRQHandler                 0x080001af   Thumb Code     0  startup_stm32l1xx_md.o(.text)
    DMA1_Channel6_IRQHandler                 0x080001af   Thumb Code     0  startup_stm32l1xx_md.o(.text)
    DMA1_Channel7_IRQHandler                 0x080001af   Thumb Code     0  startup_stm32l1xx_md.o(.text)
    EXTI0_IRQHandler                         0x080001af   Thumb Code     0  startup_stm32l1xx_md.o(.text)
    EXTI15_10_IRQHandler                     0x080001af   Thumb Code     0  startup_stm32l1xx_md.o(.text)
    EXTI1_IRQHandler                         0x080001af   Thumb Code     0  startup_stm32l1xx_md.o(.text)
    EXTI2_IRQHandler                         0x080001af   Thumb Code     0  startup_stm32l1xx_md.o(.text)
    EXTI3_IRQHandler                         0x080001af   Thumb Code     0  startup_stm32l1xx_md.o(.text)
    EXTI4_IRQHandler                         0x080001af   Thumb Code     0  startup_stm32l1xx_md.o(.text)
    EXTI9_5_IRQHandler                       0x080001af   Thumb Code     0  startup_stm32l1xx_md.o(.text)
    FLASH_IRQHandler                         0x080001af   Thumb Code     0  startup_stm32l1xx_md.o(.text)
    I2C1_ER_IRQHandler                       0x080001af   Thumb Code     0  startup_stm32l1xx_md.o(.text)
    I2C1_EV_IRQHandler                       0x080001af   Thumb Code     0  startup_stm32l1xx_md.o(.text)
    I2C2_ER_IRQHandler                       0x080001af   Thumb Code     0  startup_stm32l1xx_md.o(.text)
    I2C2_EV_IRQHandler                       0x080001af   Thumb Code     0  startup_stm32l1xx_md.o(.text)
    LCD_IRQHandler                           0x080001af   Thumb Code     0  startup_stm32l1xx_md.o(.text)
    PVD_IRQHandler                           0x080001af   Thumb Code     0  startup_stm32l1xx_md.o(.text)
    RCC_IRQHandler                           0x080001af   Thumb Code     0  startup_stm32l1xx_md.o(.text)
    RTC_Alarm_IRQHandler                     0x080001af   Thumb Code     0  startup_stm32l1xx_md.o(.text)
    SPI1_IRQHandler                          0x080001af   Thumb Code     0  startup_stm32l1xx_md.o(.text)
    SPI2_IRQHandler                          0x080001af   Thumb Code     0  startup_stm32l1xx_md.o(.text)
    TAMPER_STAMP_IRQHandler                  0x080001af   Thumb Code     0  startup_stm32l1xx_md.o(.text)
    TIM10_IRQHandler                         0x080001af   Thumb Code     0  startup_stm32l1xx_md.o(.text)
    TIM11_IRQHandler                         0x080001af   Thumb Code     0  startup_stm32l1xx_md.o(.text)
    TIM2_IRQHandler                          0x080001af   Thumb Code     0  startup_stm32l1xx_md.o(.text)
    TIM6_IRQHandler                          0x080001af   Thumb Code     0  startup_stm32l1xx_md.o(.text)
    TIM7_IRQHandler                          0x080001af   Thumb Code     0  startup_stm32l1xx_md.o(.text)
    TIM9_IRQHandler                          0x080001af   Thumb Code     0  startup_stm32l1xx_md.o(.text)
    USART3_IRQHandler                        0x080001af   Thumb Code     0  startup_stm32l1xx_md.o(.text)
    USB_FS_WKUP_IRQHandler                   0x080001af   Thumb Code     0  startup_stm32l1xx_md.o(.text)
    USB_HP_IRQHandler                        0x080001af   Thumb Code     0  startup_stm32l1xx_md.o(.text)
    USB_LP_IRQHandler                        0x080001af   Thumb Code     0  startup_stm32l1xx_md.o(.text)
    WWDG_IRQHandler                          0x080001af   Thumb Code     0  startup_stm32l1xx_md.o(.text)
    main                                     0x080001b9   Thumb Code    40  main.o(.text)
    vTaskButtonHandle                        0x080001e1   Thumb Code    86  main.o(.text)
    NMI_Handler                              0x08000241   Thumb Code     2  stm32l1xx_it.o(.text)
    HardFault_Handler                        0x08000243   Thumb Code    16  stm32l1xx_it.o(.text)
    MemManage_Handler                        0x08000253   Thumb Code     4  stm32l1xx_it.o(.text)
    BusFault_Handler                         0x08000257   Thumb Code     4  stm32l1xx_it.o(.text)
    UsageFault_Handler                       0x0800025b   Thumb Code     4  stm32l1xx_it.o(.text)
    SVC_Handler                              0x0800025f   Thumb Code     2  stm32l1xx_it.o(.text)
    DebugMon_Handler                         0x08000261   Thumb Code     2  stm32l1xx_it.o(.text)
    PendSV_Handler                           0x08000263   Thumb Code     2  stm32l1xx_it.o(.text)
    SysTick_Handler                          0x08000265   Thumb Code     2  stm32l1xx_it.o(.text)
    GPIO_DeInit                              0x0800026d   Thumb Code   196  stm32l1xx_gpio.o(.text)
    GPIO_Init                                0x08000331   Thumb Code   144  stm32l1xx_gpio.o(.text)
    GPIO_StructInit                          0x080003c1   Thumb Code    18  stm32l1xx_gpio.o(.text)
    GPIO_PinLockConfig                       0x080003d3   Thumb Code    34  stm32l1xx_gpio.o(.text)
    GPIO_ReadInputDataBit                    0x080003f5   Thumb Code    18  stm32l1xx_gpio.o(.text)
    GPIO_ReadInputData                       0x08000407   Thumb Code     6  stm32l1xx_gpio.o(.text)
    GPIO_ReadOutputDataBit                   0x0800040d   Thumb Code    18  stm32l1xx_gpio.o(.text)
    GPIO_ReadOutputData                      0x0800041f   Thumb Code     6  stm32l1xx_gpio.o(.text)
    GPIO_SetBits                             0x08000425   Thumb Code     4  stm32l1xx_gpio.o(.text)
    GPIO_ResetBits                           0x08000429   Thumb Code     4  stm32l1xx_gpio.o(.text)
    GPIO_WriteBit                            0x0800042d   Thumb Code    10  stm32l1xx_gpio.o(.text)
    GPIO_Write                               0x08000437   Thumb Code     4  stm32l1xx_gpio.o(.text)
    GPIO_ToggleBits                          0x0800043b   Thumb Code     8  stm32l1xx_gpio.o(.text)
    GPIO_PinAFConfig                         0x08000443   Thumb Code    70  stm32l1xx_gpio.o(.text)
    RCC_DeInit                               0x080004a9   Thumb Code    74  stm32l1xx_rcc.o(.text)
    RCC_HSEConfig                            0x080004f3   Thumb Code    14  stm32l1xx_rcc.o(.text)
    RCC_GetFlagStatus                        0x08000501   Thumb Code    48  stm32l1xx_rcc.o(.text)
    RCC_WaitForHSEStartUp                    0x08000531   Thumb Code    56  stm32l1xx_rcc.o(.text)
    RCC_AdjustMSICalibrationValue            0x08000569   Thumb Code     8  stm32l1xx_rcc.o(.text)
    RCC_MSIRangeConfig                       0x08000571   Thumb Code    20  stm32l1xx_rcc.o(.text)
    RCC_MSICmd                               0x08000585   Thumb Code     6  stm32l1xx_rcc.o(.text)
    RCC_AdjustHSICalibrationValue            0x0800058b   Thumb Code    22  stm32l1xx_rcc.o(.text)
    RCC_HSICmd                               0x080005a1   Thumb Code     6  stm32l1xx_rcc.o(.text)
    RCC_LSEConfig                            0x080005a7   Thumb Code    14  stm32l1xx_rcc.o(.text)
    RCC_LSICmd                               0x080005b5   Thumb Code     6  stm32l1xx_rcc.o(.text)
    RCC_PLLConfig                            0x080005bb   Thumb Code    16  stm32l1xx_rcc.o(.text)
    RCC_PLLCmd                               0x080005cb   Thumb Code     6  stm32l1xx_rcc.o(.text)
    RCC_ClockSecuritySystemCmd               0x080005d1   Thumb Code     6  stm32l1xx_rcc.o(.text)
    RCC_LSEClockSecuritySystemCmd            0x080005d7   Thumb Code     8  stm32l1xx_rcc.o(.text)
    RCC_MCOConfig                            0x080005df   Thumb Code    12  stm32l1xx_rcc.o(.text)
    RCC_SYSCLKConfig                         0x080005eb   Thumb Code    20  stm32l1xx_rcc.o(.text)
    RCC_GetSYSCLKSource                      0x080005ff   Thumb Code    12  stm32l1xx_rcc.o(.text)
    RCC_HCLKConfig                           0x0800060b   Thumb Code    20  stm32l1xx_rcc.o(.text)
    RCC_PCLK1Config                          0x0800061f   Thumb Code    20  stm32l1xx_rcc.o(.text)
    RCC_PCLK2Config                          0x08000633   Thumb Code    22  stm32l1xx_rcc.o(.text)
    RCC_GetClocksFreq                        0x08000649   Thumb Code   248  stm32l1xx_rcc.o(.text)
    RCC_RTCCLKConfig                         0x08000741   Thumb Code    64  stm32l1xx_rcc.o(.text)
    RCC_RTCCLKCmd                            0x08000781   Thumb Code     8  stm32l1xx_rcc.o(.text)
    RCC_RTCResetCmd                          0x08000789   Thumb Code     8  stm32l1xx_rcc.o(.text)
    RCC_AHBPeriphClockCmd                    0x08000791   Thumb Code    34  stm32l1xx_rcc.o(.text)
    RCC_APB2PeriphClockCmd                   0x080007b3   Thumb Code    34  stm32l1xx_rcc.o(.text)
    RCC_APB1PeriphClockCmd                   0x080007d5   Thumb Code    34  stm32l1xx_rcc.o(.text)
    RCC_AHBPeriphResetCmd                    0x080007f7   Thumb Code    34  stm32l1xx_rcc.o(.text)
    RCC_APB2PeriphResetCmd                   0x08000819   Thumb Code    34  stm32l1xx_rcc.o(.text)
    RCC_APB1PeriphResetCmd                   0x0800083b   Thumb Code    34  stm32l1xx_rcc.o(.text)
    RCC_AHBPeriphClockLPModeCmd              0x0800085d   Thumb Code    34  stm32l1xx_rcc.o(.text)
    RCC_APB2PeriphClockLPModeCmd             0x0800087f   Thumb Code    66  stm32l1xx_rcc.o(.text)
    RCC_APB1PeriphClockLPModeCmd             0x080008c1   Thumb Code    34  stm32l1xx_rcc.o(.text)
    RCC_ITConfig                             0x080008e3   Thumb Code    34  stm32l1xx_rcc.o(.text)
    RCC_ClearFlag                            0x08000905   Thumb Code    18  stm32l1xx_rcc.o(.text)
    RCC_GetITStatus                          0x08000917   Thumb Code    22  stm32l1xx_rcc.o(.text)
    RCC_ClearITPendingBit                    0x0800092d   Thumb Code     8  stm32l1xx_rcc.o(.text)
    USART_DeInit                             0x08000939   Thumb Code   134  stm32l1xx_usart.o(.text)
    USART_Init                               0x080009bf   Thumb Code   198  stm32l1xx_usart.o(.text)
    USART_StructInit                         0x08000a85   Thumb Code    24  stm32l1xx_usart.o(.text)
    USART_ClockInit                          0x08000a9d   Thumb Code    32  stm32l1xx_usart.o(.text)
    USART_ClockStructInit                    0x08000abd   Thumb Code    12  stm32l1xx_usart.o(.text)
    USART_Cmd                                0x08000ac9   Thumb Code    24  stm32l1xx_usart.o(.text)
    USART_SetPrescaler                       0x08000ae1   Thumb Code    16  stm32l1xx_usart.o(.text)
    USART_OverSampling8Cmd                   0x08000af1   Thumb Code    22  stm32l1xx_usart.o(.text)
    USART_OneBitMethodCmd                    0x08000b07   Thumb Code    24  stm32l1xx_usart.o(.text)
    USART_SendData                           0x08000b1f   Thumb Code     8  stm32l1xx_usart.o(.text)
    USART_ReceiveData                        0x08000b27   Thumb Code    10  stm32l1xx_usart.o(.text)
    USART_SetAddress                         0x08000b31   Thumb Code    18  stm32l1xx_usart.o(.text)
    USART_ReceiverWakeUpCmd                  0x08000b43   Thumb Code    24  stm32l1xx_usart.o(.text)
    USART_WakeUpConfig                       0x08000b5b   Thumb Code    18  stm32l1xx_usart.o(.text)
    USART_LINBreakDetectLengthConfig         0x08000b6d   Thumb Code    18  stm32l1xx_usart.o(.text)
    USART_LINCmd                             0x08000b7f   Thumb Code    24  stm32l1xx_usart.o(.text)
    USART_SendBreak                          0x08000b97   Thumb Code    10  stm32l1xx_usart.o(.text)
    USART_HalfDuplexCmd                      0x08000ba1   Thumb Code    24  stm32l1xx_usart.o(.text)
    USART_SetGuardTime                       0x08000bb9   Thumb Code    16  stm32l1xx_usart.o(.text)
    USART_SmartCardCmd                       0x08000bc9   Thumb Code    24  stm32l1xx_usart.o(.text)
    USART_SmartCardNACKCmd                   0x08000be1   Thumb Code    24  stm32l1xx_usart.o(.text)
    USART_IrDAConfig                         0x08000bf9   Thumb Code    18  stm32l1xx_usart.o(.text)
    USART_IrDACmd                            0x08000c0b   Thumb Code    24  stm32l1xx_usart.o(.text)
    USART_DMACmd                             0x08000c23   Thumb Code    18  stm32l1xx_usart.o(.text)
    USART_ITConfig                           0x08000c35   Thumb Code    74  stm32l1xx_usart.o(.text)
    USART_GetFlagStatus                      0x08000c7f   Thumb Code    26  stm32l1xx_usart.o(.text)
    USART_ClearFlag                          0x08000c99   Thumb Code    18  stm32l1xx_usart.o(.text)
    USART_GetITStatus                        0x08000cab   Thumb Code    84  stm32l1xx_usart.o(.text)
    USART_ClearITPendingBit                  0x08000cff   Thumb Code    50  stm32l1xx_usart.o(.text)
    NVIC_PriorityGroupConfig                 0x08000d31   Thumb Code    10  misc.o(.text)
    NVIC_Init                                0x08000d3b   Thumb Code   108  misc.o(.text)
    NVIC_SetVectorTable                      0x08000da7   Thumb Code    14  misc.o(.text)
    NVIC_SystemLPConfig                      0x08000db5   Thumb Code    34  misc.o(.text)
    SysTick_CLKSourceConfig                  0x08000dd7   Thumb Code    40  misc.o(.text)
    EXTI_DeInit                              0x08000e15   Thumb Code    30  stm32l1xx_exti.o(.text)
    EXTI_Init                                0x08000e33   Thumb Code   142  stm32l1xx_exti.o(.text)
    EXTI_StructInit                          0x08000ec1   Thumb Code    16  stm32l1xx_exti.o(.text)
    EXTI_GenerateSWInterrupt                 0x08000ed1   Thumb Code    16  stm32l1xx_exti.o(.text)
    EXTI_GetFlagStatus                       0x08000ee1   Thumb Code    22  stm32l1xx_exti.o(.text)
    EXTI_ClearFlag                           0x08000ef7   Thumb Code     8  stm32l1xx_exti.o(.text)
    EXTI_GetITStatus                         0x08000eff   Thumb Code    22  stm32l1xx_exti.o(.text)
    EXTI_ClearITPendingBit                   0x08000f15   Thumb Code     8  stm32l1xx_exti.o(.text)
    RTC_WaitForSynchro                       0x08000f21   Thumb Code    92  stm32l1xx_rtc.o(.text)
    RTC_EnterInitMode                        0x08000f7d   Thumb Code    84  stm32l1xx_rtc.o(.text)
    RTC_DeInit                               0x08000fd1   Thumb Code   204  stm32l1xx_rtc.o(.text)
    RTC_ExitInitMode                         0x0800109d   Thumb Code    18  stm32l1xx_rtc.o(.text)
    RTC_Init                                 0x080010af   Thumb Code    94  stm32l1xx_rtc.o(.text)
    RTC_StructInit                           0x0800110d   Thumb Code    14  stm32l1xx_rtc.o(.text)
    RTC_WriteProtectionCmd                   0x0800111b   Thumb Code    22  stm32l1xx_rtc.o(.text)
    RTC_RefClockCmd                          0x08001131   Thumb Code    76  stm32l1xx_rtc.o(.text)
    RTC_BypassShadowCmd                      0x0800117d   Thumb Code    54  stm32l1xx_rtc.o(.text)
    RTC_SetTime                              0x080011e5   Thumb Code   200  stm32l1xx_rtc.o(.text)
    RTC_TimeStructInit                       0x080012ad   Thumb Code    12  stm32l1xx_rtc.o(.text)
    RTC_GetTime                              0x080012b9   Thumb Code    74  stm32l1xx_rtc.o(.text)
    RTC_GetSubSecond                         0x08001303   Thumb Code    30  stm32l1xx_rtc.o(.text)
    RTC_SetDate                              0x08001321   Thumb Code   190  stm32l1xx_rtc.o(.text)
    RTC_DateStructInit                       0x080013df   Thumb Code    14  stm32l1xx_rtc.o(.text)
    RTC_GetDate                              0x080013ed   Thumb Code    70  stm32l1xx_rtc.o(.text)
    RTC_SetAlarm                             0x08001433   Thumb Code   230  stm32l1xx_rtc.o(.text)
    RTC_AlarmStructInit                      0x08001519   Thumb Code    22  stm32l1xx_rtc.o(.text)
    RTC_GetAlarm                             0x0800152f   Thumb Code   114  stm32l1xx_rtc.o(.text)
    RTC_AlarmCmd                             0x080015a1   Thumb Code   112  stm32l1xx_rtc.o(.text)
    RTC_AlarmSubSecondConfig                 0x08001611   Thumb Code    46  stm32l1xx_rtc.o(.text)
    RTC_GetAlarmSubSecond                    0x0800163f   Thumb Code    34  stm32l1xx_rtc.o(.text)
    RTC_WakeUpClockConfig                    0x08001661   Thumb Code    42  stm32l1xx_rtc.o(.text)
    RTC_SetWakeUpCounter                     0x0800168b   Thumb Code    22  stm32l1xx_rtc.o(.text)
    RTC_GetWakeUpCounter                     0x080016a1   Thumb Code    10  stm32l1xx_rtc.o(.text)
    RTC_WakeUpCmd                            0x080016ab   Thumb Code   116  stm32l1xx_rtc.o(.text)
    RTC_DayLightSavingConfig                 0x0800171f   Thumb Code    50  stm32l1xx_rtc.o(.text)
    RTC_GetStoreOperation                    0x08001751   Thumb Code    12  stm32l1xx_rtc.o(.text)
    RTC_OutputConfig                         0x0800175d   Thumb Code    60  stm32l1xx_rtc.o(.text)
    RTC_CoarseCalibConfig                    0x08001799   Thumb Code    52  stm32l1xx_rtc.o(.text)
    RTC_CoarseCalibCmd                       0x080017cd   Thumb Code    76  stm32l1xx_rtc.o(.text)
    RTC_CalibOutputCmd                       0x08001819   Thumb Code    54  stm32l1xx_rtc.o(.text)
    RTC_CalibOutputConfig                    0x0800184f   Thumb Code    42  stm32l1xx_rtc.o(.text)
    RTC_SmoothCalibConfig                    0x08001879   Thumb Code    90  stm32l1xx_rtc.o(.text)
    RTC_TimeStampCmd                         0x080018d3   Thumb Code    54  stm32l1xx_rtc.o(.text)
    RTC_GetTimeStamp                         0x08001909   Thumb Code   144  stm32l1xx_rtc.o(.text)
    RTC_GetTimeStampSubSecond                0x08001999   Thumb Code     8  stm32l1xx_rtc.o(.text)
    RTC_TamperTriggerConfig                  0x080019a1   Thumb Code    38  stm32l1xx_rtc.o(.text)
    RTC_TamperCmd                            0x080019c7   Thumb Code    34  stm32l1xx_rtc.o(.text)
    RTC_TamperFilterConfig                   0x080019e9   Thumb Code    26  stm32l1xx_rtc.o(.text)
    RTC_TamperSamplingFreqConfig             0x08001a03   Thumb Code    26  stm32l1xx_rtc.o(.text)
    RTC_TamperPinsPrechargeDuration          0x08001a1d   Thumb Code    26  stm32l1xx_rtc.o(.text)
    RTC_TimeStampOnTamperDetectionCmd        0x08001a37   Thumb Code    38  stm32l1xx_rtc.o(.text)
    RTC_TamperPullUpCmd                      0x08001a5d   Thumb Code    38  stm32l1xx_rtc.o(.text)
    RTC_WriteBackupRegister                  0x08001a83   Thumb Code    26  stm32l1xx_rtc.o(.text)
    RTC_ReadBackupRegister                   0x08001a9d   Thumb Code    28  stm32l1xx_rtc.o(.text)
    RTC_OutputTypeConfig                     0x08001ab9   Thumb Code    26  stm32l1xx_rtc.o(.text)
    RTC_SynchroShiftConfig                   0x08001ad3   Thumb Code   118  stm32l1xx_rtc.o(.text)
    RTC_ITConfig                             0x08001b49   Thumb Code   108  stm32l1xx_rtc.o(.text)
    RTC_GetFlagStatus                        0x08001bb5   Thumb Code    32  stm32l1xx_rtc.o(.text)
    RTC_ClearFlag                            0x08001bd5   Thumb Code    30  stm32l1xx_rtc.o(.text)
    RTC_GetITStatus                          0x08001bf3   Thumb Code    68  stm32l1xx_rtc.o(.text)
    RTC_ClearITPendingBit                    0x08001c37   Thumb Code    32  stm32l1xx_rtc.o(.text)
    PWR_DeInit                               0x08001c61   Thumb Code    22  stm32l1xx_pwr.o(.text)
    PWR_RTCAccessCmd                         0x08001c77   Thumb Code     6  stm32l1xx_pwr.o(.text)
    PWR_PVDLevelConfig                       0x08001c7d   Thumb Code    18  stm32l1xx_pwr.o(.text)
    PWR_PVDCmd                               0x08001c8f   Thumb Code     6  stm32l1xx_pwr.o(.text)
    PWR_WakeUpPinCmd                         0x08001c95   Thumb Code    20  stm32l1xx_pwr.o(.text)
    PWR_FastWakeUpCmd                        0x08001ca9   Thumb Code     6  stm32l1xx_pwr.o(.text)
    PWR_UltraLowPowerCmd                     0x08001caf   Thumb Code     6  stm32l1xx_pwr.o(.text)
    PWR_VoltageScalingConfig                 0x08001cb5   Thumb Code    24  stm32l1xx_pwr.o(.text)
    PWR_EnterLowPowerRunMode                 0x08001ccd   Thumb Code    50  stm32l1xx_pwr.o(.text)
    PWR_EnterSleepMode                       0x08001cff   Thumb Code    42  stm32l1xx_pwr.o(.text)
    PWR_EnterSTOPMode                        0x08001d29   Thumb Code    54  stm32l1xx_pwr.o(.text)
    PWR_EnterSTANDBYMode                     0x08001d5f   Thumb Code    42  stm32l1xx_pwr.o(.text)
    PWR_GetFlagStatus                        0x08001d89   Thumb Code    20  stm32l1xx_pwr.o(.text)
    PWR_ClearFlag                            0x08001d9d   Thumb Code    14  stm32l1xx_pwr.o(.text)
    DMA_DeInit                               0x08001db9   Thumb Code   324  stm32l1xx_dma.o(.text)
    DMA_Init                                 0x08001efd   Thumb Code    60  stm32l1xx_dma.o(.text)
    DMA_StructInit                           0x08001f39   Thumb Code    26  stm32l1xx_dma.o(.text)
    DMA_Cmd                                  0x08001f53   Thumb Code    24  stm32l1xx_dma.o(.text)
    DMA_SetCurrDataCounter                   0x08001f6b   Thumb Code     4  stm32l1xx_dma.o(.text)
    DMA_GetCurrDataCounter                   0x08001f6f   Thumb Code     8  stm32l1xx_dma.o(.text)
    DMA_ITConfig                             0x08001f77   Thumb Code    18  stm32l1xx_dma.o(.text)
    DMA_GetFlagStatus                        0x08001f89   Thumb Code    38  stm32l1xx_dma.o(.text)
    DMA_ClearFlag                            0x08001faf   Thumb Code    22  stm32l1xx_dma.o(.text)
    DMA_GetITStatus                          0x08001fc5   Thumb Code    38  stm32l1xx_dma.o(.text)
    DMA_ClearITPendingBit                    0x08001feb   Thumb Code    22  stm32l1xx_dma.o(.text)
    TIM_DeInit                               0x08002009   Thumb Code   220  stm32l1xx_tim.o(.text)
    TIM_TimeBaseInit                         0x080020e5   Thumb Code    76  stm32l1xx_tim.o(.text)
    TIM_TimeBaseStructInit                   0x08002131   Thumb Code    16  stm32l1xx_tim.o(.text)
    TIM_PrescalerConfig                      0x08002141   Thumb Code     6  stm32l1xx_tim.o(.text)
    TIM_CounterModeConfig                    0x08002147   Thumb Code    18  stm32l1xx_tim.o(.text)
    TIM_SetCounter                           0x08002159   Thumb Code     4  stm32l1xx_tim.o(.text)
    TIM_SetAutoreload                        0x0800215d   Thumb Code     4  stm32l1xx_tim.o(.text)
    TIM_GetCounter                           0x08002161   Thumb Code     6  stm32l1xx_tim.o(.text)
    TIM_GetPrescaler                         0x08002167   Thumb Code     6  stm32l1xx_tim.o(.text)
    TIM_UpdateDisableConfig                  0x0800216d   Thumb Code    24  stm32l1xx_tim.o(.text)
    TIM_UpdateRequestConfig                  0x08002185   Thumb Code    24  stm32l1xx_tim.o(.text)
    TIM_ARRPreloadConfig                     0x0800219d   Thumb Code    24  stm32l1xx_tim.o(.text)
    TIM_SelectOnePulseMode                   0x080021b5   Thumb Code    18  stm32l1xx_tim.o(.text)
    TIM_SetClockDivision                     0x080021c7   Thumb Code    18  stm32l1xx_tim.o(.text)
    TIM_Cmd                                  0x080021d9   Thumb Code    24  stm32l1xx_tim.o(.text)
    TIM_OC1Init                              0x080021f1   Thumb Code    56  stm32l1xx_tim.o(.text)
    TIM_OC2Init                              0x08002229   Thumb Code    70  stm32l1xx_tim.o(.text)
    TIM_OC3Init                              0x0800226f   Thumb Code    66  stm32l1xx_tim.o(.text)
    TIM_OC4Init                              0x080022b1   Thumb Code    70  stm32l1xx_tim.o(.text)
    TIM_OCStructInit                         0x080022f7   Thumb Code    12  stm32l1xx_tim.o(.text)
    TIM_SelectOCxM                           0x08002303   Thumb Code    82  stm32l1xx_tim.o(.text)
    TIM_SetCompare1                          0x08002355   Thumb Code     4  stm32l1xx_tim.o(.text)
    TIM_SetCompare2                          0x08002359   Thumb Code     4  stm32l1xx_tim.o(.text)
    TIM_SetCompare3                          0x0800235d   Thumb Code     4  stm32l1xx_tim.o(.text)
    TIM_SetCompare4                          0x08002361   Thumb Code     4  stm32l1xx_tim.o(.text)
    TIM_ForcedOC1Config                      0x08002365   Thumb Code    18  stm32l1xx_tim.o(.text)
    TIM_ForcedOC2Config                      0x08002377   Thumb Code    26  stm32l1xx_tim.o(.text)
    TIM_ForcedOC3Config                      0x08002391   Thumb Code    18  stm32l1xx_tim.o(.text)
    TIM_ForcedOC4Config                      0x080023a3   Thumb Code    26  stm32l1xx_tim.o(.text)
    TIM_OC1PreloadConfig                     0x080023bd   Thumb Code    18  stm32l1xx_tim.o(.text)
    TIM_OC2PreloadConfig                     0x080023cf   Thumb Code    26  stm32l1xx_tim.o(.text)
    TIM_OC3PreloadConfig                     0x080023e9   Thumb Code    18  stm32l1xx_tim.o(.text)
    TIM_OC4PreloadConfig                     0x080023fb   Thumb Code    58  stm32l1xx_tim.o(.text)
    TIM_OC1FastConfig                        0x08002435   Thumb Code    18  stm32l1xx_tim.o(.text)
    TIM_OC2FastConfig                        0x08002447   Thumb Code    26  stm32l1xx_tim.o(.text)
    TIM_OC3FastConfig                        0x08002461   Thumb Code    18  stm32l1xx_tim.o(.text)
    TIM_OC4FastConfig                        0x08002473   Thumb Code    26  stm32l1xx_tim.o(.text)
    TIM_ClearOC1Ref                          0x0800248d   Thumb Code    18  stm32l1xx_tim.o(.text)
    TIM_ClearOC2Ref                          0x0800249f   Thumb Code    24  stm32l1xx_tim.o(.text)
    TIM_ClearOC3Ref                          0x080024b7   Thumb Code    18  stm32l1xx_tim.o(.text)
    TIM_ClearOC4Ref                          0x080024c9   Thumb Code    24  stm32l1xx_tim.o(.text)
    TIM_OC1PolarityConfig                    0x080024e1   Thumb Code    18  stm32l1xx_tim.o(.text)
    TIM_OC2PolarityConfig                    0x080024f3   Thumb Code    26  stm32l1xx_tim.o(.text)
    TIM_OC3PolarityConfig                    0x0800250d   Thumb Code    26  stm32l1xx_tim.o(.text)
    TIM_OC4PolarityConfig                    0x08002527   Thumb Code    26  stm32l1xx_tim.o(.text)
    TIM_SelectOCREFClear                     0x08002541   Thumb Code    18  stm32l1xx_tim.o(.text)
    TIM_CCxCmd                               0x08002553   Thumb Code    30  stm32l1xx_tim.o(.text)
    TIM_SetIC4Prescaler                      0x08002571   Thumb Code    26  stm32l1xx_tim.o(.text)
    TIM_SetIC3Prescaler                      0x080025db   Thumb Code    18  stm32l1xx_tim.o(.text)
    TIM_SetIC2Prescaler                      0x08002635   Thumb Code    26  stm32l1xx_tim.o(.text)
    TIM_SetIC1Prescaler                      0x0800269f   Thumb Code    18  stm32l1xx_tim.o(.text)
    TIM_ICInit                               0x080026eb   Thumb Code   110  stm32l1xx_tim.o(.text)
    TIM_ICStructInit                         0x08002759   Thumb Code    18  stm32l1xx_tim.o(.text)
    TIM_PWMIConfig                           0x0800276b   Thumb Code   124  stm32l1xx_tim.o(.text)
    TIM_GetCapture1                          0x080027e7   Thumb Code     6  stm32l1xx_tim.o(.text)
    TIM_GetCapture2                          0x080027ed   Thumb Code     6  stm32l1xx_tim.o(.text)
    TIM_GetCapture3                          0x080027f3   Thumb Code     6  stm32l1xx_tim.o(.text)
    TIM_GetCapture4                          0x080027f9   Thumb Code     6  stm32l1xx_tim.o(.text)
    TIM_ITConfig                             0x080027ff   Thumb Code    18  stm32l1xx_tim.o(.text)
    TIM_GenerateEvent                        0x08002811   Thumb Code     4  stm32l1xx_tim.o(.text)
    TIM_GetFlagStatus                        0x08002815   Thumb Code    18  stm32l1xx_tim.o(.text)
    TIM_ClearFlag                            0x08002827   Thumb Code     6  stm32l1xx_tim.o(.text)
    TIM_GetITStatus                          0x0800282d   Thumb Code    34  stm32l1xx_tim.o(.text)
    TIM_ClearITPendingBit                    0x0800284f   Thumb Code     6  stm32l1xx_tim.o(.text)
    TIM_DMAConfig                            0x08002855   Thumb Code    10  stm32l1xx_tim.o(.text)
    TIM_DMACmd                               0x0800285f   Thumb Code    18  stm32l1xx_tim.o(.text)
    TIM_SelectCCDMA                          0x08002871   Thumb Code    24  stm32l1xx_tim.o(.text)
    TIM_InternalClockConfig                  0x08002889   Thumb Code    12  stm32l1xx_tim.o(.text)
    TIM_SelectInputTrigger                   0x08002895   Thumb Code    18  stm32l1xx_tim.o(.text)
    TIM_ITRxExternalClockConfig              0x080028a7   Thumb Code    24  stm32l1xx_tim.o(.text)
    TIM_TIxExternalClockConfig               0x080028bf   Thumb Code    62  stm32l1xx_tim.o(.text)
    TIM_ETRConfig                            0x080028fd   Thumb Code    28  stm32l1xx_tim.o(.text)
    TIM_ETRClockMode1Config                  0x08002919   Thumb Code    54  stm32l1xx_tim.o(.text)
    TIM_ETRClockMode2Config                  0x0800294f   Thumb Code    32  stm32l1xx_tim.o(.text)
    TIM_SelectOutputTrigger                  0x0800296f   Thumb Code    18  stm32l1xx_tim.o(.text)
    TIM_SelectSlaveMode                      0x08002981   Thumb Code    18  stm32l1xx_tim.o(.text)
    TIM_SelectMasterSlaveMode                0x08002993   Thumb Code    18  stm32l1xx_tim.o(.text)
    TIM_EncoderInterfaceConfig               0x080029a5   Thumb Code    66  stm32l1xx_tim.o(.text)
    TIM_SelectHallSensor                     0x080029e7   Thumb Code    24  stm32l1xx_tim.o(.text)
    TIM_RemapConfig                          0x080029ff   Thumb Code    22  stm32l1xx_tim.o(.text)
    SystemInit                               0x08002b0d   Thumb Code    88  system_stm32l1xx.o(.text)
    SystemCoreClockUpdate                    0x08002b65   Thumb Code   204  system_stm32l1xx.o(.text)
    I2C_Stop                                 0x08002c5d   Thumb Code    28  oled.o(.text)
    I2C_Ack                                  0x08002c79   Thumb Code    28  oled.o(.text)
    I2C_WriteBit                             0x08002c95   Thumb Code    72  oled.o(.text)
    I2C_Start                                0x08002cdd   Thumb Code    36  oled.o(.text)
    OLED_Refresh_Gram                        0x08002d01   Thumb Code    72  oled.o(.text)
    OLED_Clear                               0x08002d49   Thumb Code    42  oled.o(.text)
    OLED_WR_Byte                             0x08002d73   Thumb Code    56  oled.o(.text)
    OLED_Init                                0x08002dab   Thumb Code   398  oled.o(.text)
    OLED_Display_On                          0x08002f39   Thumb Code    28  oled.o(.text)
    OLED_Display_Off                         0x08002f55   Thumb Code    28  oled.o(.text)
    OLED_DrawPoint                           0x08002f71   Thumb Code    92  oled.o(.text)
    OLED_Fill                                0x08002fcd   Thumb Code    58  oled.o(.text)
    OLED_ShowChar                            0x08003007   Thumb Code   180  oled.o(.text)
    oled_pow                                 0x080030bb   Thumb Code    22  oled.o(.text)
    OLED_ShowNum                             0x080030d1   Thumb Code   148  oled.o(.text)
    OLED_ShowString                          0x08003165   Thumb Code    68  oled.o(.text)
    RTC_Set_Date                             0x080031a9   Thumb Code    36  rtc.o(.text)
    RTC_Set_Time                             0x080031cd   Thumb Code    36  rtc.o(.text)
    RTC_Config_Init                          0x080031f1   Thumb Code   144  rtc.o(.text)
    RTC_Set_WakeUp                           0x08003281   Thumb Code   114  rtc.o(.text)
    RTC_Get                                  0x080032f3   Thumb Code    64  rtc.o(.text)
    RTC_WKUP_IRQHandler                      0x08003333   Thumb Code   166  rtc.o(.text)
    TIM4_Set                                 0x080033dd   Thumb Code    34  uart1.o(.text)
    TIM4_Init                                0x080033ff   Thumb Code    80  uart1.o(.text)
    UART1_DMA_Config                         0x0800344f   Thumb Code    72  uart1.o(.text)
    USART1_Init                              0x08003497   Thumb Code   244  uart1.o(.text)
    UART1_DMA_Enable                         0x0800358b   Thumb Code    32  uart1.o(.text)
    u1_printf                                0x080035ab   Thumb Code    56  uart1.o(.text)
    TIM4_IRQHandler                          0x080035e3   Thumb Code    40  uart1.o(.text)
    USART1_IRQHandler                        0x0800360b   Thumb Code    82  uart1.o(.text)
    TIM3_Set                                 0x08003679   Thumb Code    34  uart2.o(.text)
    TIM3_Init                                0x0800369b   Thumb Code    80  uart2.o(.text)
    UART2_DMA_Config                         0x080036eb   Thumb Code    72  uart2.o(.text)
    USART2_Init                              0x08003733   Thumb Code   244  uart2.o(.text)
    UART2_DMA_Enable                         0x08003827   Thumb Code    32  uart2.o(.text)
    u2_printf                                0x08003847   Thumb Code    56  uart2.o(.text)
    TIM3_IRQHandler                          0x0800387f   Thumb Code    40  uart2.o(.text)
    USART2_IRQHandler                        0x080038a7   Thumb Code    82  uart2.o(.text)
    vListInitialise                          0x08003915   Thumb Code    26  list.o(.text)
    vListInitialiseItem                      0x0800392f   Thumb Code     6  list.o(.text)
    vListInsertEnd                           0x08003935   Thumb Code    28  list.o(.text)
    vListInsert                              0x08003951   Thumb Code    52  list.o(.text)
    vListRemove                              0x08003985   Thumb Code    36  list.o(.text)
    xTaskGenericCreate                       0x08003a69   Thumb Code   240  tasks.o(.text)
    vTaskIncrementTick                       0x08003b59   Thumb Code   228  tasks.o(.text)
    xTaskResumeAll                           0x08003c3d   Thumb Code   188  tasks.o(.text)
    vTaskSuspendAll                          0x08003d37   Thumb Code    12  tasks.o(.text)
    vTaskDelayUntil                          0x08003d43   Thumb Code   186  tasks.o(.text)
    vTaskDelay                               0x08003dfd   Thumb Code    48  tasks.o(.text)
    uxTaskPriorityGet                        0x08003e2d   Thumb Code    30  tasks.o(.text)
    vTaskPrioritySet                         0x08003e4b   Thumb Code   160  tasks.o(.text)
    vTaskSwitchContext                       0x08003eeb   Thumb Code    92  tasks.o(.text)
    vTaskSuspend                             0x08003f47   Thumb Code   100  tasks.o(.text)
    xTaskIsTaskSuspended                     0x08003fab   Thumb Code    60  tasks.o(.text)
    vTaskResume                              0x08003fe7   Thumb Code    92  tasks.o(.text)
    xTaskResumeFromISR                       0x08004043   Thumb Code   114  tasks.o(.text)
    vTaskStartScheduler                      0x080040cb   Thumb Code    52  tasks.o(.text)
    vTaskEndScheduler                        0x080040ff   Thumb Code    18  tasks.o(.text)
    xTaskGetTickCount                        0x08004111   Thumb Code    18  tasks.o(.text)
    xTaskGetTickCountFromISR                 0x08004123   Thumb Code    20  tasks.o(.text)
    uxTaskGetNumberOfTasks                   0x08004137   Thumb Code     6  tasks.o(.text)
    vTaskPlaceOnEventList                    0x0800413d   Thumb Code    60  tasks.o(.text)
    xTaskRemoveFromEventList                 0x08004179   Thumb Code    96  tasks.o(.text)
    vTaskSetTimeOutState                     0x080041d9   Thumb Code    72  tasks.o(.text)
    xTaskCheckForTimeOut                     0x08004221   Thumb Code    92  tasks.o(.text)
    vTaskMissedYield                         0x0800427d   Thumb Code     8  tasks.o(.text)
    uxTaskGetStackHighWaterMark              0x0800429b   Thumb Code    34  tasks.o(.text)
    xTaskGetCurrentTaskHandle                0x080042bd   Thumb Code     6  tasks.o(.text)
    vTaskPriorityInherit                     0x080042c3   Thumb Code   116  tasks.o(.text)
    vTaskPriorityDisinherit                  0x08004337   Thumb Code    70  tasks.o(.text)
    pvPortMalloc                             0x08004395   Thumb Code   194  heap_2.o(.text)
    vPortFree                                0x08004457   Thumb Code    56  heap_2.o(.text)
    xPortGetFreeHeapSize                     0x0800448f   Thumb Code     6  heap_2.o(.text)
    vPortInitialiseBlocks                    0x08004495   Thumb Code     2  heap_2.o(.text)
    pxPortInitialiseStack                    0x080044ad   Thumb Code    26  port.o(.text)
    xPortStartScheduler                      0x080044d7   Thumb Code    42  port.o(.text)
    vPortEndScheduler                        0x08004501   Thumb Code     2  port.o(.text)
    vPortYieldFromISR                        0x08004503   Thumb Code    12  port.o(.text)
    vPortEnterCritical                       0x0800450f   Thumb Code    18  port.o(.text)
    vPortExitCritical                        0x08004521   Thumb Code    24  port.o(.text)
    xPortSysTickHandler                      0x08004539   Thumb Code    28  port.o(.text)
    __aeabi_memset                           0x0800455d   Thumb Code    14  memseta.o(.text)
    __aeabi_memset4                          0x0800455d   Thumb Code     0  memseta.o(.text)
    __aeabi_memset8                          0x0800455d   Thumb Code     0  memseta.o(.text)
    __aeabi_memclr                           0x0800456b   Thumb Code     4  memseta.o(.text)
    __aeabi_memclr4                          0x0800456b   Thumb Code     0  memseta.o(.text)
    __aeabi_memclr8                          0x0800456b   Thumb Code     0  memseta.o(.text)
    _memset$wrapper                          0x0800456f   Thumb Code    18  memseta.o(.text)
    strncpy                                  0x08004581   Thumb Code    24  strncpy.o(.text)
    strlen                                   0x08004599   Thumb Code    14  strlen.o(.text)
    __aeabi_uidiv                            0x080045a7   Thumb Code     0  uidiv.o(.text)
    __aeabi_uidivmod                         0x080045a7   Thumb Code    44  uidiv.o(.text)
    __aeabi_uldivmod                         0x080045d3   Thumb Code    98  uldiv.o(.text)
    __I$use$fp                               0x08004635   Thumb Code     0  iusefp.o(.text)
    __aeabi_dadd                             0x08004635   Thumb Code   322  dadd.o(.text)
    __aeabi_dsub                             0x08004777   Thumb Code     6  dadd.o(.text)
    __aeabi_drsub                            0x0800477d   Thumb Code     6  dadd.o(.text)
    __aeabi_dmul                             0x08004783   Thumb Code   228  dmul.o(.text)
    __aeabi_ddiv                             0x08004867   Thumb Code   222  ddiv.o(.text)
    __aeabi_d2ulz                            0x08004945   Thumb Code    48  dfixul.o(.text)
    __aeabi_cdrcmple                         0x08004975   Thumb Code    38  cdrcmple.o(.text)
    __scatterload                            0x0800499d   Thumb Code    28  init.o(.text)
    __scatterload_rt2                        0x0800499d   Thumb Code     0  init.o(.text)
    __aeabi_llsl                             0x080049c1   Thumb Code    30  llshl.o(.text)
    _ll_shift_l                              0x080049c1   Thumb Code     0  llshl.o(.text)
    __aeabi_llsr                             0x080049df   Thumb Code    32  llushr.o(.text)
    _ll_ushift_r                             0x080049df   Thumb Code     0  llushr.o(.text)
    __aeabi_lasr                             0x080049ff   Thumb Code    36  llsshr.o(.text)
    _ll_sshift_r                             0x080049ff   Thumb Code     0  llsshr.o(.text)
    _double_round                            0x08004a23   Thumb Code    26  depilogue.o(.text)
    _double_epilogue                         0x08004a3d   Thumb Code   164  depilogue.o(.text)
    __0vsprintf                              0x08004ae1   Thumb Code    30  printfa.o(i.__0vsprintf)
    __1vsprintf                              0x08004ae1   Thumb Code     0  printfa.o(i.__0vsprintf)
    __2vsprintf                              0x08004ae1   Thumb Code     0  printfa.o(i.__0vsprintf)
    __c89vsprintf                            0x08004ae1   Thumb Code     0  printfa.o(i.__0vsprintf)
    vsprintf                                 0x08004ae1   Thumb Code     0  printfa.o(i.__0vsprintf)
    __scatterload_copy                       0x08004b05   Thumb Code    14  handlers.o(i.__scatterload_copy)
    __scatterload_null                       0x08004b13   Thumb Code     2  handlers.o(i.__scatterload_null)
    __scatterload_zeroinit                   0x08004b15   Thumb Code    14  handlers.o(i.__scatterload_zeroinit)
    oled_asc2_1206                           0x080053d0   Data        1140  oled.o(.constdata)
    oled_asc2_1608                           0x08005844   Data        1520  oled.o(.constdata)
    Region$$Table$$Base                      0x08005e34   Number         0  anon$$obj.o(Region$$Table)
    Region$$Table$$Limit                     0x08005e54   Number         0  anon$$obj.o(Region$$Table)
    SystemCoreClock                          0x2000001c   Data           4  system_stm32l1xx.o(.data)
    PLLMulTable                              0x20000020   Data           9  system_stm32l1xx.o(.data)
    AHBPrescTable                            0x20000029   Data          16  system_stm32l1xx.o(.data)
    USART1_RX_STA                            0x2000003a   Data           2  uart1.o(.data)
    USART2_RX_STA                            0x2000003c   Data           2  uart2.o(.data)
    pxCurrentTCB                             0x20000040   Data           4  tasks.o(.data)
    OLED_GRAM                                0x20000094   Data         512  oled.o(.bss)
    calendar                                 0x20000294   Data          10  rtc.o(.bss)
    USART1_TX_BUF                            0x200002a0   Data         200  uart1.o(.bss)
    USART1_RX_BUF                            0x20000368   Data         200  uart1.o(.bss)
    USART2_TX_BUF                            0x20000430   Data         200  uart2.o(.bss)
    USART2_RX_BUF                            0x200004f8   Data         200  uart2.o(.bss)
    __initial_sp                             0x20002260   Data           0  startup_stm32l1xx_md.o(STACK)



==============================================================================

Memory Map of the image

  Image Entry point : 0x08000195

  Load Region LR_1 (Base: 0x08000000, Size: 0x00005ee8, Max: 0xffffffff, ABSOLUTE)

    Execution Region ER_RO (Base: 0x08000000, Size: 0x00005e54, Max: 0xffffffff, ABSOLUTE)

    Base Addr    Size         Type   Attr      Idx    E Section Name        Object

    0x08000000   0x000000f4   Data   RO            3    RESET               startup_stm32l1xx_md.o
    0x080000f4   0x00000000   Code   RO          799  * .ARM.Collect$$$$00000000  mc_w.l(entry.o)
    0x080000f4   0x00000004   Code   RO          844    .ARM.Collect$$$$00000001  mc_w.l(entry2.o)
    0x080000f8   0x00000004   Code   RO          847    .ARM.Collect$$$$00000004  mc_w.l(entry5.o)
    0x080000fc   0x00000000   Code   RO          849    .ARM.Collect$$$$00000008  mc_w.l(entry7b.o)
    0x080000fc   0x00000000   Code   RO          851    .ARM.Collect$$$$0000000A  mc_w.l(entry8b.o)
    0x080000fc   0x00000008   Code   RO          852    .ARM.Collect$$$$0000000B  mc_w.l(entry9a.o)
    0x08000104   0x00000000   Code   RO          854    .ARM.Collect$$$$0000000D  mc_w.l(entry10a.o)
    0x08000104   0x00000000   Code   RO          856    .ARM.Collect$$$$0000000F  mc_w.l(entry11a.o)
    0x08000104   0x00000004   Code   RO          845    .ARM.Collect$$$$00002712  mc_w.l(entry2.o)
    0x08000108   0x0000008c   Code   RO          717    .emb_text           port.o
    0x08000194   0x00000024   Code   RO            4  * .text               startup_stm32l1xx_md.o
    0x080001b8   0x00000088   Code   RO           12    .text               main.o
    0x08000240   0x0000002c   Code   RO          186    .text               stm32l1xx_it.o
    0x0800026c   0x0000023c   Code   RO          209    .text               stm32l1xx_gpio.o
    0x080004a8   0x00000490   Code   RO          229    .text               stm32l1xx_rcc.o
    0x08000938   0x000003f8   Code   RO          251    .text               stm32l1xx_usart.o
    0x08000d30   0x000000e4   Code   RO          271    .text               misc.o
    0x08000e14   0x0000010c   Code   RO          291    .text               stm32l1xx_exti.o
    0x08000f20   0x00000d40   Code   RO          311    .text               stm32l1xx_rtc.o
    0x08001c60   0x00000158   Code   RO          331    .text               stm32l1xx_pwr.o
    0x08001db8   0x00000250   Code   RO          371    .text               stm32l1xx_dma.o
    0x08002008   0x00000a0c   Code   RO          391    .text               stm32l1xx_tim.o
    0x08002a14   0x00000248   Code   RO          411    .text               system_stm32l1xx.o
    0x08002c5c   0x0000054c   Code   RO          447    .text               oled.o
    0x080031a8   0x00000234   Code   RO          500    .text               rtc.o
    0x080033dc   0x0000029c   Code   RO          575    .text               uart1.o
    0x08003678   0x0000029c   Code   RO          612    .text               uart2.o
    0x08003914   0x00000094   Code   RO          637    .text               list.o
    0x080039a8   0x000009ec   Code   RO          670    .text               tasks.o
    0x08004394   0x00000118   Code   RO          702    .text               heap_2.o
    0x080044ac   0x000000b0   Code   RO          718    .text               port.o
    0x0800455c   0x00000024   Code   RO          804    .text               mc_w.l(memseta.o)
    0x08004580   0x00000018   Code   RO          806    .text               mc_w.l(strncpy.o)
    0x08004598   0x0000000e   Code   RO          808    .text               mc_w.l(strlen.o)
    0x080045a6   0x0000002c   Code   RO          861    .text               mc_w.l(uidiv.o)
    0x080045d2   0x00000062   Code   RO          863    .text               mc_w.l(uldiv.o)
    0x08004634   0x00000000   Code   RO          865    .text               mc_w.l(iusefp.o)
    0x08004634   0x0000014e   Code   RO          866    .text               mf_w.l(dadd.o)
    0x08004782   0x000000e4   Code   RO          868    .text               mf_w.l(dmul.o)
    0x08004866   0x000000de   Code   RO          870    .text               mf_w.l(ddiv.o)
    0x08004944   0x00000030   Code   RO          872    .text               mf_w.l(dfixul.o)
    0x08004974   0x00000028   Code   RO          874    .text               mf_w.l(cdrcmple.o)
    0x0800499c   0x00000024   Code   RO          876    .text               mc_w.l(init.o)
    0x080049c0   0x0000001e   Code   RO          879    .text               mc_w.l(llshl.o)
    0x080049de   0x00000020   Code   RO          881    .text               mc_w.l(llushr.o)
    0x080049fe   0x00000024   Code   RO          883    .text               mc_w.l(llsshr.o)
    0x08004a22   0x000000be   Code   RO          886    .text               mf_w.l(depilogue.o)
    0x08004ae0   0x00000024   Code   RO          823    i.__0vsprintf       mc_w.l(printfa.o)
    0x08004b04   0x0000000e   Code   RO          890    i.__scatterload_copy  mc_w.l(handlers.o)
    0x08004b12   0x00000002   Code   RO          891    i.__scatterload_null  mc_w.l(handlers.o)
    0x08004b14   0x0000000e   Code   RO          892    i.__scatterload_zeroinit  mc_w.l(handlers.o)
    0x08004b22   0x00000002   PAD
    0x08004b24   0x0000015c   Code   RO          824    i._fp_digits        mc_w.l(printfa.o)
    0x08004c80   0x000006f0   Code   RO          825    i._printf_core      mc_w.l(printfa.o)
    0x08005370   0x00000026   Code   RO          826    i._printf_post_padding  mc_w.l(printfa.o)
    0x08005396   0x00000030   Code   RO          827    i._printf_pre_padding  mc_w.l(printfa.o)
    0x080053c6   0x0000000a   Code   RO          829    i._sputc            mc_w.l(printfa.o)
    0x080053d0   0x00000a64   Data   RO          449    .constdata          oled.o
    0x08005e34   0x00000020   Data   RO          888    Region$$Table       anon$$obj.o


    Execution Region ER_RW (Base: 0x20000000, Size: 0x00000094, Max: 0xffffffff, ABSOLUTE)

    Base Addr    Size         Type   Attr      Idx    E Section Name        Object

    0x20000000   0x00000019   Data   RW          230    .data               stm32l1xx_rcc.o
    0x20000019   0x00000003   PAD
    0x2000001c   0x0000001d   Data   RW          412    .data               system_stm32l1xx.o
    0x20000039   0x00000001   PAD
    0x2000003a   0x00000002   Data   RW          577    .data               uart1.o
    0x2000003c   0x00000002   Data   RW          614    .data               uart2.o
    0x2000003e   0x00000002   PAD
    0x20000040   0x00000038   Data   RW          672    .data               tasks.o
    0x20000078   0x00000018   Data   RW          704    .data               heap_2.o
    0x20000090   0x00000004   Data   RW          719    .data               port.o


    Execution Region ER_ZI (Base: 0x20000094, Size: 0x000021cc, Max: 0xffffffff, ABSOLUTE)

    Base Addr    Size         Type   Attr      Idx    E Section Name        Object

    0x20000094   0x00000200   Zero   RW          448    .bss                oled.o
    0x20000294   0x0000000a   Zero   RW          501    .bss                rtc.o
    0x2000029e   0x00000002   PAD
    0x200002a0   0x00000190   Zero   RW          576    .bss                uart1.o
    0x20000430   0x00000190   Zero   RW          613    .bss                uart2.o
    0x200005c0   0x000000a0   Zero   RW          671    .bss                tasks.o
    0x20000660   0x00001800   Zero   RW          703    .bss                heap_2.o
    0x20001e60   0x00000400   Zero   RW            1    STACK               startup_stm32l1xx_md.o


==============================================================================

Image component sizes


      Code (inc. data)   RO Data    RW Data    ZI Data      Debug   Object Name

       280         22          0         24       6144       3412   heap_2.o
       148          0          0          0          0       3053   list.o
       136         10          0          0          0     252245   main.o
       228         22          0          0          0       1733   misc.o
      1356         22       2660          0        512       5378   oled.o
       316         20          0          4          0       2525   port.o
       564          4          0          0         10       2758   rtc.o
        36          8        244          0       1024        820   startup_stm32l1xx_md.o
       592          8          0          0          0       4266   stm32l1xx_dma.o
       268          4          0          0          0       2131   stm32l1xx_exti.o
       572         32          0          0          0       3809   stm32l1xx_gpio.o
        44          6          0          0          0       1242   stm32l1xx_it.o
       344         14          0          0          0       3916   stm32l1xx_pwr.o
      1168         40          0         25          0       9329   stm32l1xx_rcc.o
      3392         46          0          0          0      14403   stm32l1xx_rtc.o
      2572         32          0          0          0      19900   stm32l1xx_tim.o
      1016         20          0          0          0       7512   stm32l1xx_usart.o
       584         44          0         29          0       1727   system_stm32l1xx.o
      2540        158          0         56        160      12329   tasks.o
       668         28          0          2        400       3575   uart1.o
       668         28          0          2        400       3035   uart2.o

    ----------------------------------------------------------------------
     17492        568       2936        148       8652     359098   Object Totals
         0          0         32          0          0          0   (incl. Generated)
         0          0          0          6          2          0   (incl. Padding)

    ----------------------------------------------------------------------

      Code (inc. data)   RO Data    RW Data    ZI Data      Debug   Library Member Name

         0          0          0          0          0          0   entry.o
         0          0          0          0          0          0   entry10a.o
         0          0          0          0          0          0   entry11a.o
         8          4          0          0          0          0   entry2.o
         4          0          0          0          0          0   entry5.o
         0          0          0          0          0          0   entry7b.o
         0          0          0          0          0          0   entry8b.o
         8          4          0          0          0          0   entry9a.o
        30          0          0          0          0          0   handlers.o
        36          8          0          0          0         68   init.o
         0          0          0          0          0          0   iusefp.o
        30          0          0          0          0         68   llshl.o
        36          0          0          0          0         68   llsshr.o
        32          0          0          0          0         68   llushr.o
        36          0          0          0          0        108   memseta.o
      2256         86          0          0          0        508   printfa.o
        14          0          0          0          0         68   strlen.o
        24          0          0          0          0         76   strncpy.o
        44          0          0          0          0         80   uidiv.o
        98          0          0          0          0         92   uldiv.o
        40          2          0          0          0         68   cdrcmple.o
       334          0          0          0          0        148   dadd.o
       222          0          0          0          0        100   ddiv.o
       190          0          0          0          0        176   depilogue.o
        48          0          0          0          0         68   dfixul.o
       228          0          0          0          0         96   dmul.o

    ----------------------------------------------------------------------
      3720        104          0          0          0       1860   Library Totals
         2          0          0          0          0          0   (incl. Padding)

    ----------------------------------------------------------------------

      Code (inc. data)   RO Data    RW Data    ZI Data      Debug   Library Name

      2656        102          0          0          0       1204   mc_w.l
      1062          2          0          0          0        656   mf_w.l

    ----------------------------------------------------------------------
      3720        104          0          0          0       1860   Library Totals

    ----------------------------------------------------------------------

==============================================================================


      Code (inc. data)   RO Data    RW Data    ZI Data      Debug   

     21212        672       2936        148       8652     357578   Grand Totals
     21212        672       2936        148       8652     357578   ELF Image Totals
     21212        672       2936        148          0          0   ROM Totals

==============================================================================

    Total RO  Size (Code + RO Data)                24148 (  23.58kB)
    Total RW  Size (RW Data + ZI Data)              8800 (   8.59kB)
    Total ROM Size (Code + RO Data + RW Data)      24296 (  23.73kB)

==============================================================================

