<html>
<body>
<pre>
<h1>µVision Build Log</h1>
<h2>Project:</h2>
C:\Users\zero\Desktop\code\me\TEST_OLED\USER\USART.uvproj
Project File Date:  04/08/2015

<h2>Output:</h2>
Build target 'USART-test'
compiling main.c...
compiling OLED.c...
linking...
Program Size: Code=3942 RO-data=2938 RW-data=60 ZI-data=1540  
FromELF: creating hex file...
"..\OUT\USART-test.axf" - 0 Error(s), 0 Warning(s).
Load "..\\OUT\\USART-test.axf" 
Erase Done.
Programming Done.
Verify OK.
Application running ...
</pre>
</body>
</html>
