<html>
<body>
<pre>
<h1>µVision Build Log</h1>
<h2>Project:</h2>
C:\Users\zero\Desktop\301´úÂë\Íø¹Ø code--STM32L1\me\TEST_OLED_KEY_FreeRTOS_OK\USER\USART.uvproj
Project File Date:  04/09/2015

<h2>Output:</h2>
Build target 'USART-test'
linking...
Program Size: Code=7666 RO-data=2938 RW-data=144 ZI-data=7840  
FromELF: creating hex file...
"..\OUT\USART-test.axf" - 0 Error(s), 0 Warning(s).
Load "..\\OUT\\USART-test.axf" 
Erase Done.
Programming Done.
Verify OK.
Application running ...
</pre>
</body>
</html>
g KEY.c...
compiling list.c...
compiling queue.c...
compiling tasks.c...
compiling heap_2.c...
compiling port.c...
linking...
Program Size: Code=7666 RO-data=2938 RW-data=144 ZI-data=7840  
FromELF: creating hex file...
"..\OUT\USART-test.axf" - 0 Error(s), 0 Warning(s).
Load "..\\OUT\\USART-test.axf" 
Erase Failed!
Error: Flash Download failed  -  "Cortex-M3"
